ARM GAS  /tmp/cc1Q2paH.s 			page 1


   1              		.cpu cortex-m0
   2              		.arch armv6s-m
   3              		.fpu softvfp
   4              		.eabi_attribute 20, 1
   5              		.eabi_attribute 21, 1
   6              		.eabi_attribute 23, 3
   7              		.eabi_attribute 24, 1
   8              		.eabi_attribute 25, 1
   9              		.eabi_attribute 26, 1
  10              		.eabi_attribute 30, 1
  11              		.eabi_attribute 34, 0
  12              		.eabi_attribute 18, 4
  13              		.file	"stm32f0xx_hal_exti.c"
  14              		.text
  15              	.Ltext0:
  16              		.cfi_sections	.debug_frame
  17              		.file 1 "Drivers/STM32F0xx_HAL_Driver/Src/stm32f0xx_hal_exti.c"
  18              		.section	.text.HAL_EXTI_SetConfigLine,"ax",%progbits
  19              		.align	1
  20              		.global	HAL_EXTI_SetConfigLine
  21              		.syntax unified
  22              		.code	16
  23              		.thumb_func
  25              	HAL_EXTI_SetConfigLine:
  26              	.LVL0:
  27              	.LFB40:
   1:Drivers/STM32F0xx_HAL_Driver/Src/stm32f0xx_hal_exti.c **** /**
   2:Drivers/STM32F0xx_HAL_Driver/Src/stm32f0xx_hal_exti.c ****   ******************************************************************************
   3:Drivers/STM32F0xx_HAL_Driver/Src/stm32f0xx_hal_exti.c ****   * @file    stm32f0xx_hal_exti.c
   4:Drivers/STM32F0xx_HAL_Driver/Src/stm32f0xx_hal_exti.c ****   * @author  MCD Application Team
   5:Drivers/STM32F0xx_HAL_Driver/Src/stm32f0xx_hal_exti.c ****   * @brief   EXTI HAL module driver.
   6:Drivers/STM32F0xx_HAL_Driver/Src/stm32f0xx_hal_exti.c ****   *          This file provides firmware functions to manage the following
   7:Drivers/STM32F0xx_HAL_Driver/Src/stm32f0xx_hal_exti.c ****   *          functionalities of the Extended Interrupts and events controller (EXTI) peripheral:
   8:Drivers/STM32F0xx_HAL_Driver/Src/stm32f0xx_hal_exti.c ****   *           + Initialization and de-initialization functions
   9:Drivers/STM32F0xx_HAL_Driver/Src/stm32f0xx_hal_exti.c ****   *           + IO operation functions
  10:Drivers/STM32F0xx_HAL_Driver/Src/stm32f0xx_hal_exti.c ****   *
  11:Drivers/STM32F0xx_HAL_Driver/Src/stm32f0xx_hal_exti.c ****   ******************************************************************************
  12:Drivers/STM32F0xx_HAL_Driver/Src/stm32f0xx_hal_exti.c ****   * @attention
  13:Drivers/STM32F0xx_HAL_Driver/Src/stm32f0xx_hal_exti.c ****   *
  14:Drivers/STM32F0xx_HAL_Driver/Src/stm32f0xx_hal_exti.c ****   * Copyright (c) 2019 STMicroelectronics.
  15:Drivers/STM32F0xx_HAL_Driver/Src/stm32f0xx_hal_exti.c ****   * All rights reserved.
  16:Drivers/STM32F0xx_HAL_Driver/Src/stm32f0xx_hal_exti.c ****   *
  17:Drivers/STM32F0xx_HAL_Driver/Src/stm32f0xx_hal_exti.c ****   * This software is licensed under terms that can be found in the LICENSE file
  18:Drivers/STM32F0xx_HAL_Driver/Src/stm32f0xx_hal_exti.c ****   * in the root directory of this software component.
  19:Drivers/STM32F0xx_HAL_Driver/Src/stm32f0xx_hal_exti.c ****   * If no LICENSE file comes with this software, it is provided AS-IS.
  20:Drivers/STM32F0xx_HAL_Driver/Src/stm32f0xx_hal_exti.c ****   *
  21:Drivers/STM32F0xx_HAL_Driver/Src/stm32f0xx_hal_exti.c ****   ******************************************************************************
  22:Drivers/STM32F0xx_HAL_Driver/Src/stm32f0xx_hal_exti.c ****   @verbatim
  23:Drivers/STM32F0xx_HAL_Driver/Src/stm32f0xx_hal_exti.c ****   ==============================================================================
  24:Drivers/STM32F0xx_HAL_Driver/Src/stm32f0xx_hal_exti.c ****                     ##### EXTI Peripheral features #####
  25:Drivers/STM32F0xx_HAL_Driver/Src/stm32f0xx_hal_exti.c ****   ==============================================================================
  26:Drivers/STM32F0xx_HAL_Driver/Src/stm32f0xx_hal_exti.c ****   [..]
  27:Drivers/STM32F0xx_HAL_Driver/Src/stm32f0xx_hal_exti.c ****     (+) Each Exti line can be configured within this driver.
  28:Drivers/STM32F0xx_HAL_Driver/Src/stm32f0xx_hal_exti.c **** 
  29:Drivers/STM32F0xx_HAL_Driver/Src/stm32f0xx_hal_exti.c ****     (+) Exti line can be configured in 3 different modes
  30:Drivers/STM32F0xx_HAL_Driver/Src/stm32f0xx_hal_exti.c ****         (++) Interrupt
  31:Drivers/STM32F0xx_HAL_Driver/Src/stm32f0xx_hal_exti.c ****         (++) Event
ARM GAS  /tmp/cc1Q2paH.s 			page 2


  32:Drivers/STM32F0xx_HAL_Driver/Src/stm32f0xx_hal_exti.c ****         (++) Both of them
  33:Drivers/STM32F0xx_HAL_Driver/Src/stm32f0xx_hal_exti.c **** 
  34:Drivers/STM32F0xx_HAL_Driver/Src/stm32f0xx_hal_exti.c ****     (+) Configurable Exti lines can be configured with 3 different triggers
  35:Drivers/STM32F0xx_HAL_Driver/Src/stm32f0xx_hal_exti.c ****         (++) Rising
  36:Drivers/STM32F0xx_HAL_Driver/Src/stm32f0xx_hal_exti.c ****         (++) Falling
  37:Drivers/STM32F0xx_HAL_Driver/Src/stm32f0xx_hal_exti.c ****         (++) Both of them
  38:Drivers/STM32F0xx_HAL_Driver/Src/stm32f0xx_hal_exti.c **** 
  39:Drivers/STM32F0xx_HAL_Driver/Src/stm32f0xx_hal_exti.c ****     (+) When set in interrupt mode, configurable Exti lines have two different
  40:Drivers/STM32F0xx_HAL_Driver/Src/stm32f0xx_hal_exti.c ****         interrupts pending registers which allow to distinguish which transition
  41:Drivers/STM32F0xx_HAL_Driver/Src/stm32f0xx_hal_exti.c ****         occurs:
  42:Drivers/STM32F0xx_HAL_Driver/Src/stm32f0xx_hal_exti.c ****         (++) Rising edge pending interrupt
  43:Drivers/STM32F0xx_HAL_Driver/Src/stm32f0xx_hal_exti.c ****         (++) Falling
  44:Drivers/STM32F0xx_HAL_Driver/Src/stm32f0xx_hal_exti.c **** 
  45:Drivers/STM32F0xx_HAL_Driver/Src/stm32f0xx_hal_exti.c ****     (+) Exti lines 0 to 15 are linked to gpio pin number 0 to 15. Gpio port can
  46:Drivers/STM32F0xx_HAL_Driver/Src/stm32f0xx_hal_exti.c ****         be selected through multiplexer.
  47:Drivers/STM32F0xx_HAL_Driver/Src/stm32f0xx_hal_exti.c **** 
  48:Drivers/STM32F0xx_HAL_Driver/Src/stm32f0xx_hal_exti.c ****                      ##### How to use this driver #####
  49:Drivers/STM32F0xx_HAL_Driver/Src/stm32f0xx_hal_exti.c ****   ==============================================================================
  50:Drivers/STM32F0xx_HAL_Driver/Src/stm32f0xx_hal_exti.c ****   [..]
  51:Drivers/STM32F0xx_HAL_Driver/Src/stm32f0xx_hal_exti.c **** 
  52:Drivers/STM32F0xx_HAL_Driver/Src/stm32f0xx_hal_exti.c ****     (#) Configure the EXTI line using HAL_EXTI_SetConfigLine().
  53:Drivers/STM32F0xx_HAL_Driver/Src/stm32f0xx_hal_exti.c ****         (++) Choose the interrupt line number by setting "Line" member from
  54:Drivers/STM32F0xx_HAL_Driver/Src/stm32f0xx_hal_exti.c ****              EXTI_ConfigTypeDef structure.
  55:Drivers/STM32F0xx_HAL_Driver/Src/stm32f0xx_hal_exti.c ****         (++) Configure the interrupt and/or event mode using "Mode" member from
  56:Drivers/STM32F0xx_HAL_Driver/Src/stm32f0xx_hal_exti.c ****              EXTI_ConfigTypeDef structure.
  57:Drivers/STM32F0xx_HAL_Driver/Src/stm32f0xx_hal_exti.c ****         (++) For configurable lines, configure rising and/or falling trigger
  58:Drivers/STM32F0xx_HAL_Driver/Src/stm32f0xx_hal_exti.c ****              "Trigger" member from EXTI_ConfigTypeDef structure.
  59:Drivers/STM32F0xx_HAL_Driver/Src/stm32f0xx_hal_exti.c ****         (++) For Exti lines linked to gpio, choose gpio port using "GPIOSel"
  60:Drivers/STM32F0xx_HAL_Driver/Src/stm32f0xx_hal_exti.c ****              member from GPIO_InitTypeDef structure.
  61:Drivers/STM32F0xx_HAL_Driver/Src/stm32f0xx_hal_exti.c **** 
  62:Drivers/STM32F0xx_HAL_Driver/Src/stm32f0xx_hal_exti.c ****     (#) Get current Exti configuration of a dedicated line using
  63:Drivers/STM32F0xx_HAL_Driver/Src/stm32f0xx_hal_exti.c ****         HAL_EXTI_GetConfigLine().
  64:Drivers/STM32F0xx_HAL_Driver/Src/stm32f0xx_hal_exti.c ****         (++) Provide exiting handle as parameter.
  65:Drivers/STM32F0xx_HAL_Driver/Src/stm32f0xx_hal_exti.c ****         (++) Provide pointer on EXTI_ConfigTypeDef structure as second parameter.
  66:Drivers/STM32F0xx_HAL_Driver/Src/stm32f0xx_hal_exti.c **** 
  67:Drivers/STM32F0xx_HAL_Driver/Src/stm32f0xx_hal_exti.c ****     (#) Clear Exti configuration of a dedicated line using HAL_EXTI_ClearConfigLine().
  68:Drivers/STM32F0xx_HAL_Driver/Src/stm32f0xx_hal_exti.c ****         (++) Provide exiting handle as parameter.
  69:Drivers/STM32F0xx_HAL_Driver/Src/stm32f0xx_hal_exti.c **** 
  70:Drivers/STM32F0xx_HAL_Driver/Src/stm32f0xx_hal_exti.c ****     (#) Register callback to treat Exti interrupts using HAL_EXTI_RegisterCallback().
  71:Drivers/STM32F0xx_HAL_Driver/Src/stm32f0xx_hal_exti.c ****         (++) Provide exiting handle as first parameter.
  72:Drivers/STM32F0xx_HAL_Driver/Src/stm32f0xx_hal_exti.c ****         (++) Provide which callback will be registered using one value from
  73:Drivers/STM32F0xx_HAL_Driver/Src/stm32f0xx_hal_exti.c ****              EXTI_CallbackIDTypeDef.
  74:Drivers/STM32F0xx_HAL_Driver/Src/stm32f0xx_hal_exti.c ****         (++) Provide callback function pointer.
  75:Drivers/STM32F0xx_HAL_Driver/Src/stm32f0xx_hal_exti.c **** 
  76:Drivers/STM32F0xx_HAL_Driver/Src/stm32f0xx_hal_exti.c ****     (#) Get interrupt pending bit using HAL_EXTI_GetPending().
  77:Drivers/STM32F0xx_HAL_Driver/Src/stm32f0xx_hal_exti.c **** 
  78:Drivers/STM32F0xx_HAL_Driver/Src/stm32f0xx_hal_exti.c ****     (#) Clear interrupt pending bit using HAL_EXTI_ClearPending().
  79:Drivers/STM32F0xx_HAL_Driver/Src/stm32f0xx_hal_exti.c **** 
  80:Drivers/STM32F0xx_HAL_Driver/Src/stm32f0xx_hal_exti.c ****     (#) Generate software interrupt using HAL_EXTI_GenerateSWI().
  81:Drivers/STM32F0xx_HAL_Driver/Src/stm32f0xx_hal_exti.c **** 
  82:Drivers/STM32F0xx_HAL_Driver/Src/stm32f0xx_hal_exti.c ****   @endverbatim
  83:Drivers/STM32F0xx_HAL_Driver/Src/stm32f0xx_hal_exti.c ****   */
  84:Drivers/STM32F0xx_HAL_Driver/Src/stm32f0xx_hal_exti.c **** 
  85:Drivers/STM32F0xx_HAL_Driver/Src/stm32f0xx_hal_exti.c **** /* Includes ------------------------------------------------------------------*/
  86:Drivers/STM32F0xx_HAL_Driver/Src/stm32f0xx_hal_exti.c **** #include "stm32f0xx_hal.h"
  87:Drivers/STM32F0xx_HAL_Driver/Src/stm32f0xx_hal_exti.c **** 
  88:Drivers/STM32F0xx_HAL_Driver/Src/stm32f0xx_hal_exti.c **** /** @addtogroup STM32F0xx_HAL_Driver
ARM GAS  /tmp/cc1Q2paH.s 			page 3


  89:Drivers/STM32F0xx_HAL_Driver/Src/stm32f0xx_hal_exti.c ****   * @{
  90:Drivers/STM32F0xx_HAL_Driver/Src/stm32f0xx_hal_exti.c ****   */
  91:Drivers/STM32F0xx_HAL_Driver/Src/stm32f0xx_hal_exti.c **** 
  92:Drivers/STM32F0xx_HAL_Driver/Src/stm32f0xx_hal_exti.c **** /** @addtogroup EXTI
  93:Drivers/STM32F0xx_HAL_Driver/Src/stm32f0xx_hal_exti.c ****   * @{
  94:Drivers/STM32F0xx_HAL_Driver/Src/stm32f0xx_hal_exti.c ****   */
  95:Drivers/STM32F0xx_HAL_Driver/Src/stm32f0xx_hal_exti.c **** /** MISRA C:2012 deviation rule has been granted for following rule:
  96:Drivers/STM32F0xx_HAL_Driver/Src/stm32f0xx_hal_exti.c ****   * Rule-18.1_b - Medium: Array `EXTICR' 1st subscript interval [0,7] may be out
  97:Drivers/STM32F0xx_HAL_Driver/Src/stm32f0xx_hal_exti.c ****   * of bounds [0,3] in following API :
  98:Drivers/STM32F0xx_HAL_Driver/Src/stm32f0xx_hal_exti.c ****   * HAL_EXTI_SetConfigLine
  99:Drivers/STM32F0xx_HAL_Driver/Src/stm32f0xx_hal_exti.c ****   * HAL_EXTI_GetConfigLine
 100:Drivers/STM32F0xx_HAL_Driver/Src/stm32f0xx_hal_exti.c ****   * HAL_EXTI_ClearConfigLine
 101:Drivers/STM32F0xx_HAL_Driver/Src/stm32f0xx_hal_exti.c ****   */
 102:Drivers/STM32F0xx_HAL_Driver/Src/stm32f0xx_hal_exti.c **** 
 103:Drivers/STM32F0xx_HAL_Driver/Src/stm32f0xx_hal_exti.c **** #ifdef HAL_EXTI_MODULE_ENABLED
 104:Drivers/STM32F0xx_HAL_Driver/Src/stm32f0xx_hal_exti.c **** 
 105:Drivers/STM32F0xx_HAL_Driver/Src/stm32f0xx_hal_exti.c **** /* Private typedef -----------------------------------------------------------*/
 106:Drivers/STM32F0xx_HAL_Driver/Src/stm32f0xx_hal_exti.c **** /* Private defines -----------------------------------------------------------*/
 107:Drivers/STM32F0xx_HAL_Driver/Src/stm32f0xx_hal_exti.c **** /** @defgroup EXTI_Private_Constants EXTI Private Constants
 108:Drivers/STM32F0xx_HAL_Driver/Src/stm32f0xx_hal_exti.c ****   * @{
 109:Drivers/STM32F0xx_HAL_Driver/Src/stm32f0xx_hal_exti.c ****   */
 110:Drivers/STM32F0xx_HAL_Driver/Src/stm32f0xx_hal_exti.c **** 
 111:Drivers/STM32F0xx_HAL_Driver/Src/stm32f0xx_hal_exti.c **** /**
 112:Drivers/STM32F0xx_HAL_Driver/Src/stm32f0xx_hal_exti.c ****   * @}
 113:Drivers/STM32F0xx_HAL_Driver/Src/stm32f0xx_hal_exti.c ****   */
 114:Drivers/STM32F0xx_HAL_Driver/Src/stm32f0xx_hal_exti.c **** 
 115:Drivers/STM32F0xx_HAL_Driver/Src/stm32f0xx_hal_exti.c **** /* Private macros ------------------------------------------------------------*/
 116:Drivers/STM32F0xx_HAL_Driver/Src/stm32f0xx_hal_exti.c **** /* Private variables ---------------------------------------------------------*/
 117:Drivers/STM32F0xx_HAL_Driver/Src/stm32f0xx_hal_exti.c **** /* Private function prototypes -----------------------------------------------*/
 118:Drivers/STM32F0xx_HAL_Driver/Src/stm32f0xx_hal_exti.c **** /* Exported functions --------------------------------------------------------*/
 119:Drivers/STM32F0xx_HAL_Driver/Src/stm32f0xx_hal_exti.c **** 
 120:Drivers/STM32F0xx_HAL_Driver/Src/stm32f0xx_hal_exti.c **** /** @addtogroup EXTI_Exported_Functions
 121:Drivers/STM32F0xx_HAL_Driver/Src/stm32f0xx_hal_exti.c ****   * @{
 122:Drivers/STM32F0xx_HAL_Driver/Src/stm32f0xx_hal_exti.c ****   */
 123:Drivers/STM32F0xx_HAL_Driver/Src/stm32f0xx_hal_exti.c **** 
 124:Drivers/STM32F0xx_HAL_Driver/Src/stm32f0xx_hal_exti.c **** /** @addtogroup EXTI_Exported_Functions_Group1
 125:Drivers/STM32F0xx_HAL_Driver/Src/stm32f0xx_hal_exti.c ****   *  @brief    Configuration functions
 126:Drivers/STM32F0xx_HAL_Driver/Src/stm32f0xx_hal_exti.c ****   *
 127:Drivers/STM32F0xx_HAL_Driver/Src/stm32f0xx_hal_exti.c **** @verbatim
 128:Drivers/STM32F0xx_HAL_Driver/Src/stm32f0xx_hal_exti.c ****  ===============================================================================
 129:Drivers/STM32F0xx_HAL_Driver/Src/stm32f0xx_hal_exti.c ****               ##### Configuration functions #####
 130:Drivers/STM32F0xx_HAL_Driver/Src/stm32f0xx_hal_exti.c ****  ===============================================================================
 131:Drivers/STM32F0xx_HAL_Driver/Src/stm32f0xx_hal_exti.c **** 
 132:Drivers/STM32F0xx_HAL_Driver/Src/stm32f0xx_hal_exti.c **** @endverbatim
 133:Drivers/STM32F0xx_HAL_Driver/Src/stm32f0xx_hal_exti.c ****   * @{
 134:Drivers/STM32F0xx_HAL_Driver/Src/stm32f0xx_hal_exti.c ****   */
 135:Drivers/STM32F0xx_HAL_Driver/Src/stm32f0xx_hal_exti.c **** 
 136:Drivers/STM32F0xx_HAL_Driver/Src/stm32f0xx_hal_exti.c **** /**
 137:Drivers/STM32F0xx_HAL_Driver/Src/stm32f0xx_hal_exti.c ****   * @brief  Set configuration of a dedicated Exti line.
 138:Drivers/STM32F0xx_HAL_Driver/Src/stm32f0xx_hal_exti.c ****   * @param  hexti Exti handle.
 139:Drivers/STM32F0xx_HAL_Driver/Src/stm32f0xx_hal_exti.c ****   * @param  pExtiConfig Pointer on EXTI configuration to be set.
 140:Drivers/STM32F0xx_HAL_Driver/Src/stm32f0xx_hal_exti.c ****   * @retval HAL Status.
 141:Drivers/STM32F0xx_HAL_Driver/Src/stm32f0xx_hal_exti.c ****   */
 142:Drivers/STM32F0xx_HAL_Driver/Src/stm32f0xx_hal_exti.c **** HAL_StatusTypeDef HAL_EXTI_SetConfigLine(EXTI_HandleTypeDef *hexti, EXTI_ConfigTypeDef *pExtiConfig
 143:Drivers/STM32F0xx_HAL_Driver/Src/stm32f0xx_hal_exti.c **** {
  28              		.loc 1 143 1 view -0
  29              		.cfi_startproc
ARM GAS  /tmp/cc1Q2paH.s 			page 4


  30              		@ args = 0, pretend = 0, frame = 0
  31              		@ frame_needed = 0, uses_anonymous_args = 0
  32              		.loc 1 143 1 is_stmt 0 view .LVU1
  33 0000 70B5     		push	{r4, r5, r6, lr}
  34              	.LCFI0:
  35              		.cfi_def_cfa_offset 16
  36              		.cfi_offset 4, -16
  37              		.cfi_offset 5, -12
  38              		.cfi_offset 6, -8
  39              		.cfi_offset 14, -4
 144:Drivers/STM32F0xx_HAL_Driver/Src/stm32f0xx_hal_exti.c ****   uint32_t regval;
  40              		.loc 1 144 3 is_stmt 1 view .LVU2
 145:Drivers/STM32F0xx_HAL_Driver/Src/stm32f0xx_hal_exti.c ****   uint32_t linepos;
  41              		.loc 1 145 3 view .LVU3
 146:Drivers/STM32F0xx_HAL_Driver/Src/stm32f0xx_hal_exti.c ****   uint32_t maskline;
  42              		.loc 1 146 3 view .LVU4
 147:Drivers/STM32F0xx_HAL_Driver/Src/stm32f0xx_hal_exti.c **** 
 148:Drivers/STM32F0xx_HAL_Driver/Src/stm32f0xx_hal_exti.c ****   /* Check null pointer */
 149:Drivers/STM32F0xx_HAL_Driver/Src/stm32f0xx_hal_exti.c ****   if ((hexti == NULL) || (pExtiConfig == NULL))
  43              		.loc 1 149 3 view .LVU5
  44              		.loc 1 149 6 is_stmt 0 view .LVU6
  45 0002 0028     		cmp	r0, #0
  46 0004 57D0     		beq	.L11
  47              		.loc 1 149 23 discriminator 1 view .LVU7
  48 0006 0029     		cmp	r1, #0
  49 0008 57D0     		beq	.L12
 150:Drivers/STM32F0xx_HAL_Driver/Src/stm32f0xx_hal_exti.c ****   {
 151:Drivers/STM32F0xx_HAL_Driver/Src/stm32f0xx_hal_exti.c ****     return HAL_ERROR;
 152:Drivers/STM32F0xx_HAL_Driver/Src/stm32f0xx_hal_exti.c ****   }
 153:Drivers/STM32F0xx_HAL_Driver/Src/stm32f0xx_hal_exti.c **** 
 154:Drivers/STM32F0xx_HAL_Driver/Src/stm32f0xx_hal_exti.c ****   /* Check parameters */
 155:Drivers/STM32F0xx_HAL_Driver/Src/stm32f0xx_hal_exti.c ****   assert_param(IS_EXTI_LINE(pExtiConfig->Line));
  50              		.loc 1 155 3 is_stmt 1 view .LVU8
 156:Drivers/STM32F0xx_HAL_Driver/Src/stm32f0xx_hal_exti.c ****   assert_param(IS_EXTI_MODE(pExtiConfig->Mode));
  51              		.loc 1 156 3 view .LVU9
 157:Drivers/STM32F0xx_HAL_Driver/Src/stm32f0xx_hal_exti.c **** 
 158:Drivers/STM32F0xx_HAL_Driver/Src/stm32f0xx_hal_exti.c ****   /* Assign line number to handle */
 159:Drivers/STM32F0xx_HAL_Driver/Src/stm32f0xx_hal_exti.c ****   hexti->Line = pExtiConfig->Line;
  52              		.loc 1 159 3 view .LVU10
  53              		.loc 1 159 28 is_stmt 0 view .LVU11
  54 000a 0B68     		ldr	r3, [r1]
  55 000c 9C46     		mov	ip, r3
  56              		.loc 1 159 15 view .LVU12
  57 000e 0360     		str	r3, [r0]
 160:Drivers/STM32F0xx_HAL_Driver/Src/stm32f0xx_hal_exti.c **** 
 161:Drivers/STM32F0xx_HAL_Driver/Src/stm32f0xx_hal_exti.c ****   /* Compute line mask */
 162:Drivers/STM32F0xx_HAL_Driver/Src/stm32f0xx_hal_exti.c ****   linepos = (pExtiConfig->Line & EXTI_PIN_MASK);
  58              		.loc 1 162 3 is_stmt 1 view .LVU13
  59              		.loc 1 162 11 is_stmt 0 view .LVU14
  60 0010 1F23     		movs	r3, #31
  61 0012 6246     		mov	r2, ip
  62 0014 1340     		ands	r3, r2
  63              	.LVL1:
 163:Drivers/STM32F0xx_HAL_Driver/Src/stm32f0xx_hal_exti.c ****   maskline = (1uL << linepos);
  64              		.loc 1 163 3 is_stmt 1 view .LVU15
  65              		.loc 1 163 12 is_stmt 0 view .LVU16
  66 0016 0122     		movs	r2, #1
ARM GAS  /tmp/cc1Q2paH.s 			page 5


  67 0018 9A40     		lsls	r2, r2, r3
  68              	.LVL2:
 164:Drivers/STM32F0xx_HAL_Driver/Src/stm32f0xx_hal_exti.c **** 
 165:Drivers/STM32F0xx_HAL_Driver/Src/stm32f0xx_hal_exti.c ****   /* Configure triggers for configurable lines */
 166:Drivers/STM32F0xx_HAL_Driver/Src/stm32f0xx_hal_exti.c ****   if ((pExtiConfig->Line & EXTI_CONFIG) != 0x00u)
  69              		.loc 1 166 3 is_stmt 1 view .LVU17
  70              		.loc 1 166 6 is_stmt 0 view .LVU18
  71 001a 6046     		mov	r0, ip
  72              	.LVL3:
  73              		.loc 1 166 6 view .LVU19
  74 001c 8001     		lsls	r0, r0, #6
  75 001e 13D5     		bpl	.L3
 167:Drivers/STM32F0xx_HAL_Driver/Src/stm32f0xx_hal_exti.c ****   {
 168:Drivers/STM32F0xx_HAL_Driver/Src/stm32f0xx_hal_exti.c ****     assert_param(IS_EXTI_TRIGGER(pExtiConfig->Trigger));
  76              		.loc 1 168 5 is_stmt 1 view .LVU20
 169:Drivers/STM32F0xx_HAL_Driver/Src/stm32f0xx_hal_exti.c **** 
 170:Drivers/STM32F0xx_HAL_Driver/Src/stm32f0xx_hal_exti.c ****     /* Configure rising trigger */
 171:Drivers/STM32F0xx_HAL_Driver/Src/stm32f0xx_hal_exti.c ****     /* Mask or set line */
 172:Drivers/STM32F0xx_HAL_Driver/Src/stm32f0xx_hal_exti.c ****     if ((pExtiConfig->Trigger & EXTI_TRIGGER_RISING) != 0x00u)
  77              		.loc 1 172 5 view .LVU21
  78              		.loc 1 172 21 is_stmt 0 view .LVU22
  79 0020 8868     		ldr	r0, [r1, #8]
  80              		.loc 1 172 8 view .LVU23
  81 0022 C007     		lsls	r0, r0, #31
  82 0024 20D5     		bpl	.L4
 173:Drivers/STM32F0xx_HAL_Driver/Src/stm32f0xx_hal_exti.c ****     {
 174:Drivers/STM32F0xx_HAL_Driver/Src/stm32f0xx_hal_exti.c ****       EXTI->RTSR |= maskline;
  83              		.loc 1 174 7 is_stmt 1 view .LVU24
  84              		.loc 1 174 11 is_stmt 0 view .LVU25
  85 0026 2648     		ldr	r0, .L15
  86 0028 8468     		ldr	r4, [r0, #8]
  87              		.loc 1 174 18 view .LVU26
  88 002a 1443     		orrs	r4, r2
  89 002c 8460     		str	r4, [r0, #8]
  90              	.L5:
 175:Drivers/STM32F0xx_HAL_Driver/Src/stm32f0xx_hal_exti.c ****     }
 176:Drivers/STM32F0xx_HAL_Driver/Src/stm32f0xx_hal_exti.c ****     else
 177:Drivers/STM32F0xx_HAL_Driver/Src/stm32f0xx_hal_exti.c ****     {
 178:Drivers/STM32F0xx_HAL_Driver/Src/stm32f0xx_hal_exti.c ****       EXTI->RTSR &= ~maskline;
 179:Drivers/STM32F0xx_HAL_Driver/Src/stm32f0xx_hal_exti.c ****     }
 180:Drivers/STM32F0xx_HAL_Driver/Src/stm32f0xx_hal_exti.c **** 
 181:Drivers/STM32F0xx_HAL_Driver/Src/stm32f0xx_hal_exti.c ****     /* Configure falling trigger */
 182:Drivers/STM32F0xx_HAL_Driver/Src/stm32f0xx_hal_exti.c ****     /* Mask or set line */
 183:Drivers/STM32F0xx_HAL_Driver/Src/stm32f0xx_hal_exti.c ****     if ((pExtiConfig->Trigger & EXTI_TRIGGER_FALLING) != 0x00u)
  91              		.loc 1 183 5 is_stmt 1 view .LVU27
  92              		.loc 1 183 21 is_stmt 0 view .LVU28
  93 002e 8868     		ldr	r0, [r1, #8]
  94              		.loc 1 183 8 view .LVU29
  95 0030 8007     		lsls	r0, r0, #30
  96 0032 1ED5     		bpl	.L6
 184:Drivers/STM32F0xx_HAL_Driver/Src/stm32f0xx_hal_exti.c ****     {
 185:Drivers/STM32F0xx_HAL_Driver/Src/stm32f0xx_hal_exti.c ****       EXTI->FTSR |= maskline;
  97              		.loc 1 185 7 is_stmt 1 view .LVU30
  98              		.loc 1 185 11 is_stmt 0 view .LVU31
  99 0034 2248     		ldr	r0, .L15
 100 0036 C468     		ldr	r4, [r0, #12]
 101              		.loc 1 185 18 view .LVU32
ARM GAS  /tmp/cc1Q2paH.s 			page 6


 102 0038 1443     		orrs	r4, r2
 103 003a C460     		str	r4, [r0, #12]
 104              	.L7:
 186:Drivers/STM32F0xx_HAL_Driver/Src/stm32f0xx_hal_exti.c ****     }
 187:Drivers/STM32F0xx_HAL_Driver/Src/stm32f0xx_hal_exti.c ****     else
 188:Drivers/STM32F0xx_HAL_Driver/Src/stm32f0xx_hal_exti.c ****     {
 189:Drivers/STM32F0xx_HAL_Driver/Src/stm32f0xx_hal_exti.c ****       EXTI->FTSR &= ~maskline;
 190:Drivers/STM32F0xx_HAL_Driver/Src/stm32f0xx_hal_exti.c ****     }
 191:Drivers/STM32F0xx_HAL_Driver/Src/stm32f0xx_hal_exti.c **** 
 192:Drivers/STM32F0xx_HAL_Driver/Src/stm32f0xx_hal_exti.c **** 
 193:Drivers/STM32F0xx_HAL_Driver/Src/stm32f0xx_hal_exti.c ****     /* Configure gpio port selection in case of gpio exti line */
 194:Drivers/STM32F0xx_HAL_Driver/Src/stm32f0xx_hal_exti.c ****     if ((pExtiConfig->Line & EXTI_GPIO) == EXTI_GPIO)
 105              		.loc 1 194 5 is_stmt 1 view .LVU33
 106              		.loc 1 194 21 is_stmt 0 view .LVU34
 107 003c 0868     		ldr	r0, [r1]
 108              		.loc 1 194 28 view .LVU35
 109 003e C024     		movs	r4, #192
 110 0040 E404     		lsls	r4, r4, #19
 111 0042 2040     		ands	r0, r4
 112              		.loc 1 194 8 view .LVU36
 113 0044 A042     		cmp	r0, r4
 114 0046 19D0     		beq	.L14
 115              	.LVL4:
 116              	.L3:
 195:Drivers/STM32F0xx_HAL_Driver/Src/stm32f0xx_hal_exti.c ****     {
 196:Drivers/STM32F0xx_HAL_Driver/Src/stm32f0xx_hal_exti.c ****       assert_param(IS_EXTI_GPIO_PORT(pExtiConfig->GPIOSel));
 197:Drivers/STM32F0xx_HAL_Driver/Src/stm32f0xx_hal_exti.c ****       assert_param(IS_EXTI_GPIO_PIN(linepos));
 198:Drivers/STM32F0xx_HAL_Driver/Src/stm32f0xx_hal_exti.c **** 
 199:Drivers/STM32F0xx_HAL_Driver/Src/stm32f0xx_hal_exti.c ****       regval = SYSCFG->EXTICR[linepos >> 2u];
 200:Drivers/STM32F0xx_HAL_Driver/Src/stm32f0xx_hal_exti.c ****       regval &= ~(SYSCFG_EXTICR1_EXTI0 << (SYSCFG_EXTICR1_EXTI1_Pos * (linepos & 0x03u)));
 201:Drivers/STM32F0xx_HAL_Driver/Src/stm32f0xx_hal_exti.c ****       regval |= (pExtiConfig->GPIOSel << (SYSCFG_EXTICR1_EXTI1_Pos * (linepos & 0x03u)));
 202:Drivers/STM32F0xx_HAL_Driver/Src/stm32f0xx_hal_exti.c ****       SYSCFG->EXTICR[linepos >> 2u] = regval;
 203:Drivers/STM32F0xx_HAL_Driver/Src/stm32f0xx_hal_exti.c ****     }
 204:Drivers/STM32F0xx_HAL_Driver/Src/stm32f0xx_hal_exti.c ****   }
 205:Drivers/STM32F0xx_HAL_Driver/Src/stm32f0xx_hal_exti.c **** 
 206:Drivers/STM32F0xx_HAL_Driver/Src/stm32f0xx_hal_exti.c ****   /* Configure interrupt mode : read current mode */
 207:Drivers/STM32F0xx_HAL_Driver/Src/stm32f0xx_hal_exti.c ****   /* Mask or set line */
 208:Drivers/STM32F0xx_HAL_Driver/Src/stm32f0xx_hal_exti.c ****   if ((pExtiConfig->Mode & EXTI_MODE_INTERRUPT) != 0x00u)
 117              		.loc 1 208 3 is_stmt 1 view .LVU37
 118              		.loc 1 208 19 is_stmt 0 view .LVU38
 119 0048 4B68     		ldr	r3, [r1, #4]
 120              		.loc 1 208 6 view .LVU39
 121 004a DB07     		lsls	r3, r3, #31
 122 004c 28D5     		bpl	.L8
 209:Drivers/STM32F0xx_HAL_Driver/Src/stm32f0xx_hal_exti.c ****   {
 210:Drivers/STM32F0xx_HAL_Driver/Src/stm32f0xx_hal_exti.c ****     EXTI->IMR |= maskline;
 123              		.loc 1 210 5 is_stmt 1 view .LVU40
 124              		.loc 1 210 9 is_stmt 0 view .LVU41
 125 004e 1C48     		ldr	r0, .L15
 126 0050 0368     		ldr	r3, [r0]
 127              		.loc 1 210 15 view .LVU42
 128 0052 1343     		orrs	r3, r2
 129 0054 0360     		str	r3, [r0]
 130              	.L9:
 211:Drivers/STM32F0xx_HAL_Driver/Src/stm32f0xx_hal_exti.c ****   }
 212:Drivers/STM32F0xx_HAL_Driver/Src/stm32f0xx_hal_exti.c ****   else
 213:Drivers/STM32F0xx_HAL_Driver/Src/stm32f0xx_hal_exti.c ****   {
ARM GAS  /tmp/cc1Q2paH.s 			page 7


 214:Drivers/STM32F0xx_HAL_Driver/Src/stm32f0xx_hal_exti.c ****     EXTI->IMR &= ~maskline;
 215:Drivers/STM32F0xx_HAL_Driver/Src/stm32f0xx_hal_exti.c ****   }
 216:Drivers/STM32F0xx_HAL_Driver/Src/stm32f0xx_hal_exti.c **** 
 217:Drivers/STM32F0xx_HAL_Driver/Src/stm32f0xx_hal_exti.c ****   /* Configure event mode : read current mode */
 218:Drivers/STM32F0xx_HAL_Driver/Src/stm32f0xx_hal_exti.c ****   /* Mask or set line */
 219:Drivers/STM32F0xx_HAL_Driver/Src/stm32f0xx_hal_exti.c ****   if ((pExtiConfig->Mode & EXTI_MODE_EVENT) != 0x00u)
 131              		.loc 1 219 3 is_stmt 1 view .LVU43
 132              		.loc 1 219 19 is_stmt 0 view .LVU44
 133 0056 4B68     		ldr	r3, [r1, #4]
 134              		.loc 1 219 6 view .LVU45
 135 0058 9B07     		lsls	r3, r3, #30
 136 005a 26D5     		bpl	.L10
 220:Drivers/STM32F0xx_HAL_Driver/Src/stm32f0xx_hal_exti.c ****   {
 221:Drivers/STM32F0xx_HAL_Driver/Src/stm32f0xx_hal_exti.c ****     EXTI->EMR |= maskline;
 137              		.loc 1 221 5 is_stmt 1 view .LVU46
 138              		.loc 1 221 9 is_stmt 0 view .LVU47
 139 005c 1849     		ldr	r1, .L15
 140              	.LVL5:
 141              		.loc 1 221 9 view .LVU48
 142 005e 4B68     		ldr	r3, [r1, #4]
 143              		.loc 1 221 15 view .LVU49
 144 0060 1343     		orrs	r3, r2
 145 0062 4B60     		str	r3, [r1, #4]
 222:Drivers/STM32F0xx_HAL_Driver/Src/stm32f0xx_hal_exti.c ****   }
 223:Drivers/STM32F0xx_HAL_Driver/Src/stm32f0xx_hal_exti.c ****   else
 224:Drivers/STM32F0xx_HAL_Driver/Src/stm32f0xx_hal_exti.c ****   {
 225:Drivers/STM32F0xx_HAL_Driver/Src/stm32f0xx_hal_exti.c ****     EXTI->EMR &= ~maskline;
 226:Drivers/STM32F0xx_HAL_Driver/Src/stm32f0xx_hal_exti.c ****   }
 227:Drivers/STM32F0xx_HAL_Driver/Src/stm32f0xx_hal_exti.c **** 
 228:Drivers/STM32F0xx_HAL_Driver/Src/stm32f0xx_hal_exti.c ****   return HAL_OK;
 146              		.loc 1 228 10 view .LVU50
 147 0064 0020     		movs	r0, #0
 148              	.LVL6:
 149              	.L2:
 229:Drivers/STM32F0xx_HAL_Driver/Src/stm32f0xx_hal_exti.c **** }
 150              		.loc 1 229 1 view .LVU51
 151              		@ sp needed
 152 0066 70BD     		pop	{r4, r5, r6, pc}
 153              	.LVL7:
 154              	.L4:
 178:Drivers/STM32F0xx_HAL_Driver/Src/stm32f0xx_hal_exti.c ****     }
 155              		.loc 1 178 7 is_stmt 1 view .LVU52
 178:Drivers/STM32F0xx_HAL_Driver/Src/stm32f0xx_hal_exti.c ****     }
 156              		.loc 1 178 11 is_stmt 0 view .LVU53
 157 0068 1548     		ldr	r0, .L15
 158 006a 8468     		ldr	r4, [r0, #8]
 178:Drivers/STM32F0xx_HAL_Driver/Src/stm32f0xx_hal_exti.c ****     }
 159              		.loc 1 178 18 view .LVU54
 160 006c 9443     		bics	r4, r2
 161 006e 8460     		str	r4, [r0, #8]
 162 0070 DDE7     		b	.L5
 163              	.L6:
 189:Drivers/STM32F0xx_HAL_Driver/Src/stm32f0xx_hal_exti.c ****     }
 164              		.loc 1 189 7 is_stmt 1 view .LVU55
 189:Drivers/STM32F0xx_HAL_Driver/Src/stm32f0xx_hal_exti.c ****     }
 165              		.loc 1 189 11 is_stmt 0 view .LVU56
 166 0072 1348     		ldr	r0, .L15
ARM GAS  /tmp/cc1Q2paH.s 			page 8


 167 0074 C468     		ldr	r4, [r0, #12]
 189:Drivers/STM32F0xx_HAL_Driver/Src/stm32f0xx_hal_exti.c ****     }
 168              		.loc 1 189 18 view .LVU57
 169 0076 9443     		bics	r4, r2
 170 0078 C460     		str	r4, [r0, #12]
 171 007a DFE7     		b	.L7
 172              	.L14:
 196:Drivers/STM32F0xx_HAL_Driver/Src/stm32f0xx_hal_exti.c ****       assert_param(IS_EXTI_GPIO_PIN(linepos));
 173              		.loc 1 196 7 is_stmt 1 view .LVU58
 197:Drivers/STM32F0xx_HAL_Driver/Src/stm32f0xx_hal_exti.c **** 
 174              		.loc 1 197 7 view .LVU59
 199:Drivers/STM32F0xx_HAL_Driver/Src/stm32f0xx_hal_exti.c ****       regval &= ~(SYSCFG_EXTICR1_EXTI0 << (SYSCFG_EXTICR1_EXTI1_Pos * (linepos & 0x03u)));
 175              		.loc 1 199 7 view .LVU60
 199:Drivers/STM32F0xx_HAL_Driver/Src/stm32f0xx_hal_exti.c ****       regval &= ~(SYSCFG_EXTICR1_EXTI0 << (SYSCFG_EXTICR1_EXTI1_Pos * (linepos & 0x03u)));
 176              		.loc 1 199 39 is_stmt 0 view .LVU61
 177 007c 9B08     		lsrs	r3, r3, #2
 178              	.LVL8:
 199:Drivers/STM32F0xx_HAL_Driver/Src/stm32f0xx_hal_exti.c ****       regval &= ~(SYSCFG_EXTICR1_EXTI0 << (SYSCFG_EXTICR1_EXTI1_Pos * (linepos & 0x03u)));
 179              		.loc 1 199 14 view .LVU62
 180 007e 0233     		adds	r3, r3, #2
 181 0080 9B00     		lsls	r3, r3, #2
 182 0082 104C     		ldr	r4, .L15+4
 183 0084 1D59     		ldr	r5, [r3, r4]
 184              	.LVL9:
 200:Drivers/STM32F0xx_HAL_Driver/Src/stm32f0xx_hal_exti.c ****       regval |= (pExtiConfig->GPIOSel << (SYSCFG_EXTICR1_EXTI1_Pos * (linepos & 0x03u)));
 185              		.loc 1 200 7 is_stmt 1 view .LVU63
 200:Drivers/STM32F0xx_HAL_Driver/Src/stm32f0xx_hal_exti.c ****       regval |= (pExtiConfig->GPIOSel << (SYSCFG_EXTICR1_EXTI1_Pos * (linepos & 0x03u)));
 186              		.loc 1 200 80 is_stmt 0 view .LVU64
 187 0086 0320     		movs	r0, #3
 188 0088 6646     		mov	r6, ip
 189 008a 3040     		ands	r0, r6
 200:Drivers/STM32F0xx_HAL_Driver/Src/stm32f0xx_hal_exti.c ****       regval |= (pExtiConfig->GPIOSel << (SYSCFG_EXTICR1_EXTI1_Pos * (linepos & 0x03u)));
 190              		.loc 1 200 69 view .LVU65
 191 008c 8000     		lsls	r0, r0, #2
 200:Drivers/STM32F0xx_HAL_Driver/Src/stm32f0xx_hal_exti.c ****       regval |= (pExtiConfig->GPIOSel << (SYSCFG_EXTICR1_EXTI1_Pos * (linepos & 0x03u)));
 192              		.loc 1 200 40 view .LVU66
 193 008e 0F26     		movs	r6, #15
 194 0090 8640     		lsls	r6, r6, r0
 200:Drivers/STM32F0xx_HAL_Driver/Src/stm32f0xx_hal_exti.c ****       regval |= (pExtiConfig->GPIOSel << (SYSCFG_EXTICR1_EXTI1_Pos * (linepos & 0x03u)));
 195              		.loc 1 200 14 view .LVU67
 196 0092 B543     		bics	r5, r6
 197              	.LVL10:
 201:Drivers/STM32F0xx_HAL_Driver/Src/stm32f0xx_hal_exti.c ****       SYSCFG->EXTICR[linepos >> 2u] = regval;
 198              		.loc 1 201 7 is_stmt 1 view .LVU68
 201:Drivers/STM32F0xx_HAL_Driver/Src/stm32f0xx_hal_exti.c ****       SYSCFG->EXTICR[linepos >> 2u] = regval;
 199              		.loc 1 201 29 is_stmt 0 view .LVU69
 200 0094 CE68     		ldr	r6, [r1, #12]
 201:Drivers/STM32F0xx_HAL_Driver/Src/stm32f0xx_hal_exti.c ****       SYSCFG->EXTICR[linepos >> 2u] = regval;
 201              		.loc 1 201 39 view .LVU70
 202 0096 8640     		lsls	r6, r6, r0
 203 0098 3000     		movs	r0, r6
 201:Drivers/STM32F0xx_HAL_Driver/Src/stm32f0xx_hal_exti.c ****       SYSCFG->EXTICR[linepos >> 2u] = regval;
 204              		.loc 1 201 14 view .LVU71
 205 009a 2843     		orrs	r0, r5
 206              	.LVL11:
 202:Drivers/STM32F0xx_HAL_Driver/Src/stm32f0xx_hal_exti.c ****     }
 207              		.loc 1 202 7 is_stmt 1 view .LVU72
ARM GAS  /tmp/cc1Q2paH.s 			page 9


 202:Drivers/STM32F0xx_HAL_Driver/Src/stm32f0xx_hal_exti.c ****     }
 208              		.loc 1 202 37 is_stmt 0 view .LVU73
 209 009c 1851     		str	r0, [r3, r4]
 210 009e D3E7     		b	.L3
 211              	.LVL12:
 212              	.L8:
 214:Drivers/STM32F0xx_HAL_Driver/Src/stm32f0xx_hal_exti.c ****   }
 213              		.loc 1 214 5 is_stmt 1 view .LVU74
 214:Drivers/STM32F0xx_HAL_Driver/Src/stm32f0xx_hal_exti.c ****   }
 214              		.loc 1 214 9 is_stmt 0 view .LVU75
 215 00a0 0748     		ldr	r0, .L15
 216 00a2 0368     		ldr	r3, [r0]
 214:Drivers/STM32F0xx_HAL_Driver/Src/stm32f0xx_hal_exti.c ****   }
 217              		.loc 1 214 15 view .LVU76
 218 00a4 9343     		bics	r3, r2
 219 00a6 0360     		str	r3, [r0]
 220 00a8 D5E7     		b	.L9
 221              	.L10:
 225:Drivers/STM32F0xx_HAL_Driver/Src/stm32f0xx_hal_exti.c ****   }
 222              		.loc 1 225 5 is_stmt 1 view .LVU77
 225:Drivers/STM32F0xx_HAL_Driver/Src/stm32f0xx_hal_exti.c ****   }
 223              		.loc 1 225 9 is_stmt 0 view .LVU78
 224 00aa 0549     		ldr	r1, .L15
 225              	.LVL13:
 225:Drivers/STM32F0xx_HAL_Driver/Src/stm32f0xx_hal_exti.c ****   }
 226              		.loc 1 225 9 view .LVU79
 227 00ac 4B68     		ldr	r3, [r1, #4]
 225:Drivers/STM32F0xx_HAL_Driver/Src/stm32f0xx_hal_exti.c ****   }
 228              		.loc 1 225 15 view .LVU80
 229 00ae 9343     		bics	r3, r2
 230 00b0 4B60     		str	r3, [r1, #4]
 228:Drivers/STM32F0xx_HAL_Driver/Src/stm32f0xx_hal_exti.c **** }
 231              		.loc 1 228 10 view .LVU81
 232 00b2 0020     		movs	r0, #0
 233 00b4 D7E7     		b	.L2
 234              	.LVL14:
 235              	.L11:
 151:Drivers/STM32F0xx_HAL_Driver/Src/stm32f0xx_hal_exti.c ****   }
 236              		.loc 1 151 12 view .LVU82
 237 00b6 0120     		movs	r0, #1
 238              	.LVL15:
 151:Drivers/STM32F0xx_HAL_Driver/Src/stm32f0xx_hal_exti.c ****   }
 239              		.loc 1 151 12 view .LVU83
 240 00b8 D5E7     		b	.L2
 241              	.LVL16:
 242              	.L12:
 151:Drivers/STM32F0xx_HAL_Driver/Src/stm32f0xx_hal_exti.c ****   }
 243              		.loc 1 151 12 view .LVU84
 244 00ba 0120     		movs	r0, #1
 245              	.LVL17:
 151:Drivers/STM32F0xx_HAL_Driver/Src/stm32f0xx_hal_exti.c ****   }
 246              		.loc 1 151 12 view .LVU85
 247 00bc D3E7     		b	.L2
 248              	.L16:
 249 00be C046     		.align	2
 250              	.L15:
 251 00c0 00040140 		.word	1073808384
ARM GAS  /tmp/cc1Q2paH.s 			page 10


 252 00c4 00000140 		.word	1073807360
 253              		.cfi_endproc
 254              	.LFE40:
 256              		.section	.text.HAL_EXTI_GetConfigLine,"ax",%progbits
 257              		.align	1
 258              		.global	HAL_EXTI_GetConfigLine
 259              		.syntax unified
 260              		.code	16
 261              		.thumb_func
 263              	HAL_EXTI_GetConfigLine:
 264              	.LVL18:
 265              	.LFB41:
 230:Drivers/STM32F0xx_HAL_Driver/Src/stm32f0xx_hal_exti.c **** 
 231:Drivers/STM32F0xx_HAL_Driver/Src/stm32f0xx_hal_exti.c **** /**
 232:Drivers/STM32F0xx_HAL_Driver/Src/stm32f0xx_hal_exti.c ****   * @brief  Get configuration of a dedicated Exti line.
 233:Drivers/STM32F0xx_HAL_Driver/Src/stm32f0xx_hal_exti.c ****   * @param  hexti Exti handle.
 234:Drivers/STM32F0xx_HAL_Driver/Src/stm32f0xx_hal_exti.c ****   * @param  pExtiConfig Pointer on structure to store Exti configuration.
 235:Drivers/STM32F0xx_HAL_Driver/Src/stm32f0xx_hal_exti.c ****   * @retval HAL Status.
 236:Drivers/STM32F0xx_HAL_Driver/Src/stm32f0xx_hal_exti.c ****   */
 237:Drivers/STM32F0xx_HAL_Driver/Src/stm32f0xx_hal_exti.c **** HAL_StatusTypeDef HAL_EXTI_GetConfigLine(EXTI_HandleTypeDef *hexti, EXTI_ConfigTypeDef *pExtiConfig
 238:Drivers/STM32F0xx_HAL_Driver/Src/stm32f0xx_hal_exti.c **** {
 266              		.loc 1 238 1 is_stmt 1 view -0
 267              		.cfi_startproc
 268              		@ args = 0, pretend = 0, frame = 0
 269              		@ frame_needed = 0, uses_anonymous_args = 0
 270              		.loc 1 238 1 is_stmt 0 view .LVU87
 271 0000 10B5     		push	{r4, lr}
 272              	.LCFI1:
 273              		.cfi_def_cfa_offset 8
 274              		.cfi_offset 4, -8
 275              		.cfi_offset 14, -4
 239:Drivers/STM32F0xx_HAL_Driver/Src/stm32f0xx_hal_exti.c ****   uint32_t regval;
 276              		.loc 1 239 3 is_stmt 1 view .LVU88
 240:Drivers/STM32F0xx_HAL_Driver/Src/stm32f0xx_hal_exti.c ****   uint32_t linepos;
 277              		.loc 1 240 3 view .LVU89
 241:Drivers/STM32F0xx_HAL_Driver/Src/stm32f0xx_hal_exti.c ****   uint32_t maskline;
 278              		.loc 1 241 3 view .LVU90
 242:Drivers/STM32F0xx_HAL_Driver/Src/stm32f0xx_hal_exti.c **** 
 243:Drivers/STM32F0xx_HAL_Driver/Src/stm32f0xx_hal_exti.c ****   /* Check null pointer */
 244:Drivers/STM32F0xx_HAL_Driver/Src/stm32f0xx_hal_exti.c ****   if ((hexti == NULL) || (pExtiConfig == NULL))
 279              		.loc 1 244 3 view .LVU91
 280              		.loc 1 244 6 is_stmt 0 view .LVU92
 281 0002 0028     		cmp	r0, #0
 282 0004 44D0     		beq	.L24
 283              		.loc 1 244 23 discriminator 1 view .LVU93
 284 0006 0029     		cmp	r1, #0
 285 0008 44D0     		beq	.L25
 245:Drivers/STM32F0xx_HAL_Driver/Src/stm32f0xx_hal_exti.c ****   {
 246:Drivers/STM32F0xx_HAL_Driver/Src/stm32f0xx_hal_exti.c ****     return HAL_ERROR;
 247:Drivers/STM32F0xx_HAL_Driver/Src/stm32f0xx_hal_exti.c ****   }
 248:Drivers/STM32F0xx_HAL_Driver/Src/stm32f0xx_hal_exti.c **** 
 249:Drivers/STM32F0xx_HAL_Driver/Src/stm32f0xx_hal_exti.c ****   /* Check the parameter */
 250:Drivers/STM32F0xx_HAL_Driver/Src/stm32f0xx_hal_exti.c ****   assert_param(IS_EXTI_LINE(hexti->Line));
 286              		.loc 1 250 3 is_stmt 1 view .LVU94
 251:Drivers/STM32F0xx_HAL_Driver/Src/stm32f0xx_hal_exti.c **** 
 252:Drivers/STM32F0xx_HAL_Driver/Src/stm32f0xx_hal_exti.c ****   /* Store handle line number to configuration structure */
 253:Drivers/STM32F0xx_HAL_Driver/Src/stm32f0xx_hal_exti.c ****   pExtiConfig->Line = hexti->Line;
ARM GAS  /tmp/cc1Q2paH.s 			page 11


 287              		.loc 1 253 3 view .LVU95
 288              		.loc 1 253 28 is_stmt 0 view .LVU96
 289 000a 0268     		ldr	r2, [r0]
 290              		.loc 1 253 21 view .LVU97
 291 000c 0A60     		str	r2, [r1]
 254:Drivers/STM32F0xx_HAL_Driver/Src/stm32f0xx_hal_exti.c **** 
 255:Drivers/STM32F0xx_HAL_Driver/Src/stm32f0xx_hal_exti.c ****   /* Compute line mask */
 256:Drivers/STM32F0xx_HAL_Driver/Src/stm32f0xx_hal_exti.c ****   linepos = (pExtiConfig->Line & EXTI_PIN_MASK);
 292              		.loc 1 256 3 is_stmt 1 view .LVU98
 293              		.loc 1 256 11 is_stmt 0 view .LVU99
 294 000e 1F23     		movs	r3, #31
 295 0010 1340     		ands	r3, r2
 296 0012 9C46     		mov	ip, r3
 297              	.LVL19:
 257:Drivers/STM32F0xx_HAL_Driver/Src/stm32f0xx_hal_exti.c ****   maskline = (1uL << linepos);
 298              		.loc 1 257 3 is_stmt 1 view .LVU100
 299              		.loc 1 257 12 is_stmt 0 view .LVU101
 300 0014 0123     		movs	r3, #1
 301              	.LVL20:
 302              		.loc 1 257 12 view .LVU102
 303 0016 6046     		mov	r0, ip
 304              	.LVL21:
 305              		.loc 1 257 12 view .LVU103
 306 0018 8340     		lsls	r3, r3, r0
 307              	.LVL22:
 258:Drivers/STM32F0xx_HAL_Driver/Src/stm32f0xx_hal_exti.c **** 
 259:Drivers/STM32F0xx_HAL_Driver/Src/stm32f0xx_hal_exti.c ****   /* 1] Get core mode : interrupt */
 260:Drivers/STM32F0xx_HAL_Driver/Src/stm32f0xx_hal_exti.c **** 
 261:Drivers/STM32F0xx_HAL_Driver/Src/stm32f0xx_hal_exti.c ****   /* Check if selected line is enable */
 262:Drivers/STM32F0xx_HAL_Driver/Src/stm32f0xx_hal_exti.c ****   if ((EXTI->IMR & maskline) != 0x00u)
 308              		.loc 1 262 3 is_stmt 1 view .LVU104
 309              		.loc 1 262 12 is_stmt 0 view .LVU105
 310 001a 2048     		ldr	r0, .L29
 311 001c 0068     		ldr	r0, [r0]
 312              		.loc 1 262 6 view .LVU106
 313 001e 0342     		tst	r3, r0
 314 0020 24D0     		beq	.L19
 263:Drivers/STM32F0xx_HAL_Driver/Src/stm32f0xx_hal_exti.c ****   {
 264:Drivers/STM32F0xx_HAL_Driver/Src/stm32f0xx_hal_exti.c ****     pExtiConfig->Mode = EXTI_MODE_INTERRUPT;
 315              		.loc 1 264 5 is_stmt 1 view .LVU107
 316              		.loc 1 264 23 is_stmt 0 view .LVU108
 317 0022 0120     		movs	r0, #1
 318 0024 4860     		str	r0, [r1, #4]
 319              	.L20:
 265:Drivers/STM32F0xx_HAL_Driver/Src/stm32f0xx_hal_exti.c ****   }
 266:Drivers/STM32F0xx_HAL_Driver/Src/stm32f0xx_hal_exti.c ****   else
 267:Drivers/STM32F0xx_HAL_Driver/Src/stm32f0xx_hal_exti.c ****   {
 268:Drivers/STM32F0xx_HAL_Driver/Src/stm32f0xx_hal_exti.c ****     pExtiConfig->Mode = EXTI_MODE_NONE;
 269:Drivers/STM32F0xx_HAL_Driver/Src/stm32f0xx_hal_exti.c ****   }
 270:Drivers/STM32F0xx_HAL_Driver/Src/stm32f0xx_hal_exti.c **** 
 271:Drivers/STM32F0xx_HAL_Driver/Src/stm32f0xx_hal_exti.c ****   /* Get event mode */
 272:Drivers/STM32F0xx_HAL_Driver/Src/stm32f0xx_hal_exti.c ****   /* Check if selected line is enable */
 273:Drivers/STM32F0xx_HAL_Driver/Src/stm32f0xx_hal_exti.c ****   if ((EXTI->EMR & maskline) != 0x00u)
 320              		.loc 1 273 3 is_stmt 1 view .LVU109
 321              		.loc 1 273 12 is_stmt 0 view .LVU110
 322 0026 1D48     		ldr	r0, .L29
 323 0028 4068     		ldr	r0, [r0, #4]
ARM GAS  /tmp/cc1Q2paH.s 			page 12


 324              		.loc 1 273 6 view .LVU111
 325 002a 0342     		tst	r3, r0
 326 002c 03D0     		beq	.L21
 274:Drivers/STM32F0xx_HAL_Driver/Src/stm32f0xx_hal_exti.c ****   {
 275:Drivers/STM32F0xx_HAL_Driver/Src/stm32f0xx_hal_exti.c ****     pExtiConfig->Mode |= EXTI_MODE_EVENT;
 327              		.loc 1 275 5 is_stmt 1 view .LVU112
 328              		.loc 1 275 16 is_stmt 0 view .LVU113
 329 002e 4868     		ldr	r0, [r1, #4]
 330              		.loc 1 275 23 view .LVU114
 331 0030 0224     		movs	r4, #2
 332 0032 2043     		orrs	r0, r4
 333 0034 4860     		str	r0, [r1, #4]
 334              	.L21:
 276:Drivers/STM32F0xx_HAL_Driver/Src/stm32f0xx_hal_exti.c ****   }
 277:Drivers/STM32F0xx_HAL_Driver/Src/stm32f0xx_hal_exti.c **** 
 278:Drivers/STM32F0xx_HAL_Driver/Src/stm32f0xx_hal_exti.c ****   /* Get default Trigger and GPIOSel configuration */
 279:Drivers/STM32F0xx_HAL_Driver/Src/stm32f0xx_hal_exti.c ****   pExtiConfig->Trigger = EXTI_TRIGGER_NONE;
 335              		.loc 1 279 3 is_stmt 1 view .LVU115
 336              		.loc 1 279 24 is_stmt 0 view .LVU116
 337 0036 0020     		movs	r0, #0
 338 0038 8860     		str	r0, [r1, #8]
 280:Drivers/STM32F0xx_HAL_Driver/Src/stm32f0xx_hal_exti.c ****   pExtiConfig->GPIOSel = 0x00u;
 339              		.loc 1 280 3 is_stmt 1 view .LVU117
 340              		.loc 1 280 24 is_stmt 0 view .LVU118
 341 003a C860     		str	r0, [r1, #12]
 281:Drivers/STM32F0xx_HAL_Driver/Src/stm32f0xx_hal_exti.c **** 
 282:Drivers/STM32F0xx_HAL_Driver/Src/stm32f0xx_hal_exti.c ****   /* 2] Get trigger for configurable lines : rising */
 283:Drivers/STM32F0xx_HAL_Driver/Src/stm32f0xx_hal_exti.c ****   if ((pExtiConfig->Line & EXTI_CONFIG) != 0x00u)
 342              		.loc 1 283 3 is_stmt 1 view .LVU119
 343              		.loc 1 283 6 is_stmt 0 view .LVU120
 344 003c 9001     		lsls	r0, r2, #6
 345 003e 2BD5     		bpl	.L26
 284:Drivers/STM32F0xx_HAL_Driver/Src/stm32f0xx_hal_exti.c ****   {
 285:Drivers/STM32F0xx_HAL_Driver/Src/stm32f0xx_hal_exti.c ****     /* Check if configuration of selected line is enable */
 286:Drivers/STM32F0xx_HAL_Driver/Src/stm32f0xx_hal_exti.c ****     if ((EXTI->RTSR & maskline) != 0x00u)
 346              		.loc 1 286 5 is_stmt 1 view .LVU121
 347              		.loc 1 286 14 is_stmt 0 view .LVU122
 348 0040 1648     		ldr	r0, .L29
 349 0042 8068     		ldr	r0, [r0, #8]
 350              		.loc 1 286 8 view .LVU123
 351 0044 0342     		tst	r3, r0
 352 0046 01D0     		beq	.L22
 287:Drivers/STM32F0xx_HAL_Driver/Src/stm32f0xx_hal_exti.c ****     {
 288:Drivers/STM32F0xx_HAL_Driver/Src/stm32f0xx_hal_exti.c ****       pExtiConfig->Trigger = EXTI_TRIGGER_RISING;
 353              		.loc 1 288 7 is_stmt 1 view .LVU124
 354              		.loc 1 288 28 is_stmt 0 view .LVU125
 355 0048 0120     		movs	r0, #1
 356 004a 8860     		str	r0, [r1, #8]
 357              	.L22:
 289:Drivers/STM32F0xx_HAL_Driver/Src/stm32f0xx_hal_exti.c ****     }
 290:Drivers/STM32F0xx_HAL_Driver/Src/stm32f0xx_hal_exti.c **** 
 291:Drivers/STM32F0xx_HAL_Driver/Src/stm32f0xx_hal_exti.c ****     /* Get falling configuration */
 292:Drivers/STM32F0xx_HAL_Driver/Src/stm32f0xx_hal_exti.c ****     /* Check if configuration of selected line is enable */
 293:Drivers/STM32F0xx_HAL_Driver/Src/stm32f0xx_hal_exti.c ****     if ((EXTI->FTSR & maskline) != 0x00u)
 358              		.loc 1 293 5 is_stmt 1 view .LVU126
 359              		.loc 1 293 14 is_stmt 0 view .LVU127
 360 004c 1348     		ldr	r0, .L29
ARM GAS  /tmp/cc1Q2paH.s 			page 13


 361 004e C068     		ldr	r0, [r0, #12]
 362              		.loc 1 293 8 view .LVU128
 363 0050 0342     		tst	r3, r0
 364 0052 03D0     		beq	.L23
 294:Drivers/STM32F0xx_HAL_Driver/Src/stm32f0xx_hal_exti.c ****     {
 295:Drivers/STM32F0xx_HAL_Driver/Src/stm32f0xx_hal_exti.c ****       pExtiConfig->Trigger |= EXTI_TRIGGER_FALLING;
 365              		.loc 1 295 7 is_stmt 1 view .LVU129
 366              		.loc 1 295 18 is_stmt 0 view .LVU130
 367 0054 8B68     		ldr	r3, [r1, #8]
 368              	.LVL23:
 369              		.loc 1 295 28 view .LVU131
 370 0056 0220     		movs	r0, #2
 371 0058 0343     		orrs	r3, r0
 372 005a 8B60     		str	r3, [r1, #8]
 373              	.L23:
 296:Drivers/STM32F0xx_HAL_Driver/Src/stm32f0xx_hal_exti.c ****     }
 297:Drivers/STM32F0xx_HAL_Driver/Src/stm32f0xx_hal_exti.c **** 
 298:Drivers/STM32F0xx_HAL_Driver/Src/stm32f0xx_hal_exti.c ****     /* Get Gpio port selection for gpio lines */
 299:Drivers/STM32F0xx_HAL_Driver/Src/stm32f0xx_hal_exti.c ****     if ((pExtiConfig->Line & EXTI_GPIO) == EXTI_GPIO)
 374              		.loc 1 299 5 is_stmt 1 view .LVU132
 375              		.loc 1 299 28 is_stmt 0 view .LVU133
 376 005c C023     		movs	r3, #192
 377 005e DB04     		lsls	r3, r3, #19
 378 0060 1000     		movs	r0, r2
 379 0062 1840     		ands	r0, r3
 380              		.loc 1 299 8 view .LVU134
 381 0064 9842     		cmp	r0, r3
 382 0066 04D0     		beq	.L28
 300:Drivers/STM32F0xx_HAL_Driver/Src/stm32f0xx_hal_exti.c ****     {
 301:Drivers/STM32F0xx_HAL_Driver/Src/stm32f0xx_hal_exti.c ****       assert_param(IS_EXTI_GPIO_PIN(linepos));
 302:Drivers/STM32F0xx_HAL_Driver/Src/stm32f0xx_hal_exti.c **** 
 303:Drivers/STM32F0xx_HAL_Driver/Src/stm32f0xx_hal_exti.c ****       regval = SYSCFG->EXTICR[linepos >> 2u];
 304:Drivers/STM32F0xx_HAL_Driver/Src/stm32f0xx_hal_exti.c ****       pExtiConfig->GPIOSel = (regval >> (SYSCFG_EXTICR1_EXTI1_Pos * (linepos & 0x03u))) & SYSCFG_EX
 305:Drivers/STM32F0xx_HAL_Driver/Src/stm32f0xx_hal_exti.c ****     }
 306:Drivers/STM32F0xx_HAL_Driver/Src/stm32f0xx_hal_exti.c ****   }
 307:Drivers/STM32F0xx_HAL_Driver/Src/stm32f0xx_hal_exti.c **** 
 308:Drivers/STM32F0xx_HAL_Driver/Src/stm32f0xx_hal_exti.c ****   return HAL_OK;
 383              		.loc 1 308 10 view .LVU135
 384 0068 0020     		movs	r0, #0
 385 006a 16E0     		b	.L18
 386              	.LVL24:
 387              	.L19:
 268:Drivers/STM32F0xx_HAL_Driver/Src/stm32f0xx_hal_exti.c ****   }
 388              		.loc 1 268 5 is_stmt 1 view .LVU136
 268:Drivers/STM32F0xx_HAL_Driver/Src/stm32f0xx_hal_exti.c ****   }
 389              		.loc 1 268 23 is_stmt 0 view .LVU137
 390 006c 0020     		movs	r0, #0
 391 006e 4860     		str	r0, [r1, #4]
 392 0070 D9E7     		b	.L20
 393              	.LVL25:
 394              	.L28:
 301:Drivers/STM32F0xx_HAL_Driver/Src/stm32f0xx_hal_exti.c **** 
 395              		.loc 1 301 7 is_stmt 1 view .LVU138
 303:Drivers/STM32F0xx_HAL_Driver/Src/stm32f0xx_hal_exti.c ****       pExtiConfig->GPIOSel = (regval >> (SYSCFG_EXTICR1_EXTI1_Pos * (linepos & 0x03u))) & SYSCFG_EX
 396              		.loc 1 303 7 view .LVU139
 303:Drivers/STM32F0xx_HAL_Driver/Src/stm32f0xx_hal_exti.c ****       pExtiConfig->GPIOSel = (regval >> (SYSCFG_EXTICR1_EXTI1_Pos * (linepos & 0x03u))) & SYSCFG_EX
 397              		.loc 1 303 39 is_stmt 0 view .LVU140
ARM GAS  /tmp/cc1Q2paH.s 			page 14


 398 0072 6346     		mov	r3, ip
 399 0074 9B08     		lsrs	r3, r3, #2
 303:Drivers/STM32F0xx_HAL_Driver/Src/stm32f0xx_hal_exti.c ****       pExtiConfig->GPIOSel = (regval >> (SYSCFG_EXTICR1_EXTI1_Pos * (linepos & 0x03u))) & SYSCFG_EX
 400              		.loc 1 303 14 view .LVU141
 401 0076 0233     		adds	r3, r3, #2
 402 0078 9B00     		lsls	r3, r3, #2
 403 007a 0948     		ldr	r0, .L29+4
 404 007c 1858     		ldr	r0, [r3, r0]
 405              	.LVL26:
 304:Drivers/STM32F0xx_HAL_Driver/Src/stm32f0xx_hal_exti.c ****     }
 406              		.loc 1 304 7 is_stmt 1 view .LVU142
 304:Drivers/STM32F0xx_HAL_Driver/Src/stm32f0xx_hal_exti.c ****     }
 407              		.loc 1 304 78 is_stmt 0 view .LVU143
 408 007e 0323     		movs	r3, #3
 409 0080 1340     		ands	r3, r2
 304:Drivers/STM32F0xx_HAL_Driver/Src/stm32f0xx_hal_exti.c ****     }
 410              		.loc 1 304 67 view .LVU144
 411 0082 9B00     		lsls	r3, r3, #2
 304:Drivers/STM32F0xx_HAL_Driver/Src/stm32f0xx_hal_exti.c ****     }
 412              		.loc 1 304 38 view .LVU145
 413 0084 D840     		lsrs	r0, r0, r3
 414              	.LVL27:
 304:Drivers/STM32F0xx_HAL_Driver/Src/stm32f0xx_hal_exti.c ****     }
 415              		.loc 1 304 89 view .LVU146
 416 0086 0F23     		movs	r3, #15
 417 0088 0340     		ands	r3, r0
 304:Drivers/STM32F0xx_HAL_Driver/Src/stm32f0xx_hal_exti.c ****     }
 418              		.loc 1 304 28 view .LVU147
 419 008a CB60     		str	r3, [r1, #12]
 420              		.loc 1 308 10 view .LVU148
 421 008c 0020     		movs	r0, #0
 422 008e 04E0     		b	.L18
 423              	.LVL28:
 424              	.L24:
 246:Drivers/STM32F0xx_HAL_Driver/Src/stm32f0xx_hal_exti.c ****   }
 425              		.loc 1 246 12 view .LVU149
 426 0090 0120     		movs	r0, #1
 427              	.LVL29:
 246:Drivers/STM32F0xx_HAL_Driver/Src/stm32f0xx_hal_exti.c ****   }
 428              		.loc 1 246 12 view .LVU150
 429 0092 02E0     		b	.L18
 430              	.LVL30:
 431              	.L25:
 246:Drivers/STM32F0xx_HAL_Driver/Src/stm32f0xx_hal_exti.c ****   }
 432              		.loc 1 246 12 view .LVU151
 433 0094 0120     		movs	r0, #1
 434              	.LVL31:
 246:Drivers/STM32F0xx_HAL_Driver/Src/stm32f0xx_hal_exti.c ****   }
 435              		.loc 1 246 12 view .LVU152
 436 0096 00E0     		b	.L18
 437              	.LVL32:
 438              	.L26:
 439              		.loc 1 308 10 view .LVU153
 440 0098 0020     		movs	r0, #0
 441              	.LVL33:
 442              	.L18:
 309:Drivers/STM32F0xx_HAL_Driver/Src/stm32f0xx_hal_exti.c **** }
ARM GAS  /tmp/cc1Q2paH.s 			page 15


 443              		.loc 1 309 1 view .LVU154
 444              		@ sp needed
 445 009a 10BD     		pop	{r4, pc}
 446              	.L30:
 447              		.align	2
 448              	.L29:
 449 009c 00040140 		.word	1073808384
 450 00a0 00000140 		.word	1073807360
 451              		.cfi_endproc
 452              	.LFE41:
 454              		.section	.text.HAL_EXTI_ClearConfigLine,"ax",%progbits
 455              		.align	1
 456              		.global	HAL_EXTI_ClearConfigLine
 457              		.syntax unified
 458              		.code	16
 459              		.thumb_func
 461              	HAL_EXTI_ClearConfigLine:
 462              	.LVL34:
 463              	.LFB42:
 310:Drivers/STM32F0xx_HAL_Driver/Src/stm32f0xx_hal_exti.c **** 
 311:Drivers/STM32F0xx_HAL_Driver/Src/stm32f0xx_hal_exti.c **** /**
 312:Drivers/STM32F0xx_HAL_Driver/Src/stm32f0xx_hal_exti.c ****   * @brief  Clear whole configuration of a dedicated Exti line.
 313:Drivers/STM32F0xx_HAL_Driver/Src/stm32f0xx_hal_exti.c ****   * @param  hexti Exti handle.
 314:Drivers/STM32F0xx_HAL_Driver/Src/stm32f0xx_hal_exti.c ****   * @retval HAL Status.
 315:Drivers/STM32F0xx_HAL_Driver/Src/stm32f0xx_hal_exti.c ****   */
 316:Drivers/STM32F0xx_HAL_Driver/Src/stm32f0xx_hal_exti.c **** HAL_StatusTypeDef HAL_EXTI_ClearConfigLine(EXTI_HandleTypeDef *hexti)
 317:Drivers/STM32F0xx_HAL_Driver/Src/stm32f0xx_hal_exti.c **** {
 464              		.loc 1 317 1 is_stmt 1 view -0
 465              		.cfi_startproc
 466              		@ args = 0, pretend = 0, frame = 0
 467              		@ frame_needed = 0, uses_anonymous_args = 0
 468              		.loc 1 317 1 is_stmt 0 view .LVU156
 469 0000 70B5     		push	{r4, r5, r6, lr}
 470              	.LCFI2:
 471              		.cfi_def_cfa_offset 16
 472              		.cfi_offset 4, -16
 473              		.cfi_offset 5, -12
 474              		.cfi_offset 6, -8
 475              		.cfi_offset 14, -4
 318:Drivers/STM32F0xx_HAL_Driver/Src/stm32f0xx_hal_exti.c ****   uint32_t regval;
 476              		.loc 1 318 3 is_stmt 1 view .LVU157
 319:Drivers/STM32F0xx_HAL_Driver/Src/stm32f0xx_hal_exti.c ****   uint32_t linepos;
 477              		.loc 1 319 3 view .LVU158
 320:Drivers/STM32F0xx_HAL_Driver/Src/stm32f0xx_hal_exti.c ****   uint32_t maskline;
 478              		.loc 1 320 3 view .LVU159
 321:Drivers/STM32F0xx_HAL_Driver/Src/stm32f0xx_hal_exti.c **** 
 322:Drivers/STM32F0xx_HAL_Driver/Src/stm32f0xx_hal_exti.c ****   /* Check null pointer */
 323:Drivers/STM32F0xx_HAL_Driver/Src/stm32f0xx_hal_exti.c ****   if (hexti == NULL)
 479              		.loc 1 323 3 view .LVU160
 480              		.loc 1 323 6 is_stmt 0 view .LVU161
 481 0002 0028     		cmp	r0, #0
 482 0004 2FD0     		beq	.L33
 324:Drivers/STM32F0xx_HAL_Driver/Src/stm32f0xx_hal_exti.c ****   {
 325:Drivers/STM32F0xx_HAL_Driver/Src/stm32f0xx_hal_exti.c ****     return HAL_ERROR;
 326:Drivers/STM32F0xx_HAL_Driver/Src/stm32f0xx_hal_exti.c ****   }
 327:Drivers/STM32F0xx_HAL_Driver/Src/stm32f0xx_hal_exti.c **** 
 328:Drivers/STM32F0xx_HAL_Driver/Src/stm32f0xx_hal_exti.c ****   /* Check the parameter */
ARM GAS  /tmp/cc1Q2paH.s 			page 16


 329:Drivers/STM32F0xx_HAL_Driver/Src/stm32f0xx_hal_exti.c ****   assert_param(IS_EXTI_LINE(hexti->Line));
 483              		.loc 1 329 3 is_stmt 1 view .LVU162
 330:Drivers/STM32F0xx_HAL_Driver/Src/stm32f0xx_hal_exti.c **** 
 331:Drivers/STM32F0xx_HAL_Driver/Src/stm32f0xx_hal_exti.c ****   /* compute line mask */
 332:Drivers/STM32F0xx_HAL_Driver/Src/stm32f0xx_hal_exti.c ****   linepos = (hexti->Line & EXTI_PIN_MASK);
 484              		.loc 1 332 3 view .LVU163
 485              		.loc 1 332 19 is_stmt 0 view .LVU164
 486 0006 0368     		ldr	r3, [r0]
 487 0008 1E00     		movs	r6, r3
 488              		.loc 1 332 11 view .LVU165
 489 000a 1F22     		movs	r2, #31
 490 000c 1A40     		ands	r2, r3
 491              	.LVL35:
 333:Drivers/STM32F0xx_HAL_Driver/Src/stm32f0xx_hal_exti.c ****   maskline = (1uL << linepos);
 492              		.loc 1 333 3 is_stmt 1 view .LVU166
 493              		.loc 1 333 12 is_stmt 0 view .LVU167
 494 000e 0123     		movs	r3, #1
 495 0010 9340     		lsls	r3, r3, r2
 496              	.LVL36:
 334:Drivers/STM32F0xx_HAL_Driver/Src/stm32f0xx_hal_exti.c **** 
 335:Drivers/STM32F0xx_HAL_Driver/Src/stm32f0xx_hal_exti.c ****   /* 1] Clear interrupt mode */
 336:Drivers/STM32F0xx_HAL_Driver/Src/stm32f0xx_hal_exti.c ****   EXTI->IMR = (EXTI->IMR & ~maskline);
 497              		.loc 1 336 3 is_stmt 1 view .LVU168
 498              		.loc 1 336 20 is_stmt 0 view .LVU169
 499 0012 1749     		ldr	r1, .L37
 500 0014 0C68     		ldr	r4, [r1]
 501              		.loc 1 336 28 view .LVU170
 502 0016 DD43     		mvns	r5, r3
 503              		.loc 1 336 26 view .LVU171
 504 0018 9C43     		bics	r4, r3
 505              		.loc 1 336 13 view .LVU172
 506 001a 0C60     		str	r4, [r1]
 337:Drivers/STM32F0xx_HAL_Driver/Src/stm32f0xx_hal_exti.c **** 
 338:Drivers/STM32F0xx_HAL_Driver/Src/stm32f0xx_hal_exti.c ****   /* 2] Clear event mode */
 339:Drivers/STM32F0xx_HAL_Driver/Src/stm32f0xx_hal_exti.c ****   EXTI->EMR = (EXTI->EMR & ~maskline);
 507              		.loc 1 339 3 is_stmt 1 view .LVU173
 508              		.loc 1 339 20 is_stmt 0 view .LVU174
 509 001c 4C68     		ldr	r4, [r1, #4]
 510              		.loc 1 339 26 view .LVU175
 511 001e 9C43     		bics	r4, r3
 512              		.loc 1 339 13 view .LVU176
 513 0020 4C60     		str	r4, [r1, #4]
 340:Drivers/STM32F0xx_HAL_Driver/Src/stm32f0xx_hal_exti.c **** 
 341:Drivers/STM32F0xx_HAL_Driver/Src/stm32f0xx_hal_exti.c ****   /* 3] Clear triggers in case of configurable lines */
 342:Drivers/STM32F0xx_HAL_Driver/Src/stm32f0xx_hal_exti.c ****   if ((hexti->Line & EXTI_CONFIG) != 0x00u)
 514              		.loc 1 342 3 is_stmt 1 view .LVU177
 515              		.loc 1 342 13 is_stmt 0 view .LVU178
 516 0022 0368     		ldr	r3, [r0]
 517              	.LVL37:
 518              		.loc 1 342 6 view .LVU179
 519 0024 9B01     		lsls	r3, r3, #6
 520 0026 20D5     		bpl	.L34
 343:Drivers/STM32F0xx_HAL_Driver/Src/stm32f0xx_hal_exti.c ****   {
 344:Drivers/STM32F0xx_HAL_Driver/Src/stm32f0xx_hal_exti.c ****     EXTI->RTSR = (EXTI->RTSR & ~maskline);
 521              		.loc 1 344 5 is_stmt 1 view .LVU180
 522              		.loc 1 344 23 is_stmt 0 view .LVU181
 523 0028 0B00     		movs	r3, r1
ARM GAS  /tmp/cc1Q2paH.s 			page 17


 524 002a 8968     		ldr	r1, [r1, #8]
 525              		.loc 1 344 30 view .LVU182
 526 002c 2940     		ands	r1, r5
 527              		.loc 1 344 16 view .LVU183
 528 002e 9960     		str	r1, [r3, #8]
 345:Drivers/STM32F0xx_HAL_Driver/Src/stm32f0xx_hal_exti.c ****     EXTI->FTSR = (EXTI->FTSR & ~maskline);
 529              		.loc 1 345 5 is_stmt 1 view .LVU184
 530              		.loc 1 345 23 is_stmt 0 view .LVU185
 531 0030 D968     		ldr	r1, [r3, #12]
 532              		.loc 1 345 30 view .LVU186
 533 0032 2940     		ands	r1, r5
 534              		.loc 1 345 16 view .LVU187
 535 0034 D960     		str	r1, [r3, #12]
 346:Drivers/STM32F0xx_HAL_Driver/Src/stm32f0xx_hal_exti.c **** 
 347:Drivers/STM32F0xx_HAL_Driver/Src/stm32f0xx_hal_exti.c ****     /* Get Gpio port selection for gpio lines */
 348:Drivers/STM32F0xx_HAL_Driver/Src/stm32f0xx_hal_exti.c ****     if ((hexti->Line & EXTI_GPIO) == EXTI_GPIO)
 536              		.loc 1 348 5 is_stmt 1 view .LVU188
 537              		.loc 1 348 15 is_stmt 0 view .LVU189
 538 0036 0368     		ldr	r3, [r0]
 539              		.loc 1 348 22 view .LVU190
 540 0038 C021     		movs	r1, #192
 541 003a C904     		lsls	r1, r1, #19
 542 003c 0B40     		ands	r3, r1
 543              		.loc 1 348 8 view .LVU191
 544 003e 8B42     		cmp	r3, r1
 545 0040 01D0     		beq	.L36
 349:Drivers/STM32F0xx_HAL_Driver/Src/stm32f0xx_hal_exti.c ****     {
 350:Drivers/STM32F0xx_HAL_Driver/Src/stm32f0xx_hal_exti.c ****       assert_param(IS_EXTI_GPIO_PIN(linepos));
 351:Drivers/STM32F0xx_HAL_Driver/Src/stm32f0xx_hal_exti.c **** 
 352:Drivers/STM32F0xx_HAL_Driver/Src/stm32f0xx_hal_exti.c ****       regval = SYSCFG->EXTICR[linepos >> 2u];
 353:Drivers/STM32F0xx_HAL_Driver/Src/stm32f0xx_hal_exti.c ****       regval &= ~(SYSCFG_EXTICR1_EXTI0 << (SYSCFG_EXTICR1_EXTI1_Pos * (linepos & 0x03u)));
 354:Drivers/STM32F0xx_HAL_Driver/Src/stm32f0xx_hal_exti.c ****       SYSCFG->EXTICR[linepos >> 2u] = regval;
 355:Drivers/STM32F0xx_HAL_Driver/Src/stm32f0xx_hal_exti.c ****     }
 356:Drivers/STM32F0xx_HAL_Driver/Src/stm32f0xx_hal_exti.c ****   }
 357:Drivers/STM32F0xx_HAL_Driver/Src/stm32f0xx_hal_exti.c **** 
 358:Drivers/STM32F0xx_HAL_Driver/Src/stm32f0xx_hal_exti.c ****   return HAL_OK;
 546              		.loc 1 358 10 view .LVU192
 547 0042 0020     		movs	r0, #0
 548              	.LVL38:
 549              		.loc 1 358 10 view .LVU193
 550 0044 12E0     		b	.L32
 551              	.LVL39:
 552              	.L36:
 350:Drivers/STM32F0xx_HAL_Driver/Src/stm32f0xx_hal_exti.c **** 
 553              		.loc 1 350 7 is_stmt 1 view .LVU194
 352:Drivers/STM32F0xx_HAL_Driver/Src/stm32f0xx_hal_exti.c ****       regval &= ~(SYSCFG_EXTICR1_EXTI0 << (SYSCFG_EXTICR1_EXTI1_Pos * (linepos & 0x03u)));
 554              		.loc 1 352 7 view .LVU195
 352:Drivers/STM32F0xx_HAL_Driver/Src/stm32f0xx_hal_exti.c ****       regval &= ~(SYSCFG_EXTICR1_EXTI0 << (SYSCFG_EXTICR1_EXTI1_Pos * (linepos & 0x03u)));
 555              		.loc 1 352 39 is_stmt 0 view .LVU196
 556 0046 9208     		lsrs	r2, r2, #2
 557              	.LVL40:
 352:Drivers/STM32F0xx_HAL_Driver/Src/stm32f0xx_hal_exti.c ****       regval &= ~(SYSCFG_EXTICR1_EXTI0 << (SYSCFG_EXTICR1_EXTI1_Pos * (linepos & 0x03u)));
 558              		.loc 1 352 14 view .LVU197
 559 0048 0A4B     		ldr	r3, .L37+4
 560 004a 9C46     		mov	ip, r3
 561 004c 0232     		adds	r2, r2, #2
 562 004e 9200     		lsls	r2, r2, #2
ARM GAS  /tmp/cc1Q2paH.s 			page 18


 563 0050 D158     		ldr	r1, [r2, r3]
 564              	.LVL41:
 353:Drivers/STM32F0xx_HAL_Driver/Src/stm32f0xx_hal_exti.c ****       SYSCFG->EXTICR[linepos >> 2u] = regval;
 565              		.loc 1 353 7 is_stmt 1 view .LVU198
 353:Drivers/STM32F0xx_HAL_Driver/Src/stm32f0xx_hal_exti.c ****       SYSCFG->EXTICR[linepos >> 2u] = regval;
 566              		.loc 1 353 80 is_stmt 0 view .LVU199
 567 0052 0323     		movs	r3, #3
 568 0054 3340     		ands	r3, r6
 353:Drivers/STM32F0xx_HAL_Driver/Src/stm32f0xx_hal_exti.c ****       SYSCFG->EXTICR[linepos >> 2u] = regval;
 569              		.loc 1 353 69 view .LVU200
 570 0056 9B00     		lsls	r3, r3, #2
 353:Drivers/STM32F0xx_HAL_Driver/Src/stm32f0xx_hal_exti.c ****       SYSCFG->EXTICR[linepos >> 2u] = regval;
 571              		.loc 1 353 40 view .LVU201
 572 0058 0F20     		movs	r0, #15
 573              	.LVL42:
 353:Drivers/STM32F0xx_HAL_Driver/Src/stm32f0xx_hal_exti.c ****       SYSCFG->EXTICR[linepos >> 2u] = regval;
 574              		.loc 1 353 40 view .LVU202
 575 005a 9840     		lsls	r0, r0, r3
 353:Drivers/STM32F0xx_HAL_Driver/Src/stm32f0xx_hal_exti.c ****       SYSCFG->EXTICR[linepos >> 2u] = regval;
 576              		.loc 1 353 14 view .LVU203
 577 005c 8143     		bics	r1, r0
 578              	.LVL43:
 354:Drivers/STM32F0xx_HAL_Driver/Src/stm32f0xx_hal_exti.c ****     }
 579              		.loc 1 354 7 is_stmt 1 view .LVU204
 354:Drivers/STM32F0xx_HAL_Driver/Src/stm32f0xx_hal_exti.c ****     }
 580              		.loc 1 354 37 is_stmt 0 view .LVU205
 581 005e 6346     		mov	r3, ip
 582 0060 D150     		str	r1, [r2, r3]
 583              		.loc 1 358 10 view .LVU206
 584 0062 0020     		movs	r0, #0
 585 0064 02E0     		b	.L32
 586              	.LVL44:
 587              	.L33:
 325:Drivers/STM32F0xx_HAL_Driver/Src/stm32f0xx_hal_exti.c ****   }
 588              		.loc 1 325 12 view .LVU207
 589 0066 0120     		movs	r0, #1
 590              	.LVL45:
 325:Drivers/STM32F0xx_HAL_Driver/Src/stm32f0xx_hal_exti.c ****   }
 591              		.loc 1 325 12 view .LVU208
 592 0068 00E0     		b	.L32
 593              	.LVL46:
 594              	.L34:
 595              		.loc 1 358 10 view .LVU209
 596 006a 0020     		movs	r0, #0
 597              	.LVL47:
 598              	.L32:
 359:Drivers/STM32F0xx_HAL_Driver/Src/stm32f0xx_hal_exti.c **** }
 599              		.loc 1 359 1 view .LVU210
 600              		@ sp needed
 601 006c 70BD     		pop	{r4, r5, r6, pc}
 602              	.L38:
 603 006e C046     		.align	2
 604              	.L37:
 605 0070 00040140 		.word	1073808384
 606 0074 00000140 		.word	1073807360
 607              		.cfi_endproc
 608              	.LFE42:
ARM GAS  /tmp/cc1Q2paH.s 			page 19


 610              		.section	.text.HAL_EXTI_RegisterCallback,"ax",%progbits
 611              		.align	1
 612              		.global	HAL_EXTI_RegisterCallback
 613              		.syntax unified
 614              		.code	16
 615              		.thumb_func
 617              	HAL_EXTI_RegisterCallback:
 618              	.LVL48:
 619              	.LFB43:
 360:Drivers/STM32F0xx_HAL_Driver/Src/stm32f0xx_hal_exti.c **** 
 361:Drivers/STM32F0xx_HAL_Driver/Src/stm32f0xx_hal_exti.c **** /**
 362:Drivers/STM32F0xx_HAL_Driver/Src/stm32f0xx_hal_exti.c ****   * @brief  Register callback for a dedicated Exti line.
 363:Drivers/STM32F0xx_HAL_Driver/Src/stm32f0xx_hal_exti.c ****   * @param  hexti Exti handle.
 364:Drivers/STM32F0xx_HAL_Driver/Src/stm32f0xx_hal_exti.c ****   * @param  CallbackID User callback identifier.
 365:Drivers/STM32F0xx_HAL_Driver/Src/stm32f0xx_hal_exti.c ****   *         This parameter can be one of @arg @ref EXTI_CallbackIDTypeDef values.
 366:Drivers/STM32F0xx_HAL_Driver/Src/stm32f0xx_hal_exti.c ****   * @param  pPendingCbfn function pointer to be stored as callback.
 367:Drivers/STM32F0xx_HAL_Driver/Src/stm32f0xx_hal_exti.c ****   * @retval HAL Status.
 368:Drivers/STM32F0xx_HAL_Driver/Src/stm32f0xx_hal_exti.c ****   */
 369:Drivers/STM32F0xx_HAL_Driver/Src/stm32f0xx_hal_exti.c **** HAL_StatusTypeDef HAL_EXTI_RegisterCallback(EXTI_HandleTypeDef *hexti, EXTI_CallbackIDTypeDef Callb
 370:Drivers/STM32F0xx_HAL_Driver/Src/stm32f0xx_hal_exti.c **** {
 620              		.loc 1 370 1 is_stmt 1 view -0
 621              		.cfi_startproc
 622              		@ args = 0, pretend = 0, frame = 0
 623              		@ frame_needed = 0, uses_anonymous_args = 0
 624              		@ link register save eliminated.
 371:Drivers/STM32F0xx_HAL_Driver/Src/stm32f0xx_hal_exti.c ****   HAL_StatusTypeDef status = HAL_OK;
 625              		.loc 1 371 3 view .LVU212
 372:Drivers/STM32F0xx_HAL_Driver/Src/stm32f0xx_hal_exti.c **** 
 373:Drivers/STM32F0xx_HAL_Driver/Src/stm32f0xx_hal_exti.c ****   switch (CallbackID)
 626              		.loc 1 373 3 view .LVU213
 627 0000 0029     		cmp	r1, #0
 628 0002 02D1     		bne	.L41
 374:Drivers/STM32F0xx_HAL_Driver/Src/stm32f0xx_hal_exti.c ****   {
 375:Drivers/STM32F0xx_HAL_Driver/Src/stm32f0xx_hal_exti.c ****     case  HAL_EXTI_COMMON_CB_ID:
 376:Drivers/STM32F0xx_HAL_Driver/Src/stm32f0xx_hal_exti.c ****       hexti->PendingCallback = pPendingCbfn;
 629              		.loc 1 376 7 view .LVU214
 630              		.loc 1 376 30 is_stmt 0 view .LVU215
 631 0004 4260     		str	r2, [r0, #4]
 377:Drivers/STM32F0xx_HAL_Driver/Src/stm32f0xx_hal_exti.c ****       break;
 632              		.loc 1 377 7 is_stmt 1 view .LVU216
 371:Drivers/STM32F0xx_HAL_Driver/Src/stm32f0xx_hal_exti.c **** 
 633              		.loc 1 371 21 is_stmt 0 view .LVU217
 634 0006 0800     		movs	r0, r1
 635              	.LVL49:
 636              	.L40:
 378:Drivers/STM32F0xx_HAL_Driver/Src/stm32f0xx_hal_exti.c **** 
 379:Drivers/STM32F0xx_HAL_Driver/Src/stm32f0xx_hal_exti.c ****     default:
 380:Drivers/STM32F0xx_HAL_Driver/Src/stm32f0xx_hal_exti.c ****       status = HAL_ERROR;
 381:Drivers/STM32F0xx_HAL_Driver/Src/stm32f0xx_hal_exti.c ****       break;
 382:Drivers/STM32F0xx_HAL_Driver/Src/stm32f0xx_hal_exti.c ****   }
 383:Drivers/STM32F0xx_HAL_Driver/Src/stm32f0xx_hal_exti.c **** 
 384:Drivers/STM32F0xx_HAL_Driver/Src/stm32f0xx_hal_exti.c ****   return status;
 637              		.loc 1 384 3 is_stmt 1 view .LVU218
 385:Drivers/STM32F0xx_HAL_Driver/Src/stm32f0xx_hal_exti.c **** }
 638              		.loc 1 385 1 is_stmt 0 view .LVU219
 639              		@ sp needed
 640 0008 7047     		bx	lr
ARM GAS  /tmp/cc1Q2paH.s 			page 20


 641              	.LVL50:
 642              	.L41:
 380:Drivers/STM32F0xx_HAL_Driver/Src/stm32f0xx_hal_exti.c ****       break;
 643              		.loc 1 380 14 view .LVU220
 644 000a 0120     		movs	r0, #1
 645              	.LVL51:
 380:Drivers/STM32F0xx_HAL_Driver/Src/stm32f0xx_hal_exti.c ****       break;
 646              		.loc 1 380 14 view .LVU221
 647 000c FCE7     		b	.L40
 648              		.cfi_endproc
 649              	.LFE43:
 651              		.section	.text.HAL_EXTI_GetHandle,"ax",%progbits
 652              		.align	1
 653              		.global	HAL_EXTI_GetHandle
 654              		.syntax unified
 655              		.code	16
 656              		.thumb_func
 658              	HAL_EXTI_GetHandle:
 659              	.LVL52:
 660              	.LFB44:
 386:Drivers/STM32F0xx_HAL_Driver/Src/stm32f0xx_hal_exti.c **** 
 387:Drivers/STM32F0xx_HAL_Driver/Src/stm32f0xx_hal_exti.c **** /**
 388:Drivers/STM32F0xx_HAL_Driver/Src/stm32f0xx_hal_exti.c ****   * @brief  Store line number as handle private field.
 389:Drivers/STM32F0xx_HAL_Driver/Src/stm32f0xx_hal_exti.c ****   * @param  hexti Exti handle.
 390:Drivers/STM32F0xx_HAL_Driver/Src/stm32f0xx_hal_exti.c ****   * @param  ExtiLine Exti line number.
 391:Drivers/STM32F0xx_HAL_Driver/Src/stm32f0xx_hal_exti.c ****   *         This parameter can be from 0 to @ref EXTI_LINE_NB.
 392:Drivers/STM32F0xx_HAL_Driver/Src/stm32f0xx_hal_exti.c ****   * @retval HAL Status.
 393:Drivers/STM32F0xx_HAL_Driver/Src/stm32f0xx_hal_exti.c ****   */
 394:Drivers/STM32F0xx_HAL_Driver/Src/stm32f0xx_hal_exti.c **** HAL_StatusTypeDef HAL_EXTI_GetHandle(EXTI_HandleTypeDef *hexti, uint32_t ExtiLine)
 395:Drivers/STM32F0xx_HAL_Driver/Src/stm32f0xx_hal_exti.c **** {
 661              		.loc 1 395 1 is_stmt 1 view -0
 662              		.cfi_startproc
 663              		@ args = 0, pretend = 0, frame = 0
 664              		@ frame_needed = 0, uses_anonymous_args = 0
 665              		@ link register save eliminated.
 396:Drivers/STM32F0xx_HAL_Driver/Src/stm32f0xx_hal_exti.c ****   /* Check the parameters */
 397:Drivers/STM32F0xx_HAL_Driver/Src/stm32f0xx_hal_exti.c ****   assert_param(IS_EXTI_LINE(ExtiLine));
 666              		.loc 1 397 3 view .LVU223
 398:Drivers/STM32F0xx_HAL_Driver/Src/stm32f0xx_hal_exti.c **** 
 399:Drivers/STM32F0xx_HAL_Driver/Src/stm32f0xx_hal_exti.c ****   /* Check null pointer */
 400:Drivers/STM32F0xx_HAL_Driver/Src/stm32f0xx_hal_exti.c ****   if (hexti == NULL)
 667              		.loc 1 400 3 view .LVU224
 668              		.loc 1 400 6 is_stmt 0 view .LVU225
 669 0000 0028     		cmp	r0, #0
 670 0002 02D0     		beq	.L44
 401:Drivers/STM32F0xx_HAL_Driver/Src/stm32f0xx_hal_exti.c ****   {
 402:Drivers/STM32F0xx_HAL_Driver/Src/stm32f0xx_hal_exti.c ****     return HAL_ERROR;
 403:Drivers/STM32F0xx_HAL_Driver/Src/stm32f0xx_hal_exti.c ****   }
 404:Drivers/STM32F0xx_HAL_Driver/Src/stm32f0xx_hal_exti.c ****   else
 405:Drivers/STM32F0xx_HAL_Driver/Src/stm32f0xx_hal_exti.c ****   {
 406:Drivers/STM32F0xx_HAL_Driver/Src/stm32f0xx_hal_exti.c ****     /* Store line number as handle private field */
 407:Drivers/STM32F0xx_HAL_Driver/Src/stm32f0xx_hal_exti.c ****     hexti->Line = ExtiLine;
 671              		.loc 1 407 5 is_stmt 1 view .LVU226
 672              		.loc 1 407 17 is_stmt 0 view .LVU227
 673 0004 0160     		str	r1, [r0]
 408:Drivers/STM32F0xx_HAL_Driver/Src/stm32f0xx_hal_exti.c **** 
 409:Drivers/STM32F0xx_HAL_Driver/Src/stm32f0xx_hal_exti.c ****     return HAL_OK;
ARM GAS  /tmp/cc1Q2paH.s 			page 21


 674              		.loc 1 409 5 is_stmt 1 view .LVU228
 675              		.loc 1 409 12 is_stmt 0 view .LVU229
 676 0006 0020     		movs	r0, #0
 677              	.LVL53:
 678              	.L43:
 410:Drivers/STM32F0xx_HAL_Driver/Src/stm32f0xx_hal_exti.c ****   }
 411:Drivers/STM32F0xx_HAL_Driver/Src/stm32f0xx_hal_exti.c **** }
 679              		.loc 1 411 1 view .LVU230
 680              		@ sp needed
 681 0008 7047     		bx	lr
 682              	.LVL54:
 683              	.L44:
 402:Drivers/STM32F0xx_HAL_Driver/Src/stm32f0xx_hal_exti.c ****   }
 684              		.loc 1 402 12 view .LVU231
 685 000a 0120     		movs	r0, #1
 686              	.LVL55:
 402:Drivers/STM32F0xx_HAL_Driver/Src/stm32f0xx_hal_exti.c ****   }
 687              		.loc 1 402 12 view .LVU232
 688 000c FCE7     		b	.L43
 689              		.cfi_endproc
 690              	.LFE44:
 692              		.section	.text.HAL_EXTI_IRQHandler,"ax",%progbits
 693              		.align	1
 694              		.global	HAL_EXTI_IRQHandler
 695              		.syntax unified
 696              		.code	16
 697              		.thumb_func
 699              	HAL_EXTI_IRQHandler:
 700              	.LVL56:
 701              	.LFB45:
 412:Drivers/STM32F0xx_HAL_Driver/Src/stm32f0xx_hal_exti.c **** 
 413:Drivers/STM32F0xx_HAL_Driver/Src/stm32f0xx_hal_exti.c **** /**
 414:Drivers/STM32F0xx_HAL_Driver/Src/stm32f0xx_hal_exti.c ****   * @}
 415:Drivers/STM32F0xx_HAL_Driver/Src/stm32f0xx_hal_exti.c ****   */
 416:Drivers/STM32F0xx_HAL_Driver/Src/stm32f0xx_hal_exti.c **** 
 417:Drivers/STM32F0xx_HAL_Driver/Src/stm32f0xx_hal_exti.c **** /** @addtogroup EXTI_Exported_Functions_Group2
 418:Drivers/STM32F0xx_HAL_Driver/Src/stm32f0xx_hal_exti.c ****   *  @brief EXTI IO functions.
 419:Drivers/STM32F0xx_HAL_Driver/Src/stm32f0xx_hal_exti.c ****   *
 420:Drivers/STM32F0xx_HAL_Driver/Src/stm32f0xx_hal_exti.c **** @verbatim
 421:Drivers/STM32F0xx_HAL_Driver/Src/stm32f0xx_hal_exti.c ****  ===============================================================================
 422:Drivers/STM32F0xx_HAL_Driver/Src/stm32f0xx_hal_exti.c ****                        ##### IO operation functions #####
 423:Drivers/STM32F0xx_HAL_Driver/Src/stm32f0xx_hal_exti.c ****  ===============================================================================
 424:Drivers/STM32F0xx_HAL_Driver/Src/stm32f0xx_hal_exti.c **** 
 425:Drivers/STM32F0xx_HAL_Driver/Src/stm32f0xx_hal_exti.c **** @endverbatim
 426:Drivers/STM32F0xx_HAL_Driver/Src/stm32f0xx_hal_exti.c ****   * @{
 427:Drivers/STM32F0xx_HAL_Driver/Src/stm32f0xx_hal_exti.c ****   */
 428:Drivers/STM32F0xx_HAL_Driver/Src/stm32f0xx_hal_exti.c **** 
 429:Drivers/STM32F0xx_HAL_Driver/Src/stm32f0xx_hal_exti.c **** /**
 430:Drivers/STM32F0xx_HAL_Driver/Src/stm32f0xx_hal_exti.c ****   * @brief  Handle EXTI interrupt request.
 431:Drivers/STM32F0xx_HAL_Driver/Src/stm32f0xx_hal_exti.c ****   * @param  hexti Exti handle.
 432:Drivers/STM32F0xx_HAL_Driver/Src/stm32f0xx_hal_exti.c ****   * @retval none.
 433:Drivers/STM32F0xx_HAL_Driver/Src/stm32f0xx_hal_exti.c ****   */
 434:Drivers/STM32F0xx_HAL_Driver/Src/stm32f0xx_hal_exti.c **** void HAL_EXTI_IRQHandler(EXTI_HandleTypeDef *hexti)
 435:Drivers/STM32F0xx_HAL_Driver/Src/stm32f0xx_hal_exti.c **** {
 702              		.loc 1 435 1 is_stmt 1 view -0
 703              		.cfi_startproc
 704              		@ args = 0, pretend = 0, frame = 0
ARM GAS  /tmp/cc1Q2paH.s 			page 22


 705              		@ frame_needed = 0, uses_anonymous_args = 0
 706              		.loc 1 435 1 is_stmt 0 view .LVU234
 707 0000 10B5     		push	{r4, lr}
 708              	.LCFI3:
 709              		.cfi_def_cfa_offset 8
 710              		.cfi_offset 4, -8
 711              		.cfi_offset 14, -4
 436:Drivers/STM32F0xx_HAL_Driver/Src/stm32f0xx_hal_exti.c ****   uint32_t regval;
 712              		.loc 1 436 3 is_stmt 1 view .LVU235
 437:Drivers/STM32F0xx_HAL_Driver/Src/stm32f0xx_hal_exti.c ****   uint32_t maskline;
 713              		.loc 1 437 3 view .LVU236
 438:Drivers/STM32F0xx_HAL_Driver/Src/stm32f0xx_hal_exti.c **** 
 439:Drivers/STM32F0xx_HAL_Driver/Src/stm32f0xx_hal_exti.c ****   /* Compute line mask */
 440:Drivers/STM32F0xx_HAL_Driver/Src/stm32f0xx_hal_exti.c ****   maskline = (1uL << (hexti->Line & EXTI_PIN_MASK));
 714              		.loc 1 440 3 view .LVU237
 715              		.loc 1 440 28 is_stmt 0 view .LVU238
 716 0002 0368     		ldr	r3, [r0]
 717              		.loc 1 440 35 view .LVU239
 718 0004 1F22     		movs	r2, #31
 719 0006 1A40     		ands	r2, r3
 720              		.loc 1 440 12 view .LVU240
 721 0008 0123     		movs	r3, #1
 722 000a 9340     		lsls	r3, r3, r2
 723              	.LVL57:
 441:Drivers/STM32F0xx_HAL_Driver/Src/stm32f0xx_hal_exti.c **** 
 442:Drivers/STM32F0xx_HAL_Driver/Src/stm32f0xx_hal_exti.c ****   /* Get pending bit  */
 443:Drivers/STM32F0xx_HAL_Driver/Src/stm32f0xx_hal_exti.c ****   regval = (EXTI->PR & maskline);
 724              		.loc 1 443 3 is_stmt 1 view .LVU241
 725              		.loc 1 443 17 is_stmt 0 view .LVU242
 726 000c 054A     		ldr	r2, .L47
 727 000e 5269     		ldr	r2, [r2, #20]
 728              	.LVL58:
 444:Drivers/STM32F0xx_HAL_Driver/Src/stm32f0xx_hal_exti.c ****   if (regval != 0x00u)
 729              		.loc 1 444 3 is_stmt 1 view .LVU243
 730              		.loc 1 444 6 is_stmt 0 view .LVU244
 731 0010 1342     		tst	r3, r2
 732 0012 05D0     		beq	.L45
 445:Drivers/STM32F0xx_HAL_Driver/Src/stm32f0xx_hal_exti.c ****   {
 446:Drivers/STM32F0xx_HAL_Driver/Src/stm32f0xx_hal_exti.c ****     /* Clear pending bit */
 447:Drivers/STM32F0xx_HAL_Driver/Src/stm32f0xx_hal_exti.c ****     EXTI->PR = maskline;
 733              		.loc 1 447 5 is_stmt 1 view .LVU245
 734              		.loc 1 447 14 is_stmt 0 view .LVU246
 735 0014 034A     		ldr	r2, .L47
 736              	.LVL59:
 737              		.loc 1 447 14 view .LVU247
 738 0016 5361     		str	r3, [r2, #20]
 448:Drivers/STM32F0xx_HAL_Driver/Src/stm32f0xx_hal_exti.c **** 
 449:Drivers/STM32F0xx_HAL_Driver/Src/stm32f0xx_hal_exti.c ****     /* Call callback */
 450:Drivers/STM32F0xx_HAL_Driver/Src/stm32f0xx_hal_exti.c ****     if (hexti->PendingCallback != NULL)
 739              		.loc 1 450 5 is_stmt 1 view .LVU248
 740              		.loc 1 450 14 is_stmt 0 view .LVU249
 741 0018 4368     		ldr	r3, [r0, #4]
 742              	.LVL60:
 743              		.loc 1 450 8 view .LVU250
 744 001a 002B     		cmp	r3, #0
 745 001c 00D0     		beq	.L45
 451:Drivers/STM32F0xx_HAL_Driver/Src/stm32f0xx_hal_exti.c ****     {
ARM GAS  /tmp/cc1Q2paH.s 			page 23


 452:Drivers/STM32F0xx_HAL_Driver/Src/stm32f0xx_hal_exti.c ****       hexti->PendingCallback();
 746              		.loc 1 452 7 is_stmt 1 view .LVU251
 747 001e 9847     		blx	r3
 748              	.LVL61:
 749              	.L45:
 453:Drivers/STM32F0xx_HAL_Driver/Src/stm32f0xx_hal_exti.c ****     }
 454:Drivers/STM32F0xx_HAL_Driver/Src/stm32f0xx_hal_exti.c ****   }
 455:Drivers/STM32F0xx_HAL_Driver/Src/stm32f0xx_hal_exti.c **** }
 750              		.loc 1 455 1 is_stmt 0 view .LVU252
 751              		@ sp needed
 752 0020 10BD     		pop	{r4, pc}
 753              	.L48:
 754 0022 C046     		.align	2
 755              	.L47:
 756 0024 00040140 		.word	1073808384
 757              		.cfi_endproc
 758              	.LFE45:
 760              		.section	.text.HAL_EXTI_GetPending,"ax",%progbits
 761              		.align	1
 762              		.global	HAL_EXTI_GetPending
 763              		.syntax unified
 764              		.code	16
 765              		.thumb_func
 767              	HAL_EXTI_GetPending:
 768              	.LVL62:
 769              	.LFB46:
 456:Drivers/STM32F0xx_HAL_Driver/Src/stm32f0xx_hal_exti.c **** 
 457:Drivers/STM32F0xx_HAL_Driver/Src/stm32f0xx_hal_exti.c **** /**
 458:Drivers/STM32F0xx_HAL_Driver/Src/stm32f0xx_hal_exti.c ****   * @brief  Get interrupt pending bit of a dedicated line.
 459:Drivers/STM32F0xx_HAL_Driver/Src/stm32f0xx_hal_exti.c ****   * @param  hexti Exti handle.
 460:Drivers/STM32F0xx_HAL_Driver/Src/stm32f0xx_hal_exti.c ****   * @param  Edge Specify which pending edge as to be checked.
 461:Drivers/STM32F0xx_HAL_Driver/Src/stm32f0xx_hal_exti.c ****   *         This parameter can be one of the following values:
 462:Drivers/STM32F0xx_HAL_Driver/Src/stm32f0xx_hal_exti.c ****   *           @arg @ref EXTI_TRIGGER_RISING_FALLING
 463:Drivers/STM32F0xx_HAL_Driver/Src/stm32f0xx_hal_exti.c ****   *         This parameter is kept for compatibility with other series.
 464:Drivers/STM32F0xx_HAL_Driver/Src/stm32f0xx_hal_exti.c ****   * @retval 1 if interrupt is pending else 0.
 465:Drivers/STM32F0xx_HAL_Driver/Src/stm32f0xx_hal_exti.c ****   */
 466:Drivers/STM32F0xx_HAL_Driver/Src/stm32f0xx_hal_exti.c **** uint32_t HAL_EXTI_GetPending(EXTI_HandleTypeDef *hexti, uint32_t Edge)
 467:Drivers/STM32F0xx_HAL_Driver/Src/stm32f0xx_hal_exti.c **** {
 770              		.loc 1 467 1 is_stmt 1 view -0
 771              		.cfi_startproc
 772              		@ args = 0, pretend = 0, frame = 0
 773              		@ frame_needed = 0, uses_anonymous_args = 0
 774              		@ link register save eliminated.
 468:Drivers/STM32F0xx_HAL_Driver/Src/stm32f0xx_hal_exti.c ****   uint32_t regval;
 775              		.loc 1 468 3 view .LVU254
 469:Drivers/STM32F0xx_HAL_Driver/Src/stm32f0xx_hal_exti.c ****   uint32_t linepos;
 776              		.loc 1 469 3 view .LVU255
 470:Drivers/STM32F0xx_HAL_Driver/Src/stm32f0xx_hal_exti.c ****   uint32_t maskline;
 777              		.loc 1 470 3 view .LVU256
 471:Drivers/STM32F0xx_HAL_Driver/Src/stm32f0xx_hal_exti.c **** 
 472:Drivers/STM32F0xx_HAL_Driver/Src/stm32f0xx_hal_exti.c ****   /* Check parameters */
 473:Drivers/STM32F0xx_HAL_Driver/Src/stm32f0xx_hal_exti.c ****   assert_param(IS_EXTI_LINE(hexti->Line));
 778              		.loc 1 473 3 view .LVU257
 474:Drivers/STM32F0xx_HAL_Driver/Src/stm32f0xx_hal_exti.c ****   assert_param(IS_EXTI_CONFIG_LINE(hexti->Line));
 779              		.loc 1 474 3 view .LVU258
 475:Drivers/STM32F0xx_HAL_Driver/Src/stm32f0xx_hal_exti.c ****   assert_param(IS_EXTI_PENDING_EDGE(Edge));
 780              		.loc 1 475 3 view .LVU259
ARM GAS  /tmp/cc1Q2paH.s 			page 24


 476:Drivers/STM32F0xx_HAL_Driver/Src/stm32f0xx_hal_exti.c **** 
 477:Drivers/STM32F0xx_HAL_Driver/Src/stm32f0xx_hal_exti.c ****   /* Compute line mask */
 478:Drivers/STM32F0xx_HAL_Driver/Src/stm32f0xx_hal_exti.c ****   linepos = (hexti->Line & EXTI_PIN_MASK);
 781              		.loc 1 478 3 view .LVU260
 782              		.loc 1 478 19 is_stmt 0 view .LVU261
 783 0000 0268     		ldr	r2, [r0]
 784              		.loc 1 478 11 view .LVU262
 785 0002 1F23     		movs	r3, #31
 786 0004 1340     		ands	r3, r2
 787              	.LVL63:
 479:Drivers/STM32F0xx_HAL_Driver/Src/stm32f0xx_hal_exti.c ****   maskline = (1uL << linepos);
 788              		.loc 1 479 3 is_stmt 1 view .LVU263
 789              		.loc 1 479 12 is_stmt 0 view .LVU264
 790 0006 0120     		movs	r0, #1
 791              	.LVL64:
 792              		.loc 1 479 12 view .LVU265
 793 0008 9840     		lsls	r0, r0, r3
 794              	.LVL65:
 480:Drivers/STM32F0xx_HAL_Driver/Src/stm32f0xx_hal_exti.c **** 
 481:Drivers/STM32F0xx_HAL_Driver/Src/stm32f0xx_hal_exti.c ****   /* return 1 if bit is set else 0 */
 482:Drivers/STM32F0xx_HAL_Driver/Src/stm32f0xx_hal_exti.c ****   regval = ((EXTI->PR & maskline) >> linepos);
 795              		.loc 1 482 3 is_stmt 1 view .LVU266
 796              		.loc 1 482 18 is_stmt 0 view .LVU267
 797 000a 024A     		ldr	r2, .L50
 798 000c 5269     		ldr	r2, [r2, #20]
 799              		.loc 1 482 23 view .LVU268
 800 000e 1040     		ands	r0, r2
 801              	.LVL66:
 802              		.loc 1 482 10 view .LVU269
 803 0010 D840     		lsrs	r0, r0, r3
 804              	.LVL67:
 483:Drivers/STM32F0xx_HAL_Driver/Src/stm32f0xx_hal_exti.c ****   return regval;
 805              		.loc 1 483 3 is_stmt 1 view .LVU270
 484:Drivers/STM32F0xx_HAL_Driver/Src/stm32f0xx_hal_exti.c **** }
 806              		.loc 1 484 1 is_stmt 0 view .LVU271
 807              		@ sp needed
 808 0012 7047     		bx	lr
 809              	.L51:
 810              		.align	2
 811              	.L50:
 812 0014 00040140 		.word	1073808384
 813              		.cfi_endproc
 814              	.LFE46:
 816              		.section	.text.HAL_EXTI_ClearPending,"ax",%progbits
 817              		.align	1
 818              		.global	HAL_EXTI_ClearPending
 819              		.syntax unified
 820              		.code	16
 821              		.thumb_func
 823              	HAL_EXTI_ClearPending:
 824              	.LVL68:
 825              	.LFB47:
 485:Drivers/STM32F0xx_HAL_Driver/Src/stm32f0xx_hal_exti.c **** 
 486:Drivers/STM32F0xx_HAL_Driver/Src/stm32f0xx_hal_exti.c **** /**
 487:Drivers/STM32F0xx_HAL_Driver/Src/stm32f0xx_hal_exti.c ****   * @brief  Clear interrupt pending bit of a dedicated line.
 488:Drivers/STM32F0xx_HAL_Driver/Src/stm32f0xx_hal_exti.c ****   * @param  hexti Exti handle.
 489:Drivers/STM32F0xx_HAL_Driver/Src/stm32f0xx_hal_exti.c ****   * @param  Edge Specify which pending edge as to be clear.
ARM GAS  /tmp/cc1Q2paH.s 			page 25


 490:Drivers/STM32F0xx_HAL_Driver/Src/stm32f0xx_hal_exti.c ****   *         This parameter can be one of the following values:
 491:Drivers/STM32F0xx_HAL_Driver/Src/stm32f0xx_hal_exti.c ****   *           @arg @ref EXTI_TRIGGER_RISING_FALLING
 492:Drivers/STM32F0xx_HAL_Driver/Src/stm32f0xx_hal_exti.c ****   *         This parameter is kept for compatibility with other series.
 493:Drivers/STM32F0xx_HAL_Driver/Src/stm32f0xx_hal_exti.c ****   * @retval None.
 494:Drivers/STM32F0xx_HAL_Driver/Src/stm32f0xx_hal_exti.c ****   */
 495:Drivers/STM32F0xx_HAL_Driver/Src/stm32f0xx_hal_exti.c **** void HAL_EXTI_ClearPending(EXTI_HandleTypeDef *hexti, uint32_t Edge)
 496:Drivers/STM32F0xx_HAL_Driver/Src/stm32f0xx_hal_exti.c **** {
 826              		.loc 1 496 1 is_stmt 1 view -0
 827              		.cfi_startproc
 828              		@ args = 0, pretend = 0, frame = 0
 829              		@ frame_needed = 0, uses_anonymous_args = 0
 830              		@ link register save eliminated.
 497:Drivers/STM32F0xx_HAL_Driver/Src/stm32f0xx_hal_exti.c ****   uint32_t maskline;
 831              		.loc 1 497 3 view .LVU273
 498:Drivers/STM32F0xx_HAL_Driver/Src/stm32f0xx_hal_exti.c **** 
 499:Drivers/STM32F0xx_HAL_Driver/Src/stm32f0xx_hal_exti.c ****   /* Check parameters */
 500:Drivers/STM32F0xx_HAL_Driver/Src/stm32f0xx_hal_exti.c ****   assert_param(IS_EXTI_LINE(hexti->Line));
 832              		.loc 1 500 3 view .LVU274
 501:Drivers/STM32F0xx_HAL_Driver/Src/stm32f0xx_hal_exti.c ****   assert_param(IS_EXTI_CONFIG_LINE(hexti->Line));
 833              		.loc 1 501 3 view .LVU275
 502:Drivers/STM32F0xx_HAL_Driver/Src/stm32f0xx_hal_exti.c ****   assert_param(IS_EXTI_PENDING_EDGE(Edge));
 834              		.loc 1 502 3 view .LVU276
 503:Drivers/STM32F0xx_HAL_Driver/Src/stm32f0xx_hal_exti.c **** 
 504:Drivers/STM32F0xx_HAL_Driver/Src/stm32f0xx_hal_exti.c ****   /* Compute line mask */
 505:Drivers/STM32F0xx_HAL_Driver/Src/stm32f0xx_hal_exti.c ****   maskline = (1uL << (hexti->Line & EXTI_PIN_MASK));
 835              		.loc 1 505 3 view .LVU277
 836              		.loc 1 505 28 is_stmt 0 view .LVU278
 837 0000 0368     		ldr	r3, [r0]
 838              		.loc 1 505 35 view .LVU279
 839 0002 1F22     		movs	r2, #31
 840 0004 1A40     		ands	r2, r3
 841              		.loc 1 505 12 view .LVU280
 842 0006 0123     		movs	r3, #1
 843 0008 9340     		lsls	r3, r3, r2
 844              	.LVL69:
 506:Drivers/STM32F0xx_HAL_Driver/Src/stm32f0xx_hal_exti.c **** 
 507:Drivers/STM32F0xx_HAL_Driver/Src/stm32f0xx_hal_exti.c ****   /* Clear Pending bit */
 508:Drivers/STM32F0xx_HAL_Driver/Src/stm32f0xx_hal_exti.c ****   EXTI->PR =  maskline;
 845              		.loc 1 508 3 is_stmt 1 view .LVU281
 846              		.loc 1 508 12 is_stmt 0 view .LVU282
 847 000a 014A     		ldr	r2, .L53
 848 000c 5361     		str	r3, [r2, #20]
 509:Drivers/STM32F0xx_HAL_Driver/Src/stm32f0xx_hal_exti.c **** }
 849              		.loc 1 509 1 view .LVU283
 850              		@ sp needed
 851 000e 7047     		bx	lr
 852              	.L54:
 853              		.align	2
 854              	.L53:
 855 0010 00040140 		.word	1073808384
 856              		.cfi_endproc
 857              	.LFE47:
 859              		.section	.text.HAL_EXTI_GenerateSWI,"ax",%progbits
 860              		.align	1
 861              		.global	HAL_EXTI_GenerateSWI
 862              		.syntax unified
 863              		.code	16
ARM GAS  /tmp/cc1Q2paH.s 			page 26


 864              		.thumb_func
 866              	HAL_EXTI_GenerateSWI:
 867              	.LVL70:
 868              	.LFB48:
 510:Drivers/STM32F0xx_HAL_Driver/Src/stm32f0xx_hal_exti.c **** 
 511:Drivers/STM32F0xx_HAL_Driver/Src/stm32f0xx_hal_exti.c **** /**
 512:Drivers/STM32F0xx_HAL_Driver/Src/stm32f0xx_hal_exti.c ****   * @brief  Generate a software interrupt for a dedicated line.
 513:Drivers/STM32F0xx_HAL_Driver/Src/stm32f0xx_hal_exti.c ****   * @param  hexti Exti handle.
 514:Drivers/STM32F0xx_HAL_Driver/Src/stm32f0xx_hal_exti.c ****   * @retval None.
 515:Drivers/STM32F0xx_HAL_Driver/Src/stm32f0xx_hal_exti.c ****   */
 516:Drivers/STM32F0xx_HAL_Driver/Src/stm32f0xx_hal_exti.c **** void HAL_EXTI_GenerateSWI(EXTI_HandleTypeDef *hexti)
 517:Drivers/STM32F0xx_HAL_Driver/Src/stm32f0xx_hal_exti.c **** {
 869              		.loc 1 517 1 is_stmt 1 view -0
 870              		.cfi_startproc
 871              		@ args = 0, pretend = 0, frame = 0
 872              		@ frame_needed = 0, uses_anonymous_args = 0
 873              		@ link register save eliminated.
 518:Drivers/STM32F0xx_HAL_Driver/Src/stm32f0xx_hal_exti.c ****   uint32_t maskline;
 874              		.loc 1 518 3 view .LVU285
 519:Drivers/STM32F0xx_HAL_Driver/Src/stm32f0xx_hal_exti.c **** 
 520:Drivers/STM32F0xx_HAL_Driver/Src/stm32f0xx_hal_exti.c ****   /* Check parameters */
 521:Drivers/STM32F0xx_HAL_Driver/Src/stm32f0xx_hal_exti.c ****   assert_param(IS_EXTI_LINE(hexti->Line));
 875              		.loc 1 521 3 view .LVU286
 522:Drivers/STM32F0xx_HAL_Driver/Src/stm32f0xx_hal_exti.c ****   assert_param(IS_EXTI_CONFIG_LINE(hexti->Line));
 876              		.loc 1 522 3 view .LVU287
 523:Drivers/STM32F0xx_HAL_Driver/Src/stm32f0xx_hal_exti.c **** 
 524:Drivers/STM32F0xx_HAL_Driver/Src/stm32f0xx_hal_exti.c ****   /* Compute line mask */
 525:Drivers/STM32F0xx_HAL_Driver/Src/stm32f0xx_hal_exti.c ****   maskline = (1uL << (hexti->Line & EXTI_PIN_MASK));
 877              		.loc 1 525 3 view .LVU288
 878              		.loc 1 525 28 is_stmt 0 view .LVU289
 879 0000 0368     		ldr	r3, [r0]
 880              		.loc 1 525 35 view .LVU290
 881 0002 1F22     		movs	r2, #31
 882 0004 1A40     		ands	r2, r3
 883              		.loc 1 525 12 view .LVU291
 884 0006 0123     		movs	r3, #1
 885 0008 9340     		lsls	r3, r3, r2
 886              	.LVL71:
 526:Drivers/STM32F0xx_HAL_Driver/Src/stm32f0xx_hal_exti.c **** 
 527:Drivers/STM32F0xx_HAL_Driver/Src/stm32f0xx_hal_exti.c ****   /* Generate Software interrupt */
 528:Drivers/STM32F0xx_HAL_Driver/Src/stm32f0xx_hal_exti.c ****   EXTI->SWIER = maskline;
 887              		.loc 1 528 3 is_stmt 1 view .LVU292
 888              		.loc 1 528 15 is_stmt 0 view .LVU293
 889 000a 014A     		ldr	r2, .L56
 890 000c 1361     		str	r3, [r2, #16]
 529:Drivers/STM32F0xx_HAL_Driver/Src/stm32f0xx_hal_exti.c **** }
 891              		.loc 1 529 1 view .LVU294
 892              		@ sp needed
 893 000e 7047     		bx	lr
 894              	.L57:
 895              		.align	2
 896              	.L56:
 897 0010 00040140 		.word	1073808384
 898              		.cfi_endproc
 899              	.LFE48:
 901              		.text
 902              	.Letext0:
ARM GAS  /tmp/cc1Q2paH.s 			page 27


 903              		.file 2 "/usr/arm-none-eabi/include/machine/_default_types.h"
 904              		.file 3 "/usr/arm-none-eabi/include/sys/_stdint.h"
 905              		.file 4 "Drivers/CMSIS/Device/ST/STM32F0xx/Include/stm32f030x8.h"
 906              		.file 5 "Drivers/STM32F0xx_HAL_Driver/Inc/stm32f0xx_hal_def.h"
 907              		.file 6 "Drivers/STM32F0xx_HAL_Driver/Inc/stm32f0xx_hal_exti.h"
ARM GAS  /tmp/cc1Q2paH.s 			page 28


DEFINED SYMBOLS
                            *ABS*:00000000 stm32f0xx_hal_exti.c
     /tmp/cc1Q2paH.s:19     .text.HAL_EXTI_SetConfigLine:00000000 $t
     /tmp/cc1Q2paH.s:25     .text.HAL_EXTI_SetConfigLine:00000000 HAL_EXTI_SetConfigLine
     /tmp/cc1Q2paH.s:251    .text.HAL_EXTI_SetConfigLine:000000c0 $d
     /tmp/cc1Q2paH.s:257    .text.HAL_EXTI_GetConfigLine:00000000 $t
     /tmp/cc1Q2paH.s:263    .text.HAL_EXTI_GetConfigLine:00000000 HAL_EXTI_GetConfigLine
     /tmp/cc1Q2paH.s:449    .text.HAL_EXTI_GetConfigLine:0000009c $d
     /tmp/cc1Q2paH.s:455    .text.HAL_EXTI_ClearConfigLine:00000000 $t
     /tmp/cc1Q2paH.s:461    .text.HAL_EXTI_ClearConfigLine:00000000 HAL_EXTI_ClearConfigLine
     /tmp/cc1Q2paH.s:605    .text.HAL_EXTI_ClearConfigLine:00000070 $d
     /tmp/cc1Q2paH.s:611    .text.HAL_EXTI_RegisterCallback:00000000 $t
     /tmp/cc1Q2paH.s:617    .text.HAL_EXTI_RegisterCallback:00000000 HAL_EXTI_RegisterCallback
     /tmp/cc1Q2paH.s:652    .text.HAL_EXTI_GetHandle:00000000 $t
     /tmp/cc1Q2paH.s:658    .text.HAL_EXTI_GetHandle:00000000 HAL_EXTI_GetHandle
     /tmp/cc1Q2paH.s:693    .text.HAL_EXTI_IRQHandler:00000000 $t
     /tmp/cc1Q2paH.s:699    .text.HAL_EXTI_IRQHandler:00000000 HAL_EXTI_IRQHandler
     /tmp/cc1Q2paH.s:756    .text.HAL_EXTI_IRQHandler:00000024 $d
     /tmp/cc1Q2paH.s:761    .text.HAL_EXTI_GetPending:00000000 $t
     /tmp/cc1Q2paH.s:767    .text.HAL_EXTI_GetPending:00000000 HAL_EXTI_GetPending
     /tmp/cc1Q2paH.s:812    .text.HAL_EXTI_GetPending:00000014 $d
     /tmp/cc1Q2paH.s:817    .text.HAL_EXTI_ClearPending:00000000 $t
     /tmp/cc1Q2paH.s:823    .text.HAL_EXTI_ClearPending:00000000 HAL_EXTI_ClearPending
     /tmp/cc1Q2paH.s:855    .text.HAL_EXTI_ClearPending:00000010 $d
     /tmp/cc1Q2paH.s:860    .text.HAL_EXTI_GenerateSWI:00000000 $t
     /tmp/cc1Q2paH.s:866    .text.HAL_EXTI_GenerateSWI:00000000 HAL_EXTI_GenerateSWI
     /tmp/cc1Q2paH.s:897    .text.HAL_EXTI_GenerateSWI:00000010 $d

NO UNDEFINED SYMBOLS
