ARM GAS  /tmp/ccMNkUFI.s 			page 1


   1              		.cpu cortex-m0
   2              		.arch armv6s-m
   3              		.fpu softvfp
   4              		.eabi_attribute 20, 1
   5              		.eabi_attribute 21, 1
   6              		.eabi_attribute 23, 3
   7              		.eabi_attribute 24, 1
   8              		.eabi_attribute 25, 1
   9              		.eabi_attribute 26, 1
  10              		.eabi_attribute 30, 1
  11              		.eabi_attribute 34, 0
  12              		.eabi_attribute 18, 4
  13              		.file	"stm32f0xx_hal.c"
  14              		.text
  15              	.Ltext0:
  16              		.cfi_sections	.debug_frame
  17              		.file 1 "Drivers/STM32F0xx_HAL_Driver/Src/stm32f0xx_hal.c"
  18              		.section	.text.HAL_MspInit,"ax",%progbits
  19              		.align	1
  20              		.weak	HAL_MspInit
  21              		.syntax unified
  22              		.code	16
  23              		.thumb_func
  25              	HAL_MspInit:
  26              	.LFB42:
   1:Drivers/STM32F0xx_HAL_Driver/Src/stm32f0xx_hal.c **** /**
   2:Drivers/STM32F0xx_HAL_Driver/Src/stm32f0xx_hal.c ****   ******************************************************************************
   3:Drivers/STM32F0xx_HAL_Driver/Src/stm32f0xx_hal.c ****   * @file    stm32f0xx_hal.c
   4:Drivers/STM32F0xx_HAL_Driver/Src/stm32f0xx_hal.c ****   * @author  MCD Application Team
   5:Drivers/STM32F0xx_HAL_Driver/Src/stm32f0xx_hal.c ****   * @brief   HAL module driver.
   6:Drivers/STM32F0xx_HAL_Driver/Src/stm32f0xx_hal.c ****   *          This is the common part of the HAL initialization
   7:Drivers/STM32F0xx_HAL_Driver/Src/stm32f0xx_hal.c ****   *
   8:Drivers/STM32F0xx_HAL_Driver/Src/stm32f0xx_hal.c ****   ******************************************************************************
   9:Drivers/STM32F0xx_HAL_Driver/Src/stm32f0xx_hal.c ****   * @attention
  10:Drivers/STM32F0xx_HAL_Driver/Src/stm32f0xx_hal.c ****   *
  11:Drivers/STM32F0xx_HAL_Driver/Src/stm32f0xx_hal.c ****   * Copyright (c) 2016 STMicroelectronics.
  12:Drivers/STM32F0xx_HAL_Driver/Src/stm32f0xx_hal.c ****   * All rights reserved.
  13:Drivers/STM32F0xx_HAL_Driver/Src/stm32f0xx_hal.c ****   *
  14:Drivers/STM32F0xx_HAL_Driver/Src/stm32f0xx_hal.c ****   * This software is licensed under terms that can be found in the LICENSE file
  15:Drivers/STM32F0xx_HAL_Driver/Src/stm32f0xx_hal.c ****   * in the root directory of this software component.
  16:Drivers/STM32F0xx_HAL_Driver/Src/stm32f0xx_hal.c ****   * If no LICENSE file comes with this software, it is provided AS-IS.
  17:Drivers/STM32F0xx_HAL_Driver/Src/stm32f0xx_hal.c ****   *
  18:Drivers/STM32F0xx_HAL_Driver/Src/stm32f0xx_hal.c ****   ******************************************************************************
  19:Drivers/STM32F0xx_HAL_Driver/Src/stm32f0xx_hal.c ****   @verbatim
  20:Drivers/STM32F0xx_HAL_Driver/Src/stm32f0xx_hal.c ****   ==============================================================================
  21:Drivers/STM32F0xx_HAL_Driver/Src/stm32f0xx_hal.c ****                      ##### How to use this driver #####
  22:Drivers/STM32F0xx_HAL_Driver/Src/stm32f0xx_hal.c ****   ==============================================================================
  23:Drivers/STM32F0xx_HAL_Driver/Src/stm32f0xx_hal.c ****     [..]
  24:Drivers/STM32F0xx_HAL_Driver/Src/stm32f0xx_hal.c ****     The common HAL driver contains a set of generic and common APIs that can be
  25:Drivers/STM32F0xx_HAL_Driver/Src/stm32f0xx_hal.c ****     used by the PPP peripheral drivers and the user to start using the HAL. 
  26:Drivers/STM32F0xx_HAL_Driver/Src/stm32f0xx_hal.c ****     [..]
  27:Drivers/STM32F0xx_HAL_Driver/Src/stm32f0xx_hal.c ****     The HAL contains two APIs categories:
  28:Drivers/STM32F0xx_HAL_Driver/Src/stm32f0xx_hal.c ****          (+) HAL Initialization and de-initialization functions
  29:Drivers/STM32F0xx_HAL_Driver/Src/stm32f0xx_hal.c ****          (+) HAL Control functions
  30:Drivers/STM32F0xx_HAL_Driver/Src/stm32f0xx_hal.c **** 
  31:Drivers/STM32F0xx_HAL_Driver/Src/stm32f0xx_hal.c ****   @endverbatim
  32:Drivers/STM32F0xx_HAL_Driver/Src/stm32f0xx_hal.c ****   ******************************************************************************
ARM GAS  /tmp/ccMNkUFI.s 			page 2


  33:Drivers/STM32F0xx_HAL_Driver/Src/stm32f0xx_hal.c ****   */
  34:Drivers/STM32F0xx_HAL_Driver/Src/stm32f0xx_hal.c **** 
  35:Drivers/STM32F0xx_HAL_Driver/Src/stm32f0xx_hal.c **** /* Includes ------------------------------------------------------------------*/
  36:Drivers/STM32F0xx_HAL_Driver/Src/stm32f0xx_hal.c **** #include "stm32f0xx_hal.h"
  37:Drivers/STM32F0xx_HAL_Driver/Src/stm32f0xx_hal.c **** 
  38:Drivers/STM32F0xx_HAL_Driver/Src/stm32f0xx_hal.c **** /** @addtogroup STM32F0xx_HAL_Driver
  39:Drivers/STM32F0xx_HAL_Driver/Src/stm32f0xx_hal.c ****   * @{
  40:Drivers/STM32F0xx_HAL_Driver/Src/stm32f0xx_hal.c ****   */
  41:Drivers/STM32F0xx_HAL_Driver/Src/stm32f0xx_hal.c **** 
  42:Drivers/STM32F0xx_HAL_Driver/Src/stm32f0xx_hal.c **** /** @defgroup HAL HAL
  43:Drivers/STM32F0xx_HAL_Driver/Src/stm32f0xx_hal.c ****   * @brief HAL module driver.
  44:Drivers/STM32F0xx_HAL_Driver/Src/stm32f0xx_hal.c ****   * @{
  45:Drivers/STM32F0xx_HAL_Driver/Src/stm32f0xx_hal.c ****   */
  46:Drivers/STM32F0xx_HAL_Driver/Src/stm32f0xx_hal.c **** 
  47:Drivers/STM32F0xx_HAL_Driver/Src/stm32f0xx_hal.c **** #ifdef HAL_MODULE_ENABLED
  48:Drivers/STM32F0xx_HAL_Driver/Src/stm32f0xx_hal.c **** 
  49:Drivers/STM32F0xx_HAL_Driver/Src/stm32f0xx_hal.c **** /* Private typedef -----------------------------------------------------------*/
  50:Drivers/STM32F0xx_HAL_Driver/Src/stm32f0xx_hal.c **** /* Private define ------------------------------------------------------------*/
  51:Drivers/STM32F0xx_HAL_Driver/Src/stm32f0xx_hal.c **** /** @defgroup HAL_Private_Constants HAL Private Constants
  52:Drivers/STM32F0xx_HAL_Driver/Src/stm32f0xx_hal.c ****   * @{
  53:Drivers/STM32F0xx_HAL_Driver/Src/stm32f0xx_hal.c ****   */
  54:Drivers/STM32F0xx_HAL_Driver/Src/stm32f0xx_hal.c **** /** 
  55:Drivers/STM32F0xx_HAL_Driver/Src/stm32f0xx_hal.c ****   * @brief STM32F0xx HAL Driver version number
  56:Drivers/STM32F0xx_HAL_Driver/Src/stm32f0xx_hal.c ****   */
  57:Drivers/STM32F0xx_HAL_Driver/Src/stm32f0xx_hal.c **** #define __STM32F0xx_HAL_VERSION_MAIN   (0x01U) /*!< [31:24] main version */
  58:Drivers/STM32F0xx_HAL_Driver/Src/stm32f0xx_hal.c **** #define __STM32F0xx_HAL_VERSION_SUB1   (0x07U) /*!< [23:16] sub1 version */
  59:Drivers/STM32F0xx_HAL_Driver/Src/stm32f0xx_hal.c **** #define __STM32F0xx_HAL_VERSION_SUB2   (0x08U) /*!< [15:8]  sub2 version */
  60:Drivers/STM32F0xx_HAL_Driver/Src/stm32f0xx_hal.c **** #define __STM32F0xx_HAL_VERSION_RC     (0x00U) /*!< [7:0]  release candidate */ 
  61:Drivers/STM32F0xx_HAL_Driver/Src/stm32f0xx_hal.c **** #define __STM32F0xx_HAL_VERSION         ((__STM32F0xx_HAL_VERSION_MAIN << 24U)\
  62:Drivers/STM32F0xx_HAL_Driver/Src/stm32f0xx_hal.c ****                                         |(__STM32F0xx_HAL_VERSION_SUB1 << 16U)\
  63:Drivers/STM32F0xx_HAL_Driver/Src/stm32f0xx_hal.c ****                                         |(__STM32F0xx_HAL_VERSION_SUB2 << 8U )\
  64:Drivers/STM32F0xx_HAL_Driver/Src/stm32f0xx_hal.c ****                                         |(__STM32F0xx_HAL_VERSION_RC))
  65:Drivers/STM32F0xx_HAL_Driver/Src/stm32f0xx_hal.c **** 
  66:Drivers/STM32F0xx_HAL_Driver/Src/stm32f0xx_hal.c **** #define IDCODE_DEVID_MASK    (0x00000FFFU)
  67:Drivers/STM32F0xx_HAL_Driver/Src/stm32f0xx_hal.c **** /**
  68:Drivers/STM32F0xx_HAL_Driver/Src/stm32f0xx_hal.c ****   * @}
  69:Drivers/STM32F0xx_HAL_Driver/Src/stm32f0xx_hal.c ****   */
  70:Drivers/STM32F0xx_HAL_Driver/Src/stm32f0xx_hal.c **** 
  71:Drivers/STM32F0xx_HAL_Driver/Src/stm32f0xx_hal.c **** /* Private macro -------------------------------------------------------------*/
  72:Drivers/STM32F0xx_HAL_Driver/Src/stm32f0xx_hal.c **** /** @defgroup HAL_Private_Macros HAL Private Macros
  73:Drivers/STM32F0xx_HAL_Driver/Src/stm32f0xx_hal.c ****   * @{
  74:Drivers/STM32F0xx_HAL_Driver/Src/stm32f0xx_hal.c ****   */
  75:Drivers/STM32F0xx_HAL_Driver/Src/stm32f0xx_hal.c **** /**
  76:Drivers/STM32F0xx_HAL_Driver/Src/stm32f0xx_hal.c ****   * @}
  77:Drivers/STM32F0xx_HAL_Driver/Src/stm32f0xx_hal.c ****   */
  78:Drivers/STM32F0xx_HAL_Driver/Src/stm32f0xx_hal.c **** 
  79:Drivers/STM32F0xx_HAL_Driver/Src/stm32f0xx_hal.c **** /* Exported variables ---------------------------------------------------------*/
  80:Drivers/STM32F0xx_HAL_Driver/Src/stm32f0xx_hal.c **** /** @defgroup HAL_Private_Variables HAL Exported Variables
  81:Drivers/STM32F0xx_HAL_Driver/Src/stm32f0xx_hal.c ****   * @{
  82:Drivers/STM32F0xx_HAL_Driver/Src/stm32f0xx_hal.c ****   */
  83:Drivers/STM32F0xx_HAL_Driver/Src/stm32f0xx_hal.c **** __IO uint32_t uwTick;
  84:Drivers/STM32F0xx_HAL_Driver/Src/stm32f0xx_hal.c **** uint32_t uwTickPrio   = (1UL << __NVIC_PRIO_BITS); /* Invalid PRIO */
  85:Drivers/STM32F0xx_HAL_Driver/Src/stm32f0xx_hal.c **** HAL_TickFreqTypeDef uwTickFreq = HAL_TICK_FREQ_DEFAULT;  /* 1KHz */
  86:Drivers/STM32F0xx_HAL_Driver/Src/stm32f0xx_hal.c **** /**
  87:Drivers/STM32F0xx_HAL_Driver/Src/stm32f0xx_hal.c ****   * @}
  88:Drivers/STM32F0xx_HAL_Driver/Src/stm32f0xx_hal.c ****   */
  89:Drivers/STM32F0xx_HAL_Driver/Src/stm32f0xx_hal.c **** /* Private function prototypes -----------------------------------------------*/
ARM GAS  /tmp/ccMNkUFI.s 			page 3


  90:Drivers/STM32F0xx_HAL_Driver/Src/stm32f0xx_hal.c **** /* Exported functions ---------------------------------------------------------*/
  91:Drivers/STM32F0xx_HAL_Driver/Src/stm32f0xx_hal.c **** 
  92:Drivers/STM32F0xx_HAL_Driver/Src/stm32f0xx_hal.c **** /** @defgroup HAL_Exported_Functions HAL Exported Functions
  93:Drivers/STM32F0xx_HAL_Driver/Src/stm32f0xx_hal.c ****   * @{
  94:Drivers/STM32F0xx_HAL_Driver/Src/stm32f0xx_hal.c ****   */
  95:Drivers/STM32F0xx_HAL_Driver/Src/stm32f0xx_hal.c **** 
  96:Drivers/STM32F0xx_HAL_Driver/Src/stm32f0xx_hal.c **** /** @defgroup HAL_Exported_Functions_Group1 Initialization and de-initialization Functions 
  97:Drivers/STM32F0xx_HAL_Driver/Src/stm32f0xx_hal.c ****   * @brief    Initialization and de-initialization functions
  98:Drivers/STM32F0xx_HAL_Driver/Src/stm32f0xx_hal.c ****   *
  99:Drivers/STM32F0xx_HAL_Driver/Src/stm32f0xx_hal.c **** @verbatim
 100:Drivers/STM32F0xx_HAL_Driver/Src/stm32f0xx_hal.c ****  ===============================================================================
 101:Drivers/STM32F0xx_HAL_Driver/Src/stm32f0xx_hal.c ****               ##### Initialization and de-initialization functions #####
 102:Drivers/STM32F0xx_HAL_Driver/Src/stm32f0xx_hal.c ****  ===============================================================================
 103:Drivers/STM32F0xx_HAL_Driver/Src/stm32f0xx_hal.c ****    [..]  This section provides functions allowing to:
 104:Drivers/STM32F0xx_HAL_Driver/Src/stm32f0xx_hal.c ****       (+) Initializes the Flash interface, the NVIC allocation and initial clock 
 105:Drivers/STM32F0xx_HAL_Driver/Src/stm32f0xx_hal.c ****           configuration. It initializes the systick also when timeout is needed
 106:Drivers/STM32F0xx_HAL_Driver/Src/stm32f0xx_hal.c ****           and the backup domain when enabled.
 107:Drivers/STM32F0xx_HAL_Driver/Src/stm32f0xx_hal.c ****       (+) de-Initializes common part of the HAL.
 108:Drivers/STM32F0xx_HAL_Driver/Src/stm32f0xx_hal.c ****       (+) Configure The time base source to have 1ms time base with a dedicated
 109:Drivers/STM32F0xx_HAL_Driver/Src/stm32f0xx_hal.c ****           Tick interrupt priority.
 110:Drivers/STM32F0xx_HAL_Driver/Src/stm32f0xx_hal.c ****         (++) SysTick timer is used by default as source of time base, but user
 111:Drivers/STM32F0xx_HAL_Driver/Src/stm32f0xx_hal.c ****              can eventually implement his proper time base source (a general purpose 
 112:Drivers/STM32F0xx_HAL_Driver/Src/stm32f0xx_hal.c ****              timer for example or other time source), keeping in mind that Time base 
 113:Drivers/STM32F0xx_HAL_Driver/Src/stm32f0xx_hal.c ****              duration should be kept 1ms since PPP_TIMEOUT_VALUEs are defined and 
 114:Drivers/STM32F0xx_HAL_Driver/Src/stm32f0xx_hal.c ****              handled in milliseconds basis.
 115:Drivers/STM32F0xx_HAL_Driver/Src/stm32f0xx_hal.c ****         (++) Time base configuration function (HAL_InitTick ()) is called automatically 
 116:Drivers/STM32F0xx_HAL_Driver/Src/stm32f0xx_hal.c ****              at the beginning of the program after reset by HAL_Init() or at any time 
 117:Drivers/STM32F0xx_HAL_Driver/Src/stm32f0xx_hal.c ****              when clock is configured, by HAL_RCC_ClockConfig(). 
 118:Drivers/STM32F0xx_HAL_Driver/Src/stm32f0xx_hal.c ****         (++) Source of time base is configured  to generate interrupts at regular 
 119:Drivers/STM32F0xx_HAL_Driver/Src/stm32f0xx_hal.c ****              time intervals. Care must be taken if HAL_Delay() is called from a 
 120:Drivers/STM32F0xx_HAL_Driver/Src/stm32f0xx_hal.c ****              peripheral ISR process, the Tick interrupt line must have higher priority 
 121:Drivers/STM32F0xx_HAL_Driver/Src/stm32f0xx_hal.c ****             (numerically lower) than the peripheral interrupt. Otherwise the caller 
 122:Drivers/STM32F0xx_HAL_Driver/Src/stm32f0xx_hal.c ****             ISR process will be blocked. 
 123:Drivers/STM32F0xx_HAL_Driver/Src/stm32f0xx_hal.c ****        (++) functions affecting time base configurations are declared as __Weak  
 124:Drivers/STM32F0xx_HAL_Driver/Src/stm32f0xx_hal.c ****              to make  override possible  in case of other  implementations in user file.
 125:Drivers/STM32F0xx_HAL_Driver/Src/stm32f0xx_hal.c ****  
 126:Drivers/STM32F0xx_HAL_Driver/Src/stm32f0xx_hal.c **** @endverbatim
 127:Drivers/STM32F0xx_HAL_Driver/Src/stm32f0xx_hal.c ****   * @{
 128:Drivers/STM32F0xx_HAL_Driver/Src/stm32f0xx_hal.c ****   */
 129:Drivers/STM32F0xx_HAL_Driver/Src/stm32f0xx_hal.c **** 
 130:Drivers/STM32F0xx_HAL_Driver/Src/stm32f0xx_hal.c **** /**
 131:Drivers/STM32F0xx_HAL_Driver/Src/stm32f0xx_hal.c ****   * @brief  This function configures the Flash prefetch,
 132:Drivers/STM32F0xx_HAL_Driver/Src/stm32f0xx_hal.c ****   *        Configures time base source, NVIC and Low level hardware
 133:Drivers/STM32F0xx_HAL_Driver/Src/stm32f0xx_hal.c ****   * @note This function is called at the beginning of program after reset and before 
 134:Drivers/STM32F0xx_HAL_Driver/Src/stm32f0xx_hal.c ****   *       the clock configuration
 135:Drivers/STM32F0xx_HAL_Driver/Src/stm32f0xx_hal.c ****   * @note The time base configuration is based on HSI clock when exiting from Reset.
 136:Drivers/STM32F0xx_HAL_Driver/Src/stm32f0xx_hal.c ****   *       Once done, time base tick start incrementing.
 137:Drivers/STM32F0xx_HAL_Driver/Src/stm32f0xx_hal.c ****   *       In the default implementation,Systick is used as source of time base.
 138:Drivers/STM32F0xx_HAL_Driver/Src/stm32f0xx_hal.c ****   *       The tick variable is incremented each 1ms in its ISR.
 139:Drivers/STM32F0xx_HAL_Driver/Src/stm32f0xx_hal.c ****   * @retval HAL status
 140:Drivers/STM32F0xx_HAL_Driver/Src/stm32f0xx_hal.c ****   */
 141:Drivers/STM32F0xx_HAL_Driver/Src/stm32f0xx_hal.c **** HAL_StatusTypeDef HAL_Init(void)
 142:Drivers/STM32F0xx_HAL_Driver/Src/stm32f0xx_hal.c **** {
 143:Drivers/STM32F0xx_HAL_Driver/Src/stm32f0xx_hal.c ****   /* Configure Flash prefetch */ 
 144:Drivers/STM32F0xx_HAL_Driver/Src/stm32f0xx_hal.c **** #if (PREFETCH_ENABLE != 0)
 145:Drivers/STM32F0xx_HAL_Driver/Src/stm32f0xx_hal.c ****   __HAL_FLASH_PREFETCH_BUFFER_ENABLE();
 146:Drivers/STM32F0xx_HAL_Driver/Src/stm32f0xx_hal.c **** #endif /* PREFETCH_ENABLE */
ARM GAS  /tmp/ccMNkUFI.s 			page 4


 147:Drivers/STM32F0xx_HAL_Driver/Src/stm32f0xx_hal.c **** 
 148:Drivers/STM32F0xx_HAL_Driver/Src/stm32f0xx_hal.c ****   /* Use systick as time base source and configure 1ms tick (default clock after Reset is HSI) */
 149:Drivers/STM32F0xx_HAL_Driver/Src/stm32f0xx_hal.c **** 
 150:Drivers/STM32F0xx_HAL_Driver/Src/stm32f0xx_hal.c ****   HAL_InitTick(TICK_INT_PRIORITY);
 151:Drivers/STM32F0xx_HAL_Driver/Src/stm32f0xx_hal.c **** 
 152:Drivers/STM32F0xx_HAL_Driver/Src/stm32f0xx_hal.c ****   /* Init the low level hardware */
 153:Drivers/STM32F0xx_HAL_Driver/Src/stm32f0xx_hal.c ****   HAL_MspInit();
 154:Drivers/STM32F0xx_HAL_Driver/Src/stm32f0xx_hal.c **** 
 155:Drivers/STM32F0xx_HAL_Driver/Src/stm32f0xx_hal.c ****   /* Return function status */
 156:Drivers/STM32F0xx_HAL_Driver/Src/stm32f0xx_hal.c ****   return HAL_OK;
 157:Drivers/STM32F0xx_HAL_Driver/Src/stm32f0xx_hal.c **** }
 158:Drivers/STM32F0xx_HAL_Driver/Src/stm32f0xx_hal.c **** 
 159:Drivers/STM32F0xx_HAL_Driver/Src/stm32f0xx_hal.c **** /**
 160:Drivers/STM32F0xx_HAL_Driver/Src/stm32f0xx_hal.c ****   * @brief This function de-Initialize common part of the HAL and stops the SysTick
 161:Drivers/STM32F0xx_HAL_Driver/Src/stm32f0xx_hal.c ****   *        of time base.
 162:Drivers/STM32F0xx_HAL_Driver/Src/stm32f0xx_hal.c ****   * @note This function is optional.
 163:Drivers/STM32F0xx_HAL_Driver/Src/stm32f0xx_hal.c ****   * @retval HAL status
 164:Drivers/STM32F0xx_HAL_Driver/Src/stm32f0xx_hal.c ****   */
 165:Drivers/STM32F0xx_HAL_Driver/Src/stm32f0xx_hal.c **** HAL_StatusTypeDef HAL_DeInit(void)
 166:Drivers/STM32F0xx_HAL_Driver/Src/stm32f0xx_hal.c **** {
 167:Drivers/STM32F0xx_HAL_Driver/Src/stm32f0xx_hal.c ****   /* Reset of all peripherals */
 168:Drivers/STM32F0xx_HAL_Driver/Src/stm32f0xx_hal.c ****   __HAL_RCC_APB1_FORCE_RESET();
 169:Drivers/STM32F0xx_HAL_Driver/Src/stm32f0xx_hal.c ****   __HAL_RCC_APB1_RELEASE_RESET();
 170:Drivers/STM32F0xx_HAL_Driver/Src/stm32f0xx_hal.c **** 
 171:Drivers/STM32F0xx_HAL_Driver/Src/stm32f0xx_hal.c ****   __HAL_RCC_APB2_FORCE_RESET();
 172:Drivers/STM32F0xx_HAL_Driver/Src/stm32f0xx_hal.c ****   __HAL_RCC_APB2_RELEASE_RESET();
 173:Drivers/STM32F0xx_HAL_Driver/Src/stm32f0xx_hal.c **** 
 174:Drivers/STM32F0xx_HAL_Driver/Src/stm32f0xx_hal.c ****   __HAL_RCC_AHB_FORCE_RESET();
 175:Drivers/STM32F0xx_HAL_Driver/Src/stm32f0xx_hal.c ****   __HAL_RCC_AHB_RELEASE_RESET();
 176:Drivers/STM32F0xx_HAL_Driver/Src/stm32f0xx_hal.c **** 
 177:Drivers/STM32F0xx_HAL_Driver/Src/stm32f0xx_hal.c ****   /* De-Init the low level hardware */
 178:Drivers/STM32F0xx_HAL_Driver/Src/stm32f0xx_hal.c ****   HAL_MspDeInit();
 179:Drivers/STM32F0xx_HAL_Driver/Src/stm32f0xx_hal.c ****     
 180:Drivers/STM32F0xx_HAL_Driver/Src/stm32f0xx_hal.c ****   /* Return function status */
 181:Drivers/STM32F0xx_HAL_Driver/Src/stm32f0xx_hal.c ****   return HAL_OK;
 182:Drivers/STM32F0xx_HAL_Driver/Src/stm32f0xx_hal.c **** }
 183:Drivers/STM32F0xx_HAL_Driver/Src/stm32f0xx_hal.c **** 
 184:Drivers/STM32F0xx_HAL_Driver/Src/stm32f0xx_hal.c **** /**
 185:Drivers/STM32F0xx_HAL_Driver/Src/stm32f0xx_hal.c ****   * @brief  Initialize the MSP.
 186:Drivers/STM32F0xx_HAL_Driver/Src/stm32f0xx_hal.c ****   * @retval None
 187:Drivers/STM32F0xx_HAL_Driver/Src/stm32f0xx_hal.c ****   */
 188:Drivers/STM32F0xx_HAL_Driver/Src/stm32f0xx_hal.c **** __weak void HAL_MspInit(void)
 189:Drivers/STM32F0xx_HAL_Driver/Src/stm32f0xx_hal.c **** {
  27              		.loc 1 189 1 view -0
  28              		.cfi_startproc
  29              		@ args = 0, pretend = 0, frame = 0
  30              		@ frame_needed = 0, uses_anonymous_args = 0
  31              		@ link register save eliminated.
 190:Drivers/STM32F0xx_HAL_Driver/Src/stm32f0xx_hal.c ****   /* NOTE : This function should not be modified, when the callback is needed,
 191:Drivers/STM32F0xx_HAL_Driver/Src/stm32f0xx_hal.c ****             the HAL_MspInit could be implemented in the user file
 192:Drivers/STM32F0xx_HAL_Driver/Src/stm32f0xx_hal.c ****    */
 193:Drivers/STM32F0xx_HAL_Driver/Src/stm32f0xx_hal.c **** }
  32              		.loc 1 193 1 view .LVU1
  33              		@ sp needed
  34 0000 7047     		bx	lr
  35              		.cfi_endproc
  36              	.LFE42:
ARM GAS  /tmp/ccMNkUFI.s 			page 5


  38              		.section	.text.HAL_MspDeInit,"ax",%progbits
  39              		.align	1
  40              		.weak	HAL_MspDeInit
  41              		.syntax unified
  42              		.code	16
  43              		.thumb_func
  45              	HAL_MspDeInit:
  46              	.LFB43:
 194:Drivers/STM32F0xx_HAL_Driver/Src/stm32f0xx_hal.c **** 
 195:Drivers/STM32F0xx_HAL_Driver/Src/stm32f0xx_hal.c **** /**
 196:Drivers/STM32F0xx_HAL_Driver/Src/stm32f0xx_hal.c ****   * @brief  DeInitializes the MSP.
 197:Drivers/STM32F0xx_HAL_Driver/Src/stm32f0xx_hal.c ****   * @retval None
 198:Drivers/STM32F0xx_HAL_Driver/Src/stm32f0xx_hal.c ****   */
 199:Drivers/STM32F0xx_HAL_Driver/Src/stm32f0xx_hal.c **** __weak void HAL_MspDeInit(void)
 200:Drivers/STM32F0xx_HAL_Driver/Src/stm32f0xx_hal.c **** {
  47              		.loc 1 200 1 view -0
  48              		.cfi_startproc
  49              		@ args = 0, pretend = 0, frame = 0
  50              		@ frame_needed = 0, uses_anonymous_args = 0
  51              		@ link register save eliminated.
 201:Drivers/STM32F0xx_HAL_Driver/Src/stm32f0xx_hal.c ****   /* NOTE : This function should not be modified, when the callback is needed,
 202:Drivers/STM32F0xx_HAL_Driver/Src/stm32f0xx_hal.c ****             the HAL_MspDeInit could be implemented in the user file
 203:Drivers/STM32F0xx_HAL_Driver/Src/stm32f0xx_hal.c ****    */
 204:Drivers/STM32F0xx_HAL_Driver/Src/stm32f0xx_hal.c **** }
  52              		.loc 1 204 1 view .LVU3
  53              		@ sp needed
  54 0000 7047     		bx	lr
  55              		.cfi_endproc
  56              	.LFE43:
  58              		.section	.text.HAL_DeInit,"ax",%progbits
  59              		.align	1
  60              		.global	HAL_DeInit
  61              		.syntax unified
  62              		.code	16
  63              		.thumb_func
  65              	HAL_DeInit:
  66              	.LFB41:
 166:Drivers/STM32F0xx_HAL_Driver/Src/stm32f0xx_hal.c ****   /* Reset of all peripherals */
  67              		.loc 1 166 1 view -0
  68              		.cfi_startproc
  69              		@ args = 0, pretend = 0, frame = 0
  70              		@ frame_needed = 0, uses_anonymous_args = 0
  71 0000 10B5     		push	{r4, lr}
  72              	.LCFI0:
  73              		.cfi_def_cfa_offset 8
  74              		.cfi_offset 4, -8
  75              		.cfi_offset 14, -4
 168:Drivers/STM32F0xx_HAL_Driver/Src/stm32f0xx_hal.c ****   __HAL_RCC_APB1_RELEASE_RESET();
  76              		.loc 1 168 3 view .LVU5
  77 0002 074B     		ldr	r3, .L4
  78 0004 0121     		movs	r1, #1
  79 0006 4942     		rsbs	r1, r1, #0
  80 0008 1961     		str	r1, [r3, #16]
 169:Drivers/STM32F0xx_HAL_Driver/Src/stm32f0xx_hal.c **** 
  81              		.loc 1 169 3 view .LVU6
  82 000a 0022     		movs	r2, #0
  83 000c 1A61     		str	r2, [r3, #16]
ARM GAS  /tmp/ccMNkUFI.s 			page 6


 171:Drivers/STM32F0xx_HAL_Driver/Src/stm32f0xx_hal.c ****   __HAL_RCC_APB2_RELEASE_RESET();
  84              		.loc 1 171 3 view .LVU7
  85 000e D960     		str	r1, [r3, #12]
 172:Drivers/STM32F0xx_HAL_Driver/Src/stm32f0xx_hal.c **** 
  86              		.loc 1 172 3 view .LVU8
  87 0010 DA60     		str	r2, [r3, #12]
 174:Drivers/STM32F0xx_HAL_Driver/Src/stm32f0xx_hal.c ****   __HAL_RCC_AHB_RELEASE_RESET();
  88              		.loc 1 174 3 view .LVU9
  89 0012 9962     		str	r1, [r3, #40]
 175:Drivers/STM32F0xx_HAL_Driver/Src/stm32f0xx_hal.c **** 
  90              		.loc 1 175 3 view .LVU10
  91 0014 9A62     		str	r2, [r3, #40]
 178:Drivers/STM32F0xx_HAL_Driver/Src/stm32f0xx_hal.c ****     
  92              		.loc 1 178 3 view .LVU11
  93 0016 FFF7FEFF 		bl	HAL_MspDeInit
  94              	.LVL0:
 181:Drivers/STM32F0xx_HAL_Driver/Src/stm32f0xx_hal.c **** }
  95              		.loc 1 181 3 view .LVU12
 182:Drivers/STM32F0xx_HAL_Driver/Src/stm32f0xx_hal.c **** 
  96              		.loc 1 182 1 is_stmt 0 view .LVU13
  97 001a 0020     		movs	r0, #0
  98              		@ sp needed
  99 001c 10BD     		pop	{r4, pc}
 100              	.L5:
 101 001e C046     		.align	2
 102              	.L4:
 103 0020 00100240 		.word	1073876992
 104              		.cfi_endproc
 105              	.LFE41:
 107              		.section	.text.HAL_InitTick,"ax",%progbits
 108              		.align	1
 109              		.weak	HAL_InitTick
 110              		.syntax unified
 111              		.code	16
 112              		.thumb_func
 114              	HAL_InitTick:
 115              	.LVL1:
 116              	.LFB44:
 205:Drivers/STM32F0xx_HAL_Driver/Src/stm32f0xx_hal.c **** 
 206:Drivers/STM32F0xx_HAL_Driver/Src/stm32f0xx_hal.c **** /**
 207:Drivers/STM32F0xx_HAL_Driver/Src/stm32f0xx_hal.c ****   * @brief This function configures the source of the time base. 
 208:Drivers/STM32F0xx_HAL_Driver/Src/stm32f0xx_hal.c ****   *        The time source is configured  to have 1ms time base with a dedicated 
 209:Drivers/STM32F0xx_HAL_Driver/Src/stm32f0xx_hal.c ****   *        Tick interrupt priority.
 210:Drivers/STM32F0xx_HAL_Driver/Src/stm32f0xx_hal.c ****   * @note This function is called  automatically at the beginning of program after
 211:Drivers/STM32F0xx_HAL_Driver/Src/stm32f0xx_hal.c ****   *       reset by HAL_Init() or at any time when clock is reconfigured  by HAL_RCC_ClockConfig(). 
 212:Drivers/STM32F0xx_HAL_Driver/Src/stm32f0xx_hal.c ****   * @note In the default implementation, SysTick timer is the source of time base. 
 213:Drivers/STM32F0xx_HAL_Driver/Src/stm32f0xx_hal.c ****   *       It is used to generate interrupts at regular time intervals. 
 214:Drivers/STM32F0xx_HAL_Driver/Src/stm32f0xx_hal.c ****   *       Care must be taken if HAL_Delay() is called from a peripheral ISR process, 
 215:Drivers/STM32F0xx_HAL_Driver/Src/stm32f0xx_hal.c ****   *       The SysTick interrupt must have higher priority (numerically lower) 
 216:Drivers/STM32F0xx_HAL_Driver/Src/stm32f0xx_hal.c ****   *       than the peripheral interrupt. Otherwise the caller ISR process will be blocked.
 217:Drivers/STM32F0xx_HAL_Driver/Src/stm32f0xx_hal.c ****   *       The function is declared as __Weak  to be overwritten  in case of other
 218:Drivers/STM32F0xx_HAL_Driver/Src/stm32f0xx_hal.c ****   *       implementation  in user file.
 219:Drivers/STM32F0xx_HAL_Driver/Src/stm32f0xx_hal.c ****   * @param TickPriority Tick interrupt priority.
 220:Drivers/STM32F0xx_HAL_Driver/Src/stm32f0xx_hal.c ****   * @retval HAL status
 221:Drivers/STM32F0xx_HAL_Driver/Src/stm32f0xx_hal.c ****   */
 222:Drivers/STM32F0xx_HAL_Driver/Src/stm32f0xx_hal.c **** __weak HAL_StatusTypeDef HAL_InitTick(uint32_t TickPriority)
 223:Drivers/STM32F0xx_HAL_Driver/Src/stm32f0xx_hal.c **** {
ARM GAS  /tmp/ccMNkUFI.s 			page 7


 117              		.loc 1 223 1 is_stmt 1 view -0
 118              		.cfi_startproc
 119              		@ args = 0, pretend = 0, frame = 0
 120              		@ frame_needed = 0, uses_anonymous_args = 0
 121              		.loc 1 223 1 is_stmt 0 view .LVU15
 122 0000 70B5     		push	{r4, r5, r6, lr}
 123              	.LCFI1:
 124              		.cfi_def_cfa_offset 16
 125              		.cfi_offset 4, -16
 126              		.cfi_offset 5, -12
 127              		.cfi_offset 6, -8
 128              		.cfi_offset 14, -4
 129 0002 0500     		movs	r5, r0
 224:Drivers/STM32F0xx_HAL_Driver/Src/stm32f0xx_hal.c ****   /*Configure the SysTick to have interrupt in 1ms time basis*/
 225:Drivers/STM32F0xx_HAL_Driver/Src/stm32f0xx_hal.c ****   if (HAL_SYSTICK_Config(SystemCoreClock / (1000U / uwTickFreq)) > 0U)
 130              		.loc 1 225 3 is_stmt 1 view .LVU16
 131              		.loc 1 225 7 is_stmt 0 view .LVU17
 132 0004 0F4B     		ldr	r3, .L11
 133 0006 1C68     		ldr	r4, [r3]
 134              		.loc 1 225 51 view .LVU18
 135 0008 0F4B     		ldr	r3, .L11+4
 136 000a 1978     		ldrb	r1, [r3]
 137 000c FA20     		movs	r0, #250
 138              	.LVL2:
 139              		.loc 1 225 51 view .LVU19
 140 000e 8000     		lsls	r0, r0, #2
 141 0010 FFF7FEFF 		bl	__aeabi_uidiv
 142              	.LVL3:
 143 0014 0100     		movs	r1, r0
 144              		.loc 1 225 42 view .LVU20
 145 0016 2000     		movs	r0, r4
 146 0018 FFF7FEFF 		bl	__aeabi_uidiv
 147              	.LVL4:
 148              		.loc 1 225 7 view .LVU21
 149 001c FFF7FEFF 		bl	HAL_SYSTICK_Config
 150              	.LVL5:
 151              		.loc 1 225 6 discriminator 1 view .LVU22
 152 0020 0028     		cmp	r0, #0
 153 0022 0DD1     		bne	.L8
 226:Drivers/STM32F0xx_HAL_Driver/Src/stm32f0xx_hal.c ****   {
 227:Drivers/STM32F0xx_HAL_Driver/Src/stm32f0xx_hal.c ****     return HAL_ERROR;
 228:Drivers/STM32F0xx_HAL_Driver/Src/stm32f0xx_hal.c ****   }
 229:Drivers/STM32F0xx_HAL_Driver/Src/stm32f0xx_hal.c **** 
 230:Drivers/STM32F0xx_HAL_Driver/Src/stm32f0xx_hal.c ****   /* Configure the SysTick IRQ priority */
 231:Drivers/STM32F0xx_HAL_Driver/Src/stm32f0xx_hal.c ****   if (TickPriority < (1UL << __NVIC_PRIO_BITS))
 154              		.loc 1 231 3 is_stmt 1 view .LVU23
 155              		.loc 1 231 6 is_stmt 0 view .LVU24
 156 0024 032D     		cmp	r5, #3
 157 0026 01D9     		bls	.L10
 232:Drivers/STM32F0xx_HAL_Driver/Src/stm32f0xx_hal.c ****   {
 233:Drivers/STM32F0xx_HAL_Driver/Src/stm32f0xx_hal.c ****     HAL_NVIC_SetPriority(SysTick_IRQn, TickPriority, 0U);
 234:Drivers/STM32F0xx_HAL_Driver/Src/stm32f0xx_hal.c ****     uwTickPrio = TickPriority;
 235:Drivers/STM32F0xx_HAL_Driver/Src/stm32f0xx_hal.c ****   }
 236:Drivers/STM32F0xx_HAL_Driver/Src/stm32f0xx_hal.c ****   else
 237:Drivers/STM32F0xx_HAL_Driver/Src/stm32f0xx_hal.c ****   {
 238:Drivers/STM32F0xx_HAL_Driver/Src/stm32f0xx_hal.c ****     return HAL_ERROR;
 158              		.loc 1 238 12 view .LVU25
ARM GAS  /tmp/ccMNkUFI.s 			page 8


 159 0028 0120     		movs	r0, #1
 160 002a 0AE0     		b	.L7
 161              	.L10:
 233:Drivers/STM32F0xx_HAL_Driver/Src/stm32f0xx_hal.c ****     uwTickPrio = TickPriority;
 162              		.loc 1 233 5 is_stmt 1 view .LVU26
 163 002c 0130     		adds	r0, r0, #1
 164 002e 0022     		movs	r2, #0
 165 0030 2900     		movs	r1, r5
 166 0032 4042     		rsbs	r0, r0, #0
 167 0034 FFF7FEFF 		bl	HAL_NVIC_SetPriority
 168              	.LVL6:
 234:Drivers/STM32F0xx_HAL_Driver/Src/stm32f0xx_hal.c ****   }
 169              		.loc 1 234 5 view .LVU27
 234:Drivers/STM32F0xx_HAL_Driver/Src/stm32f0xx_hal.c ****   }
 170              		.loc 1 234 16 is_stmt 0 view .LVU28
 171 0038 044B     		ldr	r3, .L11+8
 172 003a 1D60     		str	r5, [r3]
 239:Drivers/STM32F0xx_HAL_Driver/Src/stm32f0xx_hal.c ****   }
 240:Drivers/STM32F0xx_HAL_Driver/Src/stm32f0xx_hal.c **** 
 241:Drivers/STM32F0xx_HAL_Driver/Src/stm32f0xx_hal.c ****    /* Return function status */
 242:Drivers/STM32F0xx_HAL_Driver/Src/stm32f0xx_hal.c ****   return HAL_OK;
 173              		.loc 1 242 3 is_stmt 1 view .LVU29
 174              		.loc 1 242 10 is_stmt 0 view .LVU30
 175 003c 0020     		movs	r0, #0
 176 003e 00E0     		b	.L7
 177              	.L8:
 227:Drivers/STM32F0xx_HAL_Driver/Src/stm32f0xx_hal.c ****   }
 178              		.loc 1 227 12 view .LVU31
 179 0040 0120     		movs	r0, #1
 180              	.L7:
 243:Drivers/STM32F0xx_HAL_Driver/Src/stm32f0xx_hal.c **** }
 181              		.loc 1 243 1 view .LVU32
 182              		@ sp needed
 183              	.LVL7:
 184              		.loc 1 243 1 view .LVU33
 185 0042 70BD     		pop	{r4, r5, r6, pc}
 186              	.L12:
 187              		.align	2
 188              	.L11:
 189 0044 00000000 		.word	SystemCoreClock
 190 0048 00000000 		.word	uwTickFreq
 191 004c 00000000 		.word	uwTickPrio
 192              		.cfi_endproc
 193              	.LFE44:
 195              		.section	.text.HAL_Init,"ax",%progbits
 196              		.align	1
 197              		.global	HAL_Init
 198              		.syntax unified
 199              		.code	16
 200              		.thumb_func
 202              	HAL_Init:
 203              	.LFB40:
 142:Drivers/STM32F0xx_HAL_Driver/Src/stm32f0xx_hal.c ****   /* Configure Flash prefetch */ 
 204              		.loc 1 142 1 is_stmt 1 view -0
 205              		.cfi_startproc
 206              		@ args = 0, pretend = 0, frame = 0
 207              		@ frame_needed = 0, uses_anonymous_args = 0
ARM GAS  /tmp/ccMNkUFI.s 			page 9


 208 0000 10B5     		push	{r4, lr}
 209              	.LCFI2:
 210              		.cfi_def_cfa_offset 8
 211              		.cfi_offset 4, -8
 212              		.cfi_offset 14, -4
 145:Drivers/STM32F0xx_HAL_Driver/Src/stm32f0xx_hal.c **** #endif /* PREFETCH_ENABLE */
 213              		.loc 1 145 3 view .LVU35
 214 0002 064A     		ldr	r2, .L14
 215 0004 1368     		ldr	r3, [r2]
 216 0006 1021     		movs	r1, #16
 217 0008 0B43     		orrs	r3, r1
 218 000a 1360     		str	r3, [r2]
 150:Drivers/STM32F0xx_HAL_Driver/Src/stm32f0xx_hal.c **** 
 219              		.loc 1 150 3 view .LVU36
 220 000c 0020     		movs	r0, #0
 221 000e FFF7FEFF 		bl	HAL_InitTick
 222              	.LVL8:
 153:Drivers/STM32F0xx_HAL_Driver/Src/stm32f0xx_hal.c **** 
 223              		.loc 1 153 3 view .LVU37
 224 0012 FFF7FEFF 		bl	HAL_MspInit
 225              	.LVL9:
 156:Drivers/STM32F0xx_HAL_Driver/Src/stm32f0xx_hal.c **** }
 226              		.loc 1 156 3 view .LVU38
 157:Drivers/STM32F0xx_HAL_Driver/Src/stm32f0xx_hal.c **** 
 227              		.loc 1 157 1 is_stmt 0 view .LVU39
 228 0016 0020     		movs	r0, #0
 229              		@ sp needed
 230 0018 10BD     		pop	{r4, pc}
 231              	.L15:
 232 001a C046     		.align	2
 233              	.L14:
 234 001c 00200240 		.word	1073881088
 235              		.cfi_endproc
 236              	.LFE40:
 238              		.section	.text.HAL_IncTick,"ax",%progbits
 239              		.align	1
 240              		.weak	HAL_IncTick
 241              		.syntax unified
 242              		.code	16
 243              		.thumb_func
 245              	HAL_IncTick:
 246              	.LFB45:
 244:Drivers/STM32F0xx_HAL_Driver/Src/stm32f0xx_hal.c **** 
 245:Drivers/STM32F0xx_HAL_Driver/Src/stm32f0xx_hal.c **** /**
 246:Drivers/STM32F0xx_HAL_Driver/Src/stm32f0xx_hal.c ****   * @}
 247:Drivers/STM32F0xx_HAL_Driver/Src/stm32f0xx_hal.c ****   */
 248:Drivers/STM32F0xx_HAL_Driver/Src/stm32f0xx_hal.c **** 
 249:Drivers/STM32F0xx_HAL_Driver/Src/stm32f0xx_hal.c **** /** @defgroup HAL_Exported_Functions_Group2 HAL Control functions 
 250:Drivers/STM32F0xx_HAL_Driver/Src/stm32f0xx_hal.c ****   * @brief    HAL Control functions
 251:Drivers/STM32F0xx_HAL_Driver/Src/stm32f0xx_hal.c ****   *
 252:Drivers/STM32F0xx_HAL_Driver/Src/stm32f0xx_hal.c **** @verbatim
 253:Drivers/STM32F0xx_HAL_Driver/Src/stm32f0xx_hal.c ****  ===============================================================================
 254:Drivers/STM32F0xx_HAL_Driver/Src/stm32f0xx_hal.c ****                       ##### HAL Control functions #####
 255:Drivers/STM32F0xx_HAL_Driver/Src/stm32f0xx_hal.c ****  ===============================================================================
 256:Drivers/STM32F0xx_HAL_Driver/Src/stm32f0xx_hal.c ****     [..]  This section provides functions allowing to:
 257:Drivers/STM32F0xx_HAL_Driver/Src/stm32f0xx_hal.c ****       (+) Provide a tick value in millisecond
 258:Drivers/STM32F0xx_HAL_Driver/Src/stm32f0xx_hal.c ****       (+) Provide a blocking delay in millisecond
ARM GAS  /tmp/ccMNkUFI.s 			page 10


 259:Drivers/STM32F0xx_HAL_Driver/Src/stm32f0xx_hal.c ****       (+) Suspend the time base source interrupt
 260:Drivers/STM32F0xx_HAL_Driver/Src/stm32f0xx_hal.c ****       (+) Resume the time base source interrupt
 261:Drivers/STM32F0xx_HAL_Driver/Src/stm32f0xx_hal.c ****       (+) Get the HAL API driver version
 262:Drivers/STM32F0xx_HAL_Driver/Src/stm32f0xx_hal.c ****       (+) Get the device identifier
 263:Drivers/STM32F0xx_HAL_Driver/Src/stm32f0xx_hal.c ****       (+) Get the device revision identifier
 264:Drivers/STM32F0xx_HAL_Driver/Src/stm32f0xx_hal.c ****       (+) Enable/Disable Debug module during Sleep mode
 265:Drivers/STM32F0xx_HAL_Driver/Src/stm32f0xx_hal.c ****       (+) Enable/Disable Debug module during STOP mode
 266:Drivers/STM32F0xx_HAL_Driver/Src/stm32f0xx_hal.c ****       (+) Enable/Disable Debug module during STANDBY mode
 267:Drivers/STM32F0xx_HAL_Driver/Src/stm32f0xx_hal.c ****       
 268:Drivers/STM32F0xx_HAL_Driver/Src/stm32f0xx_hal.c **** @endverbatim
 269:Drivers/STM32F0xx_HAL_Driver/Src/stm32f0xx_hal.c ****   * @{
 270:Drivers/STM32F0xx_HAL_Driver/Src/stm32f0xx_hal.c ****   */
 271:Drivers/STM32F0xx_HAL_Driver/Src/stm32f0xx_hal.c **** 
 272:Drivers/STM32F0xx_HAL_Driver/Src/stm32f0xx_hal.c **** /**
 273:Drivers/STM32F0xx_HAL_Driver/Src/stm32f0xx_hal.c ****   * @brief This function is called to increment  a global variable "uwTick"
 274:Drivers/STM32F0xx_HAL_Driver/Src/stm32f0xx_hal.c ****   *        used as application time base.
 275:Drivers/STM32F0xx_HAL_Driver/Src/stm32f0xx_hal.c ****   * @note In the default implementation, this variable is incremented each 1ms
 276:Drivers/STM32F0xx_HAL_Driver/Src/stm32f0xx_hal.c ****   *       in SysTick ISR.
 277:Drivers/STM32F0xx_HAL_Driver/Src/stm32f0xx_hal.c ****   * @note This function is declared as __weak to be overwritten in case of other 
 278:Drivers/STM32F0xx_HAL_Driver/Src/stm32f0xx_hal.c ****   *       implementations in user file.
 279:Drivers/STM32F0xx_HAL_Driver/Src/stm32f0xx_hal.c ****   * @retval None
 280:Drivers/STM32F0xx_HAL_Driver/Src/stm32f0xx_hal.c ****   */
 281:Drivers/STM32F0xx_HAL_Driver/Src/stm32f0xx_hal.c **** __weak void HAL_IncTick(void)
 282:Drivers/STM32F0xx_HAL_Driver/Src/stm32f0xx_hal.c **** {
 247              		.loc 1 282 1 is_stmt 1 view -0
 248              		.cfi_startproc
 249              		@ args = 0, pretend = 0, frame = 0
 250              		@ frame_needed = 0, uses_anonymous_args = 0
 251              		@ link register save eliminated.
 283:Drivers/STM32F0xx_HAL_Driver/Src/stm32f0xx_hal.c ****   uwTick += uwTickFreq;
 252              		.loc 1 283 3 view .LVU41
 253              		.loc 1 283 10 is_stmt 0 view .LVU42
 254 0000 034A     		ldr	r2, .L17
 255 0002 1168     		ldr	r1, [r2]
 256 0004 034B     		ldr	r3, .L17+4
 257 0006 1B78     		ldrb	r3, [r3]
 258 0008 5B18     		adds	r3, r3, r1
 259 000a 1360     		str	r3, [r2]
 284:Drivers/STM32F0xx_HAL_Driver/Src/stm32f0xx_hal.c **** }
 260              		.loc 1 284 1 view .LVU43
 261              		@ sp needed
 262 000c 7047     		bx	lr
 263              	.L18:
 264 000e C046     		.align	2
 265              	.L17:
 266 0010 00000000 		.word	uwTick
 267 0014 00000000 		.word	uwTickFreq
 268              		.cfi_endproc
 269              	.LFE45:
 271              		.section	.text.HAL_GetTick,"ax",%progbits
 272              		.align	1
 273              		.weak	HAL_GetTick
 274              		.syntax unified
 275              		.code	16
 276              		.thumb_func
 278              	HAL_GetTick:
 279              	.LFB46:
ARM GAS  /tmp/ccMNkUFI.s 			page 11


 285:Drivers/STM32F0xx_HAL_Driver/Src/stm32f0xx_hal.c **** 
 286:Drivers/STM32F0xx_HAL_Driver/Src/stm32f0xx_hal.c **** /**
 287:Drivers/STM32F0xx_HAL_Driver/Src/stm32f0xx_hal.c ****   * @brief  Provides a tick value in millisecond.
 288:Drivers/STM32F0xx_HAL_Driver/Src/stm32f0xx_hal.c ****   * @note   This function is declared as __weak  to be overwritten  in case of other 
 289:Drivers/STM32F0xx_HAL_Driver/Src/stm32f0xx_hal.c ****   *       implementations in user file.
 290:Drivers/STM32F0xx_HAL_Driver/Src/stm32f0xx_hal.c ****   * @retval tick value
 291:Drivers/STM32F0xx_HAL_Driver/Src/stm32f0xx_hal.c ****   */
 292:Drivers/STM32F0xx_HAL_Driver/Src/stm32f0xx_hal.c **** __weak uint32_t HAL_GetTick(void)
 293:Drivers/STM32F0xx_HAL_Driver/Src/stm32f0xx_hal.c **** {
 280              		.loc 1 293 1 is_stmt 1 view -0
 281              		.cfi_startproc
 282              		@ args = 0, pretend = 0, frame = 0
 283              		@ frame_needed = 0, uses_anonymous_args = 0
 284              		@ link register save eliminated.
 294:Drivers/STM32F0xx_HAL_Driver/Src/stm32f0xx_hal.c ****   return uwTick;
 285              		.loc 1 294 3 view .LVU45
 286              		.loc 1 294 10 is_stmt 0 view .LVU46
 287 0000 014B     		ldr	r3, .L20
 288 0002 1868     		ldr	r0, [r3]
 295:Drivers/STM32F0xx_HAL_Driver/Src/stm32f0xx_hal.c **** }
 289              		.loc 1 295 1 view .LVU47
 290              		@ sp needed
 291 0004 7047     		bx	lr
 292              	.L21:
 293 0006 C046     		.align	2
 294              	.L20:
 295 0008 00000000 		.word	uwTick
 296              		.cfi_endproc
 297              	.LFE46:
 299              		.section	.text.HAL_GetTickPrio,"ax",%progbits
 300              		.align	1
 301              		.global	HAL_GetTickPrio
 302              		.syntax unified
 303              		.code	16
 304              		.thumb_func
 306              	HAL_GetTickPrio:
 307              	.LFB47:
 296:Drivers/STM32F0xx_HAL_Driver/Src/stm32f0xx_hal.c **** 
 297:Drivers/STM32F0xx_HAL_Driver/Src/stm32f0xx_hal.c **** /**
 298:Drivers/STM32F0xx_HAL_Driver/Src/stm32f0xx_hal.c ****   * @brief This function returns a tick priority.
 299:Drivers/STM32F0xx_HAL_Driver/Src/stm32f0xx_hal.c ****   * @retval tick priority
 300:Drivers/STM32F0xx_HAL_Driver/Src/stm32f0xx_hal.c ****   */
 301:Drivers/STM32F0xx_HAL_Driver/Src/stm32f0xx_hal.c **** uint32_t HAL_GetTickPrio(void)
 302:Drivers/STM32F0xx_HAL_Driver/Src/stm32f0xx_hal.c **** {
 308              		.loc 1 302 1 is_stmt 1 view -0
 309              		.cfi_startproc
 310              		@ args = 0, pretend = 0, frame = 0
 311              		@ frame_needed = 0, uses_anonymous_args = 0
 312              		@ link register save eliminated.
 303:Drivers/STM32F0xx_HAL_Driver/Src/stm32f0xx_hal.c ****   return uwTickPrio;
 313              		.loc 1 303 3 view .LVU49
 314              		.loc 1 303 10 is_stmt 0 view .LVU50
 315 0000 014B     		ldr	r3, .L23
 316              		.loc 1 303 10 discriminator 1 view .LVU51
 317 0002 1868     		ldr	r0, [r3]
 304:Drivers/STM32F0xx_HAL_Driver/Src/stm32f0xx_hal.c **** }
 318              		.loc 1 304 1 view .LVU52
ARM GAS  /tmp/ccMNkUFI.s 			page 12


 319              		@ sp needed
 320 0004 7047     		bx	lr
 321              	.L24:
 322 0006 C046     		.align	2
 323              	.L23:
 324 0008 00000000 		.word	uwTickPrio
 325              		.cfi_endproc
 326              	.LFE47:
 328              		.section	.text.HAL_SetTickFreq,"ax",%progbits
 329              		.align	1
 330              		.global	HAL_SetTickFreq
 331              		.syntax unified
 332              		.code	16
 333              		.thumb_func
 335              	HAL_SetTickFreq:
 336              	.LVL10:
 337              	.LFB48:
 305:Drivers/STM32F0xx_HAL_Driver/Src/stm32f0xx_hal.c **** 
 306:Drivers/STM32F0xx_HAL_Driver/Src/stm32f0xx_hal.c **** /**
 307:Drivers/STM32F0xx_HAL_Driver/Src/stm32f0xx_hal.c ****   * @brief Set new tick Freq.
 308:Drivers/STM32F0xx_HAL_Driver/Src/stm32f0xx_hal.c ****   * @retval status
 309:Drivers/STM32F0xx_HAL_Driver/Src/stm32f0xx_hal.c ****   */
 310:Drivers/STM32F0xx_HAL_Driver/Src/stm32f0xx_hal.c **** HAL_StatusTypeDef HAL_SetTickFreq(HAL_TickFreqTypeDef Freq)
 311:Drivers/STM32F0xx_HAL_Driver/Src/stm32f0xx_hal.c **** {
 338              		.loc 1 311 1 is_stmt 1 view -0
 339              		.cfi_startproc
 340              		@ args = 0, pretend = 0, frame = 0
 341              		@ frame_needed = 0, uses_anonymous_args = 0
 342              		.loc 1 311 1 is_stmt 0 view .LVU54
 343 0000 10B5     		push	{r4, lr}
 344              	.LCFI3:
 345              		.cfi_def_cfa_offset 8
 346              		.cfi_offset 4, -8
 347              		.cfi_offset 14, -4
 312:Drivers/STM32F0xx_HAL_Driver/Src/stm32f0xx_hal.c ****   HAL_StatusTypeDef status  = HAL_OK;
 348              		.loc 1 312 3 is_stmt 1 view .LVU55
 349              	.LVL11:
 313:Drivers/STM32F0xx_HAL_Driver/Src/stm32f0xx_hal.c ****   HAL_TickFreqTypeDef prevTickFreq;
 350              		.loc 1 313 3 view .LVU56
 314:Drivers/STM32F0xx_HAL_Driver/Src/stm32f0xx_hal.c **** 
 315:Drivers/STM32F0xx_HAL_Driver/Src/stm32f0xx_hal.c ****   assert_param(IS_TICKFREQ(Freq));
 351              		.loc 1 315 3 view .LVU57
 316:Drivers/STM32F0xx_HAL_Driver/Src/stm32f0xx_hal.c **** 
 317:Drivers/STM32F0xx_HAL_Driver/Src/stm32f0xx_hal.c ****   if (uwTickFreq != Freq)
 352              		.loc 1 317 3 view .LVU58
 353              		.loc 1 317 18 is_stmt 0 view .LVU59
 354 0002 084B     		ldr	r3, .L29
 355 0004 1C78     		ldrb	r4, [r3]
 356              		.loc 1 317 6 view .LVU60
 357 0006 8442     		cmp	r4, r0
 358 0008 01D1     		bne	.L28
 312:Drivers/STM32F0xx_HAL_Driver/Src/stm32f0xx_hal.c ****   HAL_TickFreqTypeDef prevTickFreq;
 359              		.loc 1 312 21 view .LVU61
 360 000a 0020     		movs	r0, #0
 361              	.LVL12:
 362              	.L26:
 318:Drivers/STM32F0xx_HAL_Driver/Src/stm32f0xx_hal.c ****   {
ARM GAS  /tmp/ccMNkUFI.s 			page 13


 319:Drivers/STM32F0xx_HAL_Driver/Src/stm32f0xx_hal.c ****     /* Back up uwTickFreq frequency */
 320:Drivers/STM32F0xx_HAL_Driver/Src/stm32f0xx_hal.c ****     prevTickFreq = uwTickFreq;
 321:Drivers/STM32F0xx_HAL_Driver/Src/stm32f0xx_hal.c **** 
 322:Drivers/STM32F0xx_HAL_Driver/Src/stm32f0xx_hal.c ****     /* Update uwTickFreq global variable used by HAL_InitTick() */
 323:Drivers/STM32F0xx_HAL_Driver/Src/stm32f0xx_hal.c ****     uwTickFreq = Freq;
 324:Drivers/STM32F0xx_HAL_Driver/Src/stm32f0xx_hal.c **** 
 325:Drivers/STM32F0xx_HAL_Driver/Src/stm32f0xx_hal.c ****     /* Apply the new tick Freq */
 326:Drivers/STM32F0xx_HAL_Driver/Src/stm32f0xx_hal.c ****     status = HAL_InitTick(uwTickPrio);
 327:Drivers/STM32F0xx_HAL_Driver/Src/stm32f0xx_hal.c **** 
 328:Drivers/STM32F0xx_HAL_Driver/Src/stm32f0xx_hal.c ****     if (status != HAL_OK)
 329:Drivers/STM32F0xx_HAL_Driver/Src/stm32f0xx_hal.c ****     {
 330:Drivers/STM32F0xx_HAL_Driver/Src/stm32f0xx_hal.c ****       /* Restore previous tick frequency */
 331:Drivers/STM32F0xx_HAL_Driver/Src/stm32f0xx_hal.c ****       uwTickFreq = prevTickFreq;
 332:Drivers/STM32F0xx_HAL_Driver/Src/stm32f0xx_hal.c ****     }
 333:Drivers/STM32F0xx_HAL_Driver/Src/stm32f0xx_hal.c ****   }
 334:Drivers/STM32F0xx_HAL_Driver/Src/stm32f0xx_hal.c **** 
 335:Drivers/STM32F0xx_HAL_Driver/Src/stm32f0xx_hal.c ****   return status;
 363              		.loc 1 335 3 is_stmt 1 view .LVU62
 336:Drivers/STM32F0xx_HAL_Driver/Src/stm32f0xx_hal.c **** }
 364              		.loc 1 336 1 is_stmt 0 view .LVU63
 365              		@ sp needed
 366 000c 10BD     		pop	{r4, pc}
 367              	.LVL13:
 368              	.L28:
 320:Drivers/STM32F0xx_HAL_Driver/Src/stm32f0xx_hal.c **** 
 369              		.loc 1 320 5 is_stmt 1 view .LVU64
 323:Drivers/STM32F0xx_HAL_Driver/Src/stm32f0xx_hal.c **** 
 370              		.loc 1 323 5 view .LVU65
 323:Drivers/STM32F0xx_HAL_Driver/Src/stm32f0xx_hal.c **** 
 371              		.loc 1 323 16 is_stmt 0 view .LVU66
 372 000e 1870     		strb	r0, [r3]
 326:Drivers/STM32F0xx_HAL_Driver/Src/stm32f0xx_hal.c **** 
 373              		.loc 1 326 5 is_stmt 1 view .LVU67
 326:Drivers/STM32F0xx_HAL_Driver/Src/stm32f0xx_hal.c **** 
 374              		.loc 1 326 14 is_stmt 0 view .LVU68
 375 0010 054B     		ldr	r3, .L29+4
 376 0012 1868     		ldr	r0, [r3]
 377              	.LVL14:
 326:Drivers/STM32F0xx_HAL_Driver/Src/stm32f0xx_hal.c **** 
 378              		.loc 1 326 14 view .LVU69
 379 0014 FFF7FEFF 		bl	HAL_InitTick
 380              	.LVL15:
 328:Drivers/STM32F0xx_HAL_Driver/Src/stm32f0xx_hal.c ****     {
 381              		.loc 1 328 5 is_stmt 1 view .LVU70
 328:Drivers/STM32F0xx_HAL_Driver/Src/stm32f0xx_hal.c ****     {
 382              		.loc 1 328 8 is_stmt 0 view .LVU71
 383 0018 0028     		cmp	r0, #0
 384 001a F7D0     		beq	.L26
 331:Drivers/STM32F0xx_HAL_Driver/Src/stm32f0xx_hal.c ****     }
 385              		.loc 1 331 7 is_stmt 1 view .LVU72
 331:Drivers/STM32F0xx_HAL_Driver/Src/stm32f0xx_hal.c ****     }
 386              		.loc 1 331 18 is_stmt 0 view .LVU73
 387 001c 014B     		ldr	r3, .L29
 388 001e 1C70     		strb	r4, [r3]
 389 0020 F4E7     		b	.L26
 390              	.L30:
 391 0022 C046     		.align	2
ARM GAS  /tmp/ccMNkUFI.s 			page 14


 392              	.L29:
 393 0024 00000000 		.word	uwTickFreq
 394 0028 00000000 		.word	uwTickPrio
 395              		.cfi_endproc
 396              	.LFE48:
 398              		.section	.text.HAL_GetTickFreq,"ax",%progbits
 399              		.align	1
 400              		.global	HAL_GetTickFreq
 401              		.syntax unified
 402              		.code	16
 403              		.thumb_func
 405              	HAL_GetTickFreq:
 406              	.LFB49:
 337:Drivers/STM32F0xx_HAL_Driver/Src/stm32f0xx_hal.c **** 
 338:Drivers/STM32F0xx_HAL_Driver/Src/stm32f0xx_hal.c **** /**
 339:Drivers/STM32F0xx_HAL_Driver/Src/stm32f0xx_hal.c ****   * @brief return tick frequency.
 340:Drivers/STM32F0xx_HAL_Driver/Src/stm32f0xx_hal.c ****   * @retval Tick frequency.
 341:Drivers/STM32F0xx_HAL_Driver/Src/stm32f0xx_hal.c ****   *         Value of @ref HAL_TickFreqTypeDef.
 342:Drivers/STM32F0xx_HAL_Driver/Src/stm32f0xx_hal.c ****   */
 343:Drivers/STM32F0xx_HAL_Driver/Src/stm32f0xx_hal.c **** HAL_TickFreqTypeDef HAL_GetTickFreq(void)
 344:Drivers/STM32F0xx_HAL_Driver/Src/stm32f0xx_hal.c **** {
 407              		.loc 1 344 1 is_stmt 1 view -0
 408              		.cfi_startproc
 409              		@ args = 0, pretend = 0, frame = 0
 410              		@ frame_needed = 0, uses_anonymous_args = 0
 411              		@ link register save eliminated.
 345:Drivers/STM32F0xx_HAL_Driver/Src/stm32f0xx_hal.c ****   return uwTickFreq;
 412              		.loc 1 345 3 view .LVU75
 413              		.loc 1 345 10 is_stmt 0 view .LVU76
 414 0000 014B     		ldr	r3, .L32
 415              		.loc 1 345 10 discriminator 1 view .LVU77
 416 0002 1878     		ldrb	r0, [r3]
 346:Drivers/STM32F0xx_HAL_Driver/Src/stm32f0xx_hal.c **** }
 417              		.loc 1 346 1 view .LVU78
 418              		@ sp needed
 419 0004 7047     		bx	lr
 420              	.L33:
 421 0006 C046     		.align	2
 422              	.L32:
 423 0008 00000000 		.word	uwTickFreq
 424              		.cfi_endproc
 425              	.LFE49:
 427              		.section	.text.HAL_Delay,"ax",%progbits
 428              		.align	1
 429              		.weak	HAL_Delay
 430              		.syntax unified
 431              		.code	16
 432              		.thumb_func
 434              	HAL_Delay:
 435              	.LVL16:
 436              	.LFB50:
 347:Drivers/STM32F0xx_HAL_Driver/Src/stm32f0xx_hal.c **** 
 348:Drivers/STM32F0xx_HAL_Driver/Src/stm32f0xx_hal.c **** /**
 349:Drivers/STM32F0xx_HAL_Driver/Src/stm32f0xx_hal.c ****   * @brief This function provides accurate delay (in milliseconds) based
 350:Drivers/STM32F0xx_HAL_Driver/Src/stm32f0xx_hal.c ****   *        on variable incremented.
 351:Drivers/STM32F0xx_HAL_Driver/Src/stm32f0xx_hal.c ****   * @note In the default implementation , SysTick timer is the source of time base.
 352:Drivers/STM32F0xx_HAL_Driver/Src/stm32f0xx_hal.c ****   *       It is used to generate interrupts at regular time intervals where uwTick
ARM GAS  /tmp/ccMNkUFI.s 			page 15


 353:Drivers/STM32F0xx_HAL_Driver/Src/stm32f0xx_hal.c ****   *       is incremented.
 354:Drivers/STM32F0xx_HAL_Driver/Src/stm32f0xx_hal.c ****   * @note ThiS function is declared as __weak to be overwritten in case of other
 355:Drivers/STM32F0xx_HAL_Driver/Src/stm32f0xx_hal.c ****   *       implementations in user file.
 356:Drivers/STM32F0xx_HAL_Driver/Src/stm32f0xx_hal.c ****   * @param Delay specifies the delay time length, in milliseconds.
 357:Drivers/STM32F0xx_HAL_Driver/Src/stm32f0xx_hal.c ****   * @retval None
 358:Drivers/STM32F0xx_HAL_Driver/Src/stm32f0xx_hal.c ****   */
 359:Drivers/STM32F0xx_HAL_Driver/Src/stm32f0xx_hal.c **** __weak void HAL_Delay(uint32_t Delay)
 360:Drivers/STM32F0xx_HAL_Driver/Src/stm32f0xx_hal.c **** {
 437              		.loc 1 360 1 is_stmt 1 view -0
 438              		.cfi_startproc
 439              		@ args = 0, pretend = 0, frame = 0
 440              		@ frame_needed = 0, uses_anonymous_args = 0
 441              		.loc 1 360 1 is_stmt 0 view .LVU80
 442 0000 70B5     		push	{r4, r5, r6, lr}
 443              	.LCFI4:
 444              		.cfi_def_cfa_offset 16
 445              		.cfi_offset 4, -16
 446              		.cfi_offset 5, -12
 447              		.cfi_offset 6, -8
 448              		.cfi_offset 14, -4
 449 0002 0400     		movs	r4, r0
 361:Drivers/STM32F0xx_HAL_Driver/Src/stm32f0xx_hal.c ****   uint32_t tickstart = HAL_GetTick();
 450              		.loc 1 361 3 is_stmt 1 view .LVU81
 451              		.loc 1 361 24 is_stmt 0 view .LVU82
 452 0004 FFF7FEFF 		bl	HAL_GetTick
 453              	.LVL17:
 454              		.loc 1 361 24 view .LVU83
 455 0008 0500     		movs	r5, r0
 456              	.LVL18:
 362:Drivers/STM32F0xx_HAL_Driver/Src/stm32f0xx_hal.c ****   uint32_t wait = Delay;
 457              		.loc 1 362 3 is_stmt 1 view .LVU84
 363:Drivers/STM32F0xx_HAL_Driver/Src/stm32f0xx_hal.c ****   
 364:Drivers/STM32F0xx_HAL_Driver/Src/stm32f0xx_hal.c ****   /* Add a freq to guarantee minimum wait */
 365:Drivers/STM32F0xx_HAL_Driver/Src/stm32f0xx_hal.c ****   if (wait < HAL_MAX_DELAY)
 458              		.loc 1 365 3 view .LVU85
 459              		.loc 1 365 6 is_stmt 0 view .LVU86
 460 000a 631C     		adds	r3, r4, #1
 461 000c 02D0     		beq	.L36
 366:Drivers/STM32F0xx_HAL_Driver/Src/stm32f0xx_hal.c ****   {
 367:Drivers/STM32F0xx_HAL_Driver/Src/stm32f0xx_hal.c ****     wait += (uint32_t)(uwTickFreq);
 462              		.loc 1 367 5 is_stmt 1 view .LVU87
 463              		.loc 1 367 13 is_stmt 0 view .LVU88
 464 000e 044B     		ldr	r3, .L38
 465 0010 1B78     		ldrb	r3, [r3]
 466              		.loc 1 367 10 view .LVU89
 467 0012 E418     		adds	r4, r4, r3
 468              	.LVL19:
 469              	.L36:
 368:Drivers/STM32F0xx_HAL_Driver/Src/stm32f0xx_hal.c ****   }
 369:Drivers/STM32F0xx_HAL_Driver/Src/stm32f0xx_hal.c ****   
 370:Drivers/STM32F0xx_HAL_Driver/Src/stm32f0xx_hal.c ****   while((HAL_GetTick() - tickstart) < wait)
 371:Drivers/STM32F0xx_HAL_Driver/Src/stm32f0xx_hal.c ****   {
 372:Drivers/STM32F0xx_HAL_Driver/Src/stm32f0xx_hal.c ****   }
 470              		.loc 1 372 3 is_stmt 1 view .LVU90
 370:Drivers/STM32F0xx_HAL_Driver/Src/stm32f0xx_hal.c ****   {
 471              		.loc 1 370 37 discriminator 2 view .LVU91
 370:Drivers/STM32F0xx_HAL_Driver/Src/stm32f0xx_hal.c ****   {
ARM GAS  /tmp/ccMNkUFI.s 			page 16


 472              		.loc 1 370 10 is_stmt 0 discriminator 2 view .LVU92
 473 0014 FFF7FEFF 		bl	HAL_GetTick
 474              	.LVL20:
 370:Drivers/STM32F0xx_HAL_Driver/Src/stm32f0xx_hal.c ****   {
 475              		.loc 1 370 24 discriminator 2 view .LVU93
 476 0018 401B     		subs	r0, r0, r5
 370:Drivers/STM32F0xx_HAL_Driver/Src/stm32f0xx_hal.c ****   {
 477              		.loc 1 370 37 discriminator 2 view .LVU94
 478 001a A042     		cmp	r0, r4
 479 001c FAD3     		bcc	.L36
 373:Drivers/STM32F0xx_HAL_Driver/Src/stm32f0xx_hal.c **** }
 480              		.loc 1 373 1 view .LVU95
 481              		@ sp needed
 482              	.LVL21:
 483              	.LVL22:
 484              		.loc 1 373 1 view .LVU96
 485 001e 70BD     		pop	{r4, r5, r6, pc}
 486              	.L39:
 487              		.align	2
 488              	.L38:
 489 0020 00000000 		.word	uwTickFreq
 490              		.cfi_endproc
 491              	.LFE50:
 493              		.section	.text.HAL_SuspendTick,"ax",%progbits
 494              		.align	1
 495              		.weak	HAL_SuspendTick
 496              		.syntax unified
 497              		.code	16
 498              		.thumb_func
 500              	HAL_SuspendTick:
 501              	.LFB51:
 374:Drivers/STM32F0xx_HAL_Driver/Src/stm32f0xx_hal.c **** 
 375:Drivers/STM32F0xx_HAL_Driver/Src/stm32f0xx_hal.c **** /**
 376:Drivers/STM32F0xx_HAL_Driver/Src/stm32f0xx_hal.c ****   * @brief Suspend Tick increment.
 377:Drivers/STM32F0xx_HAL_Driver/Src/stm32f0xx_hal.c ****   * @note In the default implementation , SysTick timer is the source of time base. It is
 378:Drivers/STM32F0xx_HAL_Driver/Src/stm32f0xx_hal.c ****   *       used to generate interrupts at regular time intervals. Once HAL_SuspendTick()
 379:Drivers/STM32F0xx_HAL_Driver/Src/stm32f0xx_hal.c ****   *       is called, the the SysTick interrupt will be disabled and so Tick increment 
 380:Drivers/STM32F0xx_HAL_Driver/Src/stm32f0xx_hal.c ****   *       is suspended.
 381:Drivers/STM32F0xx_HAL_Driver/Src/stm32f0xx_hal.c ****   * @note This function is declared as __weak to be overwritten in case of other
 382:Drivers/STM32F0xx_HAL_Driver/Src/stm32f0xx_hal.c ****   *       implementations in user file.
 383:Drivers/STM32F0xx_HAL_Driver/Src/stm32f0xx_hal.c ****   * @retval None
 384:Drivers/STM32F0xx_HAL_Driver/Src/stm32f0xx_hal.c ****   */
 385:Drivers/STM32F0xx_HAL_Driver/Src/stm32f0xx_hal.c **** __weak void HAL_SuspendTick(void)
 386:Drivers/STM32F0xx_HAL_Driver/Src/stm32f0xx_hal.c **** 
 387:Drivers/STM32F0xx_HAL_Driver/Src/stm32f0xx_hal.c **** {
 502              		.loc 1 387 1 is_stmt 1 view -0
 503              		.cfi_startproc
 504              		@ args = 0, pretend = 0, frame = 0
 505              		@ frame_needed = 0, uses_anonymous_args = 0
 506              		@ link register save eliminated.
 388:Drivers/STM32F0xx_HAL_Driver/Src/stm32f0xx_hal.c ****   /* Disable SysTick Interrupt */
 389:Drivers/STM32F0xx_HAL_Driver/Src/stm32f0xx_hal.c ****   CLEAR_BIT(SysTick->CTRL,SysTick_CTRL_TICKINT_Msk);
 507              		.loc 1 389 3 view .LVU98
 508 0000 024A     		ldr	r2, .L41
 509 0002 1368     		ldr	r3, [r2]
 510 0004 0221     		movs	r1, #2
 511 0006 8B43     		bics	r3, r1
ARM GAS  /tmp/ccMNkUFI.s 			page 17


 512 0008 1360     		str	r3, [r2]
 390:Drivers/STM32F0xx_HAL_Driver/Src/stm32f0xx_hal.c **** }
 513              		.loc 1 390 1 is_stmt 0 view .LVU99
 514              		@ sp needed
 515 000a 7047     		bx	lr
 516              	.L42:
 517              		.align	2
 518              	.L41:
 519 000c 10E000E0 		.word	-536813552
 520              		.cfi_endproc
 521              	.LFE51:
 523              		.section	.text.HAL_ResumeTick,"ax",%progbits
 524              		.align	1
 525              		.weak	HAL_ResumeTick
 526              		.syntax unified
 527              		.code	16
 528              		.thumb_func
 530              	HAL_ResumeTick:
 531              	.LFB52:
 391:Drivers/STM32F0xx_HAL_Driver/Src/stm32f0xx_hal.c **** 
 392:Drivers/STM32F0xx_HAL_Driver/Src/stm32f0xx_hal.c **** /**
 393:Drivers/STM32F0xx_HAL_Driver/Src/stm32f0xx_hal.c ****   * @brief Resume Tick increment.
 394:Drivers/STM32F0xx_HAL_Driver/Src/stm32f0xx_hal.c ****   * @note In the default implementation , SysTick timer is the source of time base. It is
 395:Drivers/STM32F0xx_HAL_Driver/Src/stm32f0xx_hal.c ****   *       used to generate interrupts at regular time intervals. Once HAL_ResumeTick()
 396:Drivers/STM32F0xx_HAL_Driver/Src/stm32f0xx_hal.c ****   *       is called, the the SysTick interrupt will be enabled and so Tick increment 
 397:Drivers/STM32F0xx_HAL_Driver/Src/stm32f0xx_hal.c ****   *       is resumed.
 398:Drivers/STM32F0xx_HAL_Driver/Src/stm32f0xx_hal.c ****   * @note This function is declared as __weak  to be overwritten  in case of other
 399:Drivers/STM32F0xx_HAL_Driver/Src/stm32f0xx_hal.c ****   *       implementations in user file.
 400:Drivers/STM32F0xx_HAL_Driver/Src/stm32f0xx_hal.c ****   * @retval None
 401:Drivers/STM32F0xx_HAL_Driver/Src/stm32f0xx_hal.c ****   */
 402:Drivers/STM32F0xx_HAL_Driver/Src/stm32f0xx_hal.c **** __weak void HAL_ResumeTick(void)
 403:Drivers/STM32F0xx_HAL_Driver/Src/stm32f0xx_hal.c **** {
 532              		.loc 1 403 1 is_stmt 1 view -0
 533              		.cfi_startproc
 534              		@ args = 0, pretend = 0, frame = 0
 535              		@ frame_needed = 0, uses_anonymous_args = 0
 536              		@ link register save eliminated.
 404:Drivers/STM32F0xx_HAL_Driver/Src/stm32f0xx_hal.c ****   /* Enable SysTick Interrupt */
 405:Drivers/STM32F0xx_HAL_Driver/Src/stm32f0xx_hal.c ****   SET_BIT(SysTick->CTRL,SysTick_CTRL_TICKINT_Msk);
 537              		.loc 1 405 3 view .LVU101
 538 0000 024A     		ldr	r2, .L44
 539 0002 1368     		ldr	r3, [r2]
 540 0004 0221     		movs	r1, #2
 541 0006 0B43     		orrs	r3, r1
 542 0008 1360     		str	r3, [r2]
 406:Drivers/STM32F0xx_HAL_Driver/Src/stm32f0xx_hal.c **** }
 543              		.loc 1 406 1 is_stmt 0 view .LVU102
 544              		@ sp needed
 545 000a 7047     		bx	lr
 546              	.L45:
 547              		.align	2
 548              	.L44:
 549 000c 10E000E0 		.word	-536813552
 550              		.cfi_endproc
 551              	.LFE52:
 553              		.section	.text.HAL_GetHalVersion,"ax",%progbits
 554              		.align	1
ARM GAS  /tmp/ccMNkUFI.s 			page 18


 555              		.global	HAL_GetHalVersion
 556              		.syntax unified
 557              		.code	16
 558              		.thumb_func
 560              	HAL_GetHalVersion:
 561              	.LFB53:
 407:Drivers/STM32F0xx_HAL_Driver/Src/stm32f0xx_hal.c **** 
 408:Drivers/STM32F0xx_HAL_Driver/Src/stm32f0xx_hal.c **** /**
 409:Drivers/STM32F0xx_HAL_Driver/Src/stm32f0xx_hal.c ****   * @brief  This method returns the HAL revision
 410:Drivers/STM32F0xx_HAL_Driver/Src/stm32f0xx_hal.c ****   * @retval version 0xXYZR (8bits for each decimal, R for RC)
 411:Drivers/STM32F0xx_HAL_Driver/Src/stm32f0xx_hal.c ****   */
 412:Drivers/STM32F0xx_HAL_Driver/Src/stm32f0xx_hal.c **** uint32_t HAL_GetHalVersion(void)
 413:Drivers/STM32F0xx_HAL_Driver/Src/stm32f0xx_hal.c **** {
 562              		.loc 1 413 1 is_stmt 1 view -0
 563              		.cfi_startproc
 564              		@ args = 0, pretend = 0, frame = 0
 565              		@ frame_needed = 0, uses_anonymous_args = 0
 566              		@ link register save eliminated.
 414:Drivers/STM32F0xx_HAL_Driver/Src/stm32f0xx_hal.c ****  return __STM32F0xx_HAL_VERSION;
 567              		.loc 1 414 2 view .LVU104
 415:Drivers/STM32F0xx_HAL_Driver/Src/stm32f0xx_hal.c **** }
 568              		.loc 1 415 1 is_stmt 0 view .LVU105
 569 0000 0048     		ldr	r0, .L47
 570              		@ sp needed
 571 0002 7047     		bx	lr
 572              	.L48:
 573              		.align	2
 574              	.L47:
 575 0004 00080701 		.word	17238016
 576              		.cfi_endproc
 577              	.LFE53:
 579              		.section	.text.HAL_GetREVID,"ax",%progbits
 580              		.align	1
 581              		.global	HAL_GetREVID
 582              		.syntax unified
 583              		.code	16
 584              		.thumb_func
 586              	HAL_GetREVID:
 587              	.LFB54:
 416:Drivers/STM32F0xx_HAL_Driver/Src/stm32f0xx_hal.c **** 
 417:Drivers/STM32F0xx_HAL_Driver/Src/stm32f0xx_hal.c **** /**
 418:Drivers/STM32F0xx_HAL_Driver/Src/stm32f0xx_hal.c ****   * @brief  Returns the device revision identifier.
 419:Drivers/STM32F0xx_HAL_Driver/Src/stm32f0xx_hal.c ****   * @retval Device revision identifier
 420:Drivers/STM32F0xx_HAL_Driver/Src/stm32f0xx_hal.c ****   */
 421:Drivers/STM32F0xx_HAL_Driver/Src/stm32f0xx_hal.c **** uint32_t HAL_GetREVID(void)
 422:Drivers/STM32F0xx_HAL_Driver/Src/stm32f0xx_hal.c **** {
 588              		.loc 1 422 1 is_stmt 1 view -0
 589              		.cfi_startproc
 590              		@ args = 0, pretend = 0, frame = 0
 591              		@ frame_needed = 0, uses_anonymous_args = 0
 592              		@ link register save eliminated.
 423:Drivers/STM32F0xx_HAL_Driver/Src/stm32f0xx_hal.c ****    return((DBGMCU->IDCODE) >> 16U);
 593              		.loc 1 423 4 view .LVU107
 594              		.loc 1 423 18 is_stmt 0 view .LVU108
 595 0000 014B     		ldr	r3, .L50
 596 0002 1868     		ldr	r0, [r3]
 597              		.loc 1 423 28 view .LVU109
ARM GAS  /tmp/ccMNkUFI.s 			page 19


 598 0004 000C     		lsrs	r0, r0, #16
 424:Drivers/STM32F0xx_HAL_Driver/Src/stm32f0xx_hal.c **** }
 599              		.loc 1 424 1 view .LVU110
 600              		@ sp needed
 601 0006 7047     		bx	lr
 602              	.L51:
 603              		.align	2
 604              	.L50:
 605 0008 00580140 		.word	1073829888
 606              		.cfi_endproc
 607              	.LFE54:
 609              		.section	.text.HAL_GetDEVID,"ax",%progbits
 610              		.align	1
 611              		.global	HAL_GetDEVID
 612              		.syntax unified
 613              		.code	16
 614              		.thumb_func
 616              	HAL_GetDEVID:
 617              	.LFB55:
 425:Drivers/STM32F0xx_HAL_Driver/Src/stm32f0xx_hal.c **** 
 426:Drivers/STM32F0xx_HAL_Driver/Src/stm32f0xx_hal.c **** /**
 427:Drivers/STM32F0xx_HAL_Driver/Src/stm32f0xx_hal.c ****   * @brief  Returns the device identifier.
 428:Drivers/STM32F0xx_HAL_Driver/Src/stm32f0xx_hal.c ****   * @retval Device identifier
 429:Drivers/STM32F0xx_HAL_Driver/Src/stm32f0xx_hal.c ****   */
 430:Drivers/STM32F0xx_HAL_Driver/Src/stm32f0xx_hal.c **** uint32_t HAL_GetDEVID(void)
 431:Drivers/STM32F0xx_HAL_Driver/Src/stm32f0xx_hal.c **** {
 618              		.loc 1 431 1 is_stmt 1 view -0
 619              		.cfi_startproc
 620              		@ args = 0, pretend = 0, frame = 0
 621              		@ frame_needed = 0, uses_anonymous_args = 0
 622              		@ link register save eliminated.
 432:Drivers/STM32F0xx_HAL_Driver/Src/stm32f0xx_hal.c ****    return((DBGMCU->IDCODE) & IDCODE_DEVID_MASK);
 623              		.loc 1 432 4 view .LVU112
 624              		.loc 1 432 18 is_stmt 0 view .LVU113
 625 0000 024B     		ldr	r3, .L53
 626 0002 1868     		ldr	r0, [r3]
 627              		.loc 1 432 28 view .LVU114
 628 0004 0005     		lsls	r0, r0, #20
 629 0006 000D     		lsrs	r0, r0, #20
 433:Drivers/STM32F0xx_HAL_Driver/Src/stm32f0xx_hal.c **** }
 630              		.loc 1 433 1 view .LVU115
 631              		@ sp needed
 632 0008 7047     		bx	lr
 633              	.L54:
 634 000a C046     		.align	2
 635              	.L53:
 636 000c 00580140 		.word	1073829888
 637              		.cfi_endproc
 638              	.LFE55:
 640              		.section	.text.HAL_GetUIDw0,"ax",%progbits
 641              		.align	1
 642              		.global	HAL_GetUIDw0
 643              		.syntax unified
 644              		.code	16
 645              		.thumb_func
 647              	HAL_GetUIDw0:
 648              	.LFB56:
ARM GAS  /tmp/ccMNkUFI.s 			page 20


 434:Drivers/STM32F0xx_HAL_Driver/Src/stm32f0xx_hal.c **** 
 435:Drivers/STM32F0xx_HAL_Driver/Src/stm32f0xx_hal.c **** /**
 436:Drivers/STM32F0xx_HAL_Driver/Src/stm32f0xx_hal.c ****   * @brief  Returns first word of the unique device identifier (UID based on 96 bits)
 437:Drivers/STM32F0xx_HAL_Driver/Src/stm32f0xx_hal.c ****   * @retval Device identifier
 438:Drivers/STM32F0xx_HAL_Driver/Src/stm32f0xx_hal.c ****   */
 439:Drivers/STM32F0xx_HAL_Driver/Src/stm32f0xx_hal.c **** uint32_t HAL_GetUIDw0(void)
 440:Drivers/STM32F0xx_HAL_Driver/Src/stm32f0xx_hal.c **** {
 649              		.loc 1 440 1 is_stmt 1 view -0
 650              		.cfi_startproc
 651              		@ args = 0, pretend = 0, frame = 0
 652              		@ frame_needed = 0, uses_anonymous_args = 0
 653              		@ link register save eliminated.
 441:Drivers/STM32F0xx_HAL_Driver/Src/stm32f0xx_hal.c ****    return(READ_REG(*((uint32_t *)UID_BASE)));
 654              		.loc 1 441 4 view .LVU117
 655              		.loc 1 441 11 is_stmt 0 view .LVU118
 656 0000 014B     		ldr	r3, .L56
 657              		.loc 1 441 11 discriminator 1 view .LVU119
 658 0002 1868     		ldr	r0, [r3]
 442:Drivers/STM32F0xx_HAL_Driver/Src/stm32f0xx_hal.c **** }
 659              		.loc 1 442 1 view .LVU120
 660              		@ sp needed
 661 0004 7047     		bx	lr
 662              	.L57:
 663 0006 C046     		.align	2
 664              	.L56:
 665 0008 ACF7FF1F 		.word	536868780
 666              		.cfi_endproc
 667              	.LFE56:
 669              		.section	.text.HAL_GetUIDw1,"ax",%progbits
 670              		.align	1
 671              		.global	HAL_GetUIDw1
 672              		.syntax unified
 673              		.code	16
 674              		.thumb_func
 676              	HAL_GetUIDw1:
 677              	.LFB57:
 443:Drivers/STM32F0xx_HAL_Driver/Src/stm32f0xx_hal.c **** 
 444:Drivers/STM32F0xx_HAL_Driver/Src/stm32f0xx_hal.c **** /**
 445:Drivers/STM32F0xx_HAL_Driver/Src/stm32f0xx_hal.c ****   * @brief  Returns second word of the unique device identifier (UID based on 96 bits)
 446:Drivers/STM32F0xx_HAL_Driver/Src/stm32f0xx_hal.c ****   * @retval Device identifier
 447:Drivers/STM32F0xx_HAL_Driver/Src/stm32f0xx_hal.c ****   */
 448:Drivers/STM32F0xx_HAL_Driver/Src/stm32f0xx_hal.c **** uint32_t HAL_GetUIDw1(void)
 449:Drivers/STM32F0xx_HAL_Driver/Src/stm32f0xx_hal.c **** {
 678              		.loc 1 449 1 is_stmt 1 view -0
 679              		.cfi_startproc
 680              		@ args = 0, pretend = 0, frame = 0
 681              		@ frame_needed = 0, uses_anonymous_args = 0
 682              		@ link register save eliminated.
 450:Drivers/STM32F0xx_HAL_Driver/Src/stm32f0xx_hal.c ****    return(READ_REG(*((uint32_t *)(UID_BASE + 4U))));
 683              		.loc 1 450 4 view .LVU122
 684              		.loc 1 450 11 is_stmt 0 view .LVU123
 685 0000 014B     		ldr	r3, .L59
 686              		.loc 1 450 11 discriminator 1 view .LVU124
 687 0002 1868     		ldr	r0, [r3]
 451:Drivers/STM32F0xx_HAL_Driver/Src/stm32f0xx_hal.c **** }
 688              		.loc 1 451 1 view .LVU125
 689              		@ sp needed
ARM GAS  /tmp/ccMNkUFI.s 			page 21


 690 0004 7047     		bx	lr
 691              	.L60:
 692 0006 C046     		.align	2
 693              	.L59:
 694 0008 B0F7FF1F 		.word	536868784
 695              		.cfi_endproc
 696              	.LFE57:
 698              		.section	.text.HAL_GetUIDw2,"ax",%progbits
 699              		.align	1
 700              		.global	HAL_GetUIDw2
 701              		.syntax unified
 702              		.code	16
 703              		.thumb_func
 705              	HAL_GetUIDw2:
 706              	.LFB58:
 452:Drivers/STM32F0xx_HAL_Driver/Src/stm32f0xx_hal.c **** 
 453:Drivers/STM32F0xx_HAL_Driver/Src/stm32f0xx_hal.c **** /**
 454:Drivers/STM32F0xx_HAL_Driver/Src/stm32f0xx_hal.c ****   * @brief  Returns third word of the unique device identifier (UID based on 96 bits)
 455:Drivers/STM32F0xx_HAL_Driver/Src/stm32f0xx_hal.c ****   * @retval Device identifier
 456:Drivers/STM32F0xx_HAL_Driver/Src/stm32f0xx_hal.c ****   */
 457:Drivers/STM32F0xx_HAL_Driver/Src/stm32f0xx_hal.c **** uint32_t HAL_GetUIDw2(void)
 458:Drivers/STM32F0xx_HAL_Driver/Src/stm32f0xx_hal.c **** {
 707              		.loc 1 458 1 is_stmt 1 view -0
 708              		.cfi_startproc
 709              		@ args = 0, pretend = 0, frame = 0
 710              		@ frame_needed = 0, uses_anonymous_args = 0
 711              		@ link register save eliminated.
 459:Drivers/STM32F0xx_HAL_Driver/Src/stm32f0xx_hal.c ****    return(READ_REG(*((uint32_t *)(UID_BASE + 8U))));
 712              		.loc 1 459 4 view .LVU127
 713              		.loc 1 459 11 is_stmt 0 view .LVU128
 714 0000 014B     		ldr	r3, .L62
 715              		.loc 1 459 11 discriminator 1 view .LVU129
 716 0002 1868     		ldr	r0, [r3]
 460:Drivers/STM32F0xx_HAL_Driver/Src/stm32f0xx_hal.c **** }
 717              		.loc 1 460 1 view .LVU130
 718              		@ sp needed
 719 0004 7047     		bx	lr
 720              	.L63:
 721 0006 C046     		.align	2
 722              	.L62:
 723 0008 B4F7FF1F 		.word	536868788
 724              		.cfi_endproc
 725              	.LFE58:
 727              		.section	.text.HAL_DBGMCU_EnableDBGStopMode,"ax",%progbits
 728              		.align	1
 729              		.global	HAL_DBGMCU_EnableDBGStopMode
 730              		.syntax unified
 731              		.code	16
 732              		.thumb_func
 734              	HAL_DBGMCU_EnableDBGStopMode:
 735              	.LFB59:
 461:Drivers/STM32F0xx_HAL_Driver/Src/stm32f0xx_hal.c **** 
 462:Drivers/STM32F0xx_HAL_Driver/Src/stm32f0xx_hal.c **** /**
 463:Drivers/STM32F0xx_HAL_Driver/Src/stm32f0xx_hal.c ****   * @brief  Enable the Debug Module during STOP mode
 464:Drivers/STM32F0xx_HAL_Driver/Src/stm32f0xx_hal.c ****   * @retval None
 465:Drivers/STM32F0xx_HAL_Driver/Src/stm32f0xx_hal.c ****   */
 466:Drivers/STM32F0xx_HAL_Driver/Src/stm32f0xx_hal.c **** void HAL_DBGMCU_EnableDBGStopMode(void)
ARM GAS  /tmp/ccMNkUFI.s 			page 22


 467:Drivers/STM32F0xx_HAL_Driver/Src/stm32f0xx_hal.c **** {
 736              		.loc 1 467 1 is_stmt 1 view -0
 737              		.cfi_startproc
 738              		@ args = 0, pretend = 0, frame = 0
 739              		@ frame_needed = 0, uses_anonymous_args = 0
 740              		@ link register save eliminated.
 468:Drivers/STM32F0xx_HAL_Driver/Src/stm32f0xx_hal.c ****   SET_BIT(DBGMCU->CR, DBGMCU_CR_DBG_STOP);
 741              		.loc 1 468 3 view .LVU132
 742 0000 024A     		ldr	r2, .L65
 743 0002 5368     		ldr	r3, [r2, #4]
 744 0004 0221     		movs	r1, #2
 745 0006 0B43     		orrs	r3, r1
 746 0008 5360     		str	r3, [r2, #4]
 469:Drivers/STM32F0xx_HAL_Driver/Src/stm32f0xx_hal.c **** }
 747              		.loc 1 469 1 is_stmt 0 view .LVU133
 748              		@ sp needed
 749 000a 7047     		bx	lr
 750              	.L66:
 751              		.align	2
 752              	.L65:
 753 000c 00580140 		.word	1073829888
 754              		.cfi_endproc
 755              	.LFE59:
 757              		.section	.text.HAL_DBGMCU_DisableDBGStopMode,"ax",%progbits
 758              		.align	1
 759              		.global	HAL_DBGMCU_DisableDBGStopMode
 760              		.syntax unified
 761              		.code	16
 762              		.thumb_func
 764              	HAL_DBGMCU_DisableDBGStopMode:
 765              	.LFB60:
 470:Drivers/STM32F0xx_HAL_Driver/Src/stm32f0xx_hal.c **** 
 471:Drivers/STM32F0xx_HAL_Driver/Src/stm32f0xx_hal.c **** /**
 472:Drivers/STM32F0xx_HAL_Driver/Src/stm32f0xx_hal.c ****   * @brief  Disable the Debug Module during STOP mode
 473:Drivers/STM32F0xx_HAL_Driver/Src/stm32f0xx_hal.c ****   * @retval None
 474:Drivers/STM32F0xx_HAL_Driver/Src/stm32f0xx_hal.c ****   */
 475:Drivers/STM32F0xx_HAL_Driver/Src/stm32f0xx_hal.c **** void HAL_DBGMCU_DisableDBGStopMode(void)
 476:Drivers/STM32F0xx_HAL_Driver/Src/stm32f0xx_hal.c **** {
 766              		.loc 1 476 1 is_stmt 1 view -0
 767              		.cfi_startproc
 768              		@ args = 0, pretend = 0, frame = 0
 769              		@ frame_needed = 0, uses_anonymous_args = 0
 770              		@ link register save eliminated.
 477:Drivers/STM32F0xx_HAL_Driver/Src/stm32f0xx_hal.c ****   CLEAR_BIT(DBGMCU->CR, DBGMCU_CR_DBG_STOP);
 771              		.loc 1 477 3 view .LVU135
 772 0000 024A     		ldr	r2, .L68
 773 0002 5368     		ldr	r3, [r2, #4]
 774 0004 0221     		movs	r1, #2
 775 0006 8B43     		bics	r3, r1
 776 0008 5360     		str	r3, [r2, #4]
 478:Drivers/STM32F0xx_HAL_Driver/Src/stm32f0xx_hal.c **** }
 777              		.loc 1 478 1 is_stmt 0 view .LVU136
 778              		@ sp needed
 779 000a 7047     		bx	lr
 780              	.L69:
 781              		.align	2
 782              	.L68:
ARM GAS  /tmp/ccMNkUFI.s 			page 23


 783 000c 00580140 		.word	1073829888
 784              		.cfi_endproc
 785              	.LFE60:
 787              		.section	.text.HAL_DBGMCU_EnableDBGStandbyMode,"ax",%progbits
 788              		.align	1
 789              		.global	HAL_DBGMCU_EnableDBGStandbyMode
 790              		.syntax unified
 791              		.code	16
 792              		.thumb_func
 794              	HAL_DBGMCU_EnableDBGStandbyMode:
 795              	.LFB61:
 479:Drivers/STM32F0xx_HAL_Driver/Src/stm32f0xx_hal.c **** 
 480:Drivers/STM32F0xx_HAL_Driver/Src/stm32f0xx_hal.c **** /**
 481:Drivers/STM32F0xx_HAL_Driver/Src/stm32f0xx_hal.c ****   * @brief  Enable the Debug Module during STANDBY mode
 482:Drivers/STM32F0xx_HAL_Driver/Src/stm32f0xx_hal.c ****   * @retval None
 483:Drivers/STM32F0xx_HAL_Driver/Src/stm32f0xx_hal.c ****   */
 484:Drivers/STM32F0xx_HAL_Driver/Src/stm32f0xx_hal.c **** void HAL_DBGMCU_EnableDBGStandbyMode(void)
 485:Drivers/STM32F0xx_HAL_Driver/Src/stm32f0xx_hal.c **** {
 796              		.loc 1 485 1 is_stmt 1 view -0
 797              		.cfi_startproc
 798              		@ args = 0, pretend = 0, frame = 0
 799              		@ frame_needed = 0, uses_anonymous_args = 0
 800              		@ link register save eliminated.
 486:Drivers/STM32F0xx_HAL_Driver/Src/stm32f0xx_hal.c ****   SET_BIT(DBGMCU->CR, DBGMCU_CR_DBG_STANDBY);
 801              		.loc 1 486 3 view .LVU138
 802 0000 024A     		ldr	r2, .L71
 803 0002 5368     		ldr	r3, [r2, #4]
 804 0004 0421     		movs	r1, #4
 805 0006 0B43     		orrs	r3, r1
 806 0008 5360     		str	r3, [r2, #4]
 487:Drivers/STM32F0xx_HAL_Driver/Src/stm32f0xx_hal.c **** }
 807              		.loc 1 487 1 is_stmt 0 view .LVU139
 808              		@ sp needed
 809 000a 7047     		bx	lr
 810              	.L72:
 811              		.align	2
 812              	.L71:
 813 000c 00580140 		.word	1073829888
 814              		.cfi_endproc
 815              	.LFE61:
 817              		.section	.text.HAL_DBGMCU_DisableDBGStandbyMode,"ax",%progbits
 818              		.align	1
 819              		.global	HAL_DBGMCU_DisableDBGStandbyMode
 820              		.syntax unified
 821              		.code	16
 822              		.thumb_func
 824              	HAL_DBGMCU_DisableDBGStandbyMode:
 825              	.LFB62:
 488:Drivers/STM32F0xx_HAL_Driver/Src/stm32f0xx_hal.c **** 
 489:Drivers/STM32F0xx_HAL_Driver/Src/stm32f0xx_hal.c **** /**
 490:Drivers/STM32F0xx_HAL_Driver/Src/stm32f0xx_hal.c ****   * @brief  Disable the Debug Module during STANDBY mode
 491:Drivers/STM32F0xx_HAL_Driver/Src/stm32f0xx_hal.c ****   * @retval None
 492:Drivers/STM32F0xx_HAL_Driver/Src/stm32f0xx_hal.c ****   */
 493:Drivers/STM32F0xx_HAL_Driver/Src/stm32f0xx_hal.c **** void HAL_DBGMCU_DisableDBGStandbyMode(void)
 494:Drivers/STM32F0xx_HAL_Driver/Src/stm32f0xx_hal.c **** {
 826              		.loc 1 494 1 is_stmt 1 view -0
 827              		.cfi_startproc
ARM GAS  /tmp/ccMNkUFI.s 			page 24


 828              		@ args = 0, pretend = 0, frame = 0
 829              		@ frame_needed = 0, uses_anonymous_args = 0
 830              		@ link register save eliminated.
 495:Drivers/STM32F0xx_HAL_Driver/Src/stm32f0xx_hal.c ****   CLEAR_BIT(DBGMCU->CR, DBGMCU_CR_DBG_STANDBY);
 831              		.loc 1 495 3 view .LVU141
 832 0000 024A     		ldr	r2, .L74
 833 0002 5368     		ldr	r3, [r2, #4]
 834 0004 0421     		movs	r1, #4
 835 0006 8B43     		bics	r3, r1
 836 0008 5360     		str	r3, [r2, #4]
 496:Drivers/STM32F0xx_HAL_Driver/Src/stm32f0xx_hal.c **** }
 837              		.loc 1 496 1 is_stmt 0 view .LVU142
 838              		@ sp needed
 839 000a 7047     		bx	lr
 840              	.L75:
 841              		.align	2
 842              	.L74:
 843 000c 00580140 		.word	1073829888
 844              		.cfi_endproc
 845              	.LFE62:
 847              		.global	uwTickFreq
 848              		.section	.data.uwTickFreq,"aw"
 851              	uwTickFreq:
 852 0000 01       		.byte	1
 853              		.global	uwTickPrio
 854              		.section	.data.uwTickPrio,"aw"
 855              		.align	2
 858              	uwTickPrio:
 859 0000 04000000 		.word	4
 860              		.global	uwTick
 861              		.section	.bss.uwTick,"aw",%nobits
 862              		.align	2
 865              	uwTick:
 866 0000 00000000 		.space	4
 867              		.text
 868              	.Letext0:
 869              		.file 2 "Drivers/CMSIS/Device/ST/STM32F0xx/Include/stm32f030x8.h"
 870              		.file 3 "/usr/arm-none-eabi/include/machine/_default_types.h"
 871              		.file 4 "/usr/arm-none-eabi/include/sys/_stdint.h"
 872              		.file 5 "Drivers/CMSIS/Include/core_cm0.h"
 873              		.file 6 "Drivers/STM32F0xx_HAL_Driver/Inc/stm32f0xx_hal_def.h"
 874              		.file 7 "Drivers/STM32F0xx_HAL_Driver/Inc/stm32f0xx_hal.h"
 875              		.file 8 "Drivers/CMSIS/Device/ST/STM32F0xx/Include/system_stm32f0xx.h"
 876              		.file 9 "Drivers/STM32F0xx_HAL_Driver/Inc/stm32f0xx_hal_cortex.h"
ARM GAS  /tmp/ccMNkUFI.s 			page 25


DEFINED SYMBOLS
                            *ABS*:00000000 stm32f0xx_hal.c
     /tmp/ccMNkUFI.s:19     .text.HAL_MspInit:00000000 $t
     /tmp/ccMNkUFI.s:25     .text.HAL_MspInit:00000000 HAL_MspInit
     /tmp/ccMNkUFI.s:39     .text.HAL_MspDeInit:00000000 $t
     /tmp/ccMNkUFI.s:45     .text.HAL_MspDeInit:00000000 HAL_MspDeInit
     /tmp/ccMNkUFI.s:59     .text.HAL_DeInit:00000000 $t
     /tmp/ccMNkUFI.s:65     .text.HAL_DeInit:00000000 HAL_DeInit
     /tmp/ccMNkUFI.s:103    .text.HAL_DeInit:00000020 $d
     /tmp/ccMNkUFI.s:108    .text.HAL_InitTick:00000000 $t
     /tmp/ccMNkUFI.s:114    .text.HAL_InitTick:00000000 HAL_InitTick
     /tmp/ccMNkUFI.s:189    .text.HAL_InitTick:00000044 $d
     /tmp/ccMNkUFI.s:851    .data.uwTickFreq:00000000 uwTickFreq
     /tmp/ccMNkUFI.s:858    .data.uwTickPrio:00000000 uwTickPrio
     /tmp/ccMNkUFI.s:196    .text.HAL_Init:00000000 $t
     /tmp/ccMNkUFI.s:202    .text.HAL_Init:00000000 HAL_Init
     /tmp/ccMNkUFI.s:234    .text.HAL_Init:0000001c $d
     /tmp/ccMNkUFI.s:239    .text.HAL_IncTick:00000000 $t
     /tmp/ccMNkUFI.s:245    .text.HAL_IncTick:00000000 HAL_IncTick
     /tmp/ccMNkUFI.s:266    .text.HAL_IncTick:00000010 $d
     /tmp/ccMNkUFI.s:865    .bss.uwTick:00000000 uwTick
     /tmp/ccMNkUFI.s:272    .text.HAL_GetTick:00000000 $t
     /tmp/ccMNkUFI.s:278    .text.HAL_GetTick:00000000 HAL_GetTick
     /tmp/ccMNkUFI.s:295    .text.HAL_GetTick:00000008 $d
     /tmp/ccMNkUFI.s:300    .text.HAL_GetTickPrio:00000000 $t
     /tmp/ccMNkUFI.s:306    .text.HAL_GetTickPrio:00000000 HAL_GetTickPrio
     /tmp/ccMNkUFI.s:324    .text.HAL_GetTickPrio:00000008 $d
     /tmp/ccMNkUFI.s:329    .text.HAL_SetTickFreq:00000000 $t
     /tmp/ccMNkUFI.s:335    .text.HAL_SetTickFreq:00000000 HAL_SetTickFreq
     /tmp/ccMNkUFI.s:393    .text.HAL_SetTickFreq:00000024 $d
     /tmp/ccMNkUFI.s:399    .text.HAL_GetTickFreq:00000000 $t
     /tmp/ccMNkUFI.s:405    .text.HAL_GetTickFreq:00000000 HAL_GetTickFreq
     /tmp/ccMNkUFI.s:423    .text.HAL_GetTickFreq:00000008 $d
     /tmp/ccMNkUFI.s:428    .text.HAL_Delay:00000000 $t
     /tmp/ccMNkUFI.s:434    .text.HAL_Delay:00000000 HAL_Delay
     /tmp/ccMNkUFI.s:489    .text.HAL_Delay:00000020 $d
     /tmp/ccMNkUFI.s:494    .text.HAL_SuspendTick:00000000 $t
     /tmp/ccMNkUFI.s:500    .text.HAL_SuspendTick:00000000 HAL_SuspendTick
     /tmp/ccMNkUFI.s:519    .text.HAL_SuspendTick:0000000c $d
     /tmp/ccMNkUFI.s:524    .text.HAL_ResumeTick:00000000 $t
     /tmp/ccMNkUFI.s:530    .text.HAL_ResumeTick:00000000 HAL_ResumeTick
     /tmp/ccMNkUFI.s:549    .text.HAL_ResumeTick:0000000c $d
     /tmp/ccMNkUFI.s:554    .text.HAL_GetHalVersion:00000000 $t
     /tmp/ccMNkUFI.s:560    .text.HAL_GetHalVersion:00000000 HAL_GetHalVersion
     /tmp/ccMNkUFI.s:575    .text.HAL_GetHalVersion:00000004 $d
     /tmp/ccMNkUFI.s:580    .text.HAL_GetREVID:00000000 $t
     /tmp/ccMNkUFI.s:586    .text.HAL_GetREVID:00000000 HAL_GetREVID
     /tmp/ccMNkUFI.s:605    .text.HAL_GetREVID:00000008 $d
     /tmp/ccMNkUFI.s:610    .text.HAL_GetDEVID:00000000 $t
     /tmp/ccMNkUFI.s:616    .text.HAL_GetDEVID:00000000 HAL_GetDEVID
     /tmp/ccMNkUFI.s:636    .text.HAL_GetDEVID:0000000c $d
     /tmp/ccMNkUFI.s:641    .text.HAL_GetUIDw0:00000000 $t
     /tmp/ccMNkUFI.s:647    .text.HAL_GetUIDw0:00000000 HAL_GetUIDw0
     /tmp/ccMNkUFI.s:665    .text.HAL_GetUIDw0:00000008 $d
     /tmp/ccMNkUFI.s:670    .text.HAL_GetUIDw1:00000000 $t
     /tmp/ccMNkUFI.s:676    .text.HAL_GetUIDw1:00000000 HAL_GetUIDw1
     /tmp/ccMNkUFI.s:694    .text.HAL_GetUIDw1:00000008 $d
ARM GAS  /tmp/ccMNkUFI.s 			page 26


     /tmp/ccMNkUFI.s:699    .text.HAL_GetUIDw2:00000000 $t
     /tmp/ccMNkUFI.s:705    .text.HAL_GetUIDw2:00000000 HAL_GetUIDw2
     /tmp/ccMNkUFI.s:723    .text.HAL_GetUIDw2:00000008 $d
     /tmp/ccMNkUFI.s:728    .text.HAL_DBGMCU_EnableDBGStopMode:00000000 $t
     /tmp/ccMNkUFI.s:734    .text.HAL_DBGMCU_EnableDBGStopMode:00000000 HAL_DBGMCU_EnableDBGStopMode
     /tmp/ccMNkUFI.s:753    .text.HAL_DBGMCU_EnableDBGStopMode:0000000c $d
     /tmp/ccMNkUFI.s:758    .text.HAL_DBGMCU_DisableDBGStopMode:00000000 $t
     /tmp/ccMNkUFI.s:764    .text.HAL_DBGMCU_DisableDBGStopMode:00000000 HAL_DBGMCU_DisableDBGStopMode
     /tmp/ccMNkUFI.s:783    .text.HAL_DBGMCU_DisableDBGStopMode:0000000c $d
     /tmp/ccMNkUFI.s:788    .text.HAL_DBGMCU_EnableDBGStandbyMode:00000000 $t
     /tmp/ccMNkUFI.s:794    .text.HAL_DBGMCU_EnableDBGStandbyMode:00000000 HAL_DBGMCU_EnableDBGStandbyMode
     /tmp/ccMNkUFI.s:813    .text.HAL_DBGMCU_EnableDBGStandbyMode:0000000c $d
     /tmp/ccMNkUFI.s:818    .text.HAL_DBGMCU_DisableDBGStandbyMode:00000000 $t
     /tmp/ccMNkUFI.s:824    .text.HAL_DBGMCU_DisableDBGStandbyMode:00000000 HAL_DBGMCU_DisableDBGStandbyMode
     /tmp/ccMNkUFI.s:843    .text.HAL_DBGMCU_DisableDBGStandbyMode:0000000c $d
     /tmp/ccMNkUFI.s:855    .data.uwTickPrio:00000000 $d
     /tmp/ccMNkUFI.s:862    .bss.uwTick:00000000 $d

UNDEFINED SYMBOLS
__aeabi_uidiv
HAL_SYSTICK_Config
HAL_NVIC_SetPriority
SystemCoreClock
